Archive member included because of file (symbol)

/usr/bin/../lib/gcc/arm-none-eabi/4.9.3/armv7-m/libgcc.a(_ashldi3.o)
                              obj_zoul/mmc.o (__aeabi_llsl)
/usr/bin/../lib/gcc/arm-none-eabi/4.9.3/armv7-m/libgcc.a(_aeabi_ldivmod.o)
                              obj_zoul/tsch-adaptive-timesync.o (__aeabi_ldivmod)
/usr/bin/../lib/gcc/arm-none-eabi/4.9.3/armv7-m/libgcc.a(_aeabi_uldivmod.o)
                              obj_zoul/spi-legacy.o (__aeabi_uldivmod)
/usr/bin/../lib/gcc/arm-none-eabi/4.9.3/armv7-m/libgcc.a(bpabi.o)
                              /usr/bin/../lib/gcc/arm-none-eabi/4.9.3/armv7-m/libgcc.a(_aeabi_ldivmod.o) (__gnu_ldivmod_helper)
/usr/bin/../lib/gcc/arm-none-eabi/4.9.3/armv7-m/libgcc.a(_dvmd_tls.o)
                              /usr/bin/../lib/gcc/arm-none-eabi/4.9.3/armv7-m/libgcc.a(_aeabi_ldivmod.o) (__aeabi_ldiv0)
/usr/bin/../lib/gcc/arm-none-eabi/4.9.3/armv7-m/libgcc.a(_divdi3.o)
                              /usr/bin/../lib/gcc/arm-none-eabi/4.9.3/armv7-m/libgcc.a(bpabi.o) (__divdi3)
/usr/bin/../lib/gcc/arm-none-eabi/4.9.3/armv7-m/libgcc.a(_udivdi3.o)
                              /usr/bin/../lib/gcc/arm-none-eabi/4.9.3/armv7-m/libgcc.a(bpabi.o) (__udivdi3)
/usr/bin/../lib/gcc/arm-none-eabi/4.9.3/../../../../arm-none-eabi/lib/armv7-m/libc.a(lib_a-ctype_.o)
                              obj_zoul/resolv.o (__ctype_ptr__)
/usr/bin/../lib/gcc/arm-none-eabi/4.9.3/../../../../arm-none-eabi/lib/armv7-m/libc.a(lib_a-malloc.o)
                              obj_zoul/syscall.o (malloc)
/usr/bin/../lib/gcc/arm-none-eabi/4.9.3/../../../../arm-none-eabi/lib/armv7-m/libc.a(lib_a-mallocr.o)
                              /usr/bin/../lib/gcc/arm-none-eabi/4.9.3/../../../../arm-none-eabi/lib/armv7-m/libc.a(lib_a-malloc.o) (_malloc_r)
/usr/bin/../lib/gcc/arm-none-eabi/4.9.3/../../../../arm-none-eabi/lib/armv7-m/libc.a(lib_a-memcmp.o)
                              obj_zoul/linkaddr.o (memcmp)
/usr/bin/../lib/gcc/arm-none-eabi/4.9.3/../../../../arm-none-eabi/lib/armv7-m/libc.a(lib_a-memcpy.o)
                              obj_zoul/ecc-algorithm.o (memcpy)
/usr/bin/../lib/gcc/arm-none-eabi/4.9.3/../../../../arm-none-eabi/lib/armv7-m/libc.a(lib_a-memmove.o)
                              obj_zoul/tsch-packet.o (memmove)
/usr/bin/../lib/gcc/arm-none-eabi/4.9.3/../../../../arm-none-eabi/lib/armv7-m/libc.a(lib_a-memset.o)
                              obj_zoul/udma.o (memset)
/usr/bin/../lib/gcc/arm-none-eabi/4.9.3/../../../../arm-none-eabi/lib/armv7-m/libc.a(lib_a-mlock.o)
                              /usr/bin/../lib/gcc/arm-none-eabi/4.9.3/../../../../arm-none-eabi/lib/armv7-m/libc.a(lib_a-mallocr.o) (__malloc_lock)
/usr/bin/../lib/gcc/arm-none-eabi/4.9.3/../../../../arm-none-eabi/lib/armv7-m/libc.a(lib_a-reent.o)
                              obj_zoul/syscalls.o (errno)
/usr/bin/../lib/gcc/arm-none-eabi/4.9.3/../../../../arm-none-eabi/lib/armv7-m/libc.a(lib_a-sbrkr.o)
                              /usr/bin/../lib/gcc/arm-none-eabi/4.9.3/../../../../arm-none-eabi/lib/armv7-m/libc.a(lib_a-mallocr.o) (_sbrk_r)
/usr/bin/../lib/gcc/arm-none-eabi/4.9.3/../../../../arm-none-eabi/lib/armv7-m/libc.a(lib_a-strcasecmp.o)
                              obj_zoul/resolv.o (strcasecmp)
/usr/bin/../lib/gcc/arm-none-eabi/4.9.3/../../../../arm-none-eabi/lib/armv7-m/libc.a(lib_a-strcat.o)
                              obj_zoul/tsch-schedule.o (strcat)
/usr/bin/../lib/gcc/arm-none-eabi/4.9.3/../../../../arm-none-eabi/lib/armv7-m/libc.a(lib_a-strchr.o)
                              obj_zoul/shell.o (strchr)
/usr/bin/../lib/gcc/arm-none-eabi/4.9.3/../../../../arm-none-eabi/lib/armv7-m/libc.a(lib_a-strcmp.o)
                              obj_zoul/cfs-coffee.o (strcmp)
/usr/bin/../lib/gcc/arm-none-eabi/4.9.3/../../../../arm-none-eabi/lib/armv7-m/libc.a(lib_a-strcpy.o)
                              /usr/bin/../lib/gcc/arm-none-eabi/4.9.3/../../../../arm-none-eabi/lib/armv7-m/libc.a(lib_a-strcat.o) (strcpy)
/usr/bin/../lib/gcc/arm-none-eabi/4.9.3/../../../../arm-none-eabi/lib/armv7-m/libc.a(lib_a-strlen.o)
                              obj_zoul/sensors.o (strlen)
/usr/bin/../lib/gcc/arm-none-eabi/4.9.3/../../../../arm-none-eabi/lib/armv7-m/libc.a(lib_a-strncasecmp.o)
                              obj_zoul/resolv.o (strncasecmp)
/usr/bin/../lib/gcc/arm-none-eabi/4.9.3/../../../../arm-none-eabi/lib/armv7-m/libc.a(lib_a-strncat.o)
                              obj_zoul/resolv.o (strncat)
/usr/bin/../lib/gcc/arm-none-eabi/4.9.3/../../../../arm-none-eabi/lib/armv7-m/libc.a(lib_a-strncmp.o)
                              obj_zoul/sensors.o (strncmp)
/usr/bin/../lib/gcc/arm-none-eabi/4.9.3/../../../../arm-none-eabi/lib/armv7-m/libc.a(lib_a-strncpy.o)
                              obj_zoul/cfs-coffee.o (strncpy)
/usr/bin/../lib/gcc/arm-none-eabi/4.9.3/../../../../arm-none-eabi/lib/armv7-m/libc.a(lib_a-strtol.o)
                              obj_zoul/shell-commands.o (strtol)
[...]
Memory Configuration

Name             Origin             Length             Attributes
FLASH_FW         0x00202000         0x0007dfd4         xr
FLASH_CCA        0x0027ffd4         0x0000002c         xr
NRSRAM           0x20000000         0x00004000         xrw
FRSRAM           0x20004000         0x00004000         xrw
*default*        0x00000000         0xffffffff

Linker script and memory map

LOAD obj_zoul/startup-gcc.o
LOAD obj_zoul/platform.o
LOAD obj_zoul/leds-arch.o
LOAD obj_zoul/leds.o
LOAD obj_zoul/cc1200-zoul-arch.o
LOAD obj_zoul/adc-zoul.o
LOAD obj_zoul/board-buttons.o
LOAD obj_zoul/zoul-sensors.o
LOAD obj_zoul/user-sensor.o
LOAD obj_zoul/board.o
LOAD obj_zoul/antenna-sw.o
LOAD obj_zoul/mmc-arch.o
LOAD obj_zoul/rtcc.o
LOAD obj_zoul/power-mgmt.o
LOAD obj_zoul/soc.o
LOAD obj_zoul/clock.o
LOAD obj_zoul/rtimer-arch.o
LOAD obj_zoul/uart.o
LOAD obj_zoul/watchdog.o
LOAD obj_zoul/nvic.o
LOAD obj_zoul/sys-ctrl.o
LOAD obj_zoul/gpio.o
LOAD obj_zoul/ioc.o
LOAD obj_zoul/spi-legacy.o
LOAD obj_zoul/adc.o
LOAD obj_zoul/spi-arch.o
LOAD obj_zoul/crypto.o
LOAD obj_zoul/aes.o
LOAD obj_zoul/ecb.o
LOAD obj_zoul/cbc.o
LOAD obj_zoul/ctr.o
LOAD obj_zoul/cbc-mac.o
LOAD obj_zoul/gcm.o
LOAD obj_zoul/ccm.o
LOAD obj_zoul/sha256.o
LOAD obj_zoul/gpio-hal-arch.o
LOAD obj_zoul/cc2538-aes-128.o
LOAD obj_zoul/cc2538-ccm-star.o
LOAD obj_zoul/cc2538-rf.o
LOAD obj_zoul/udma.o
LOAD obj_zoul/lpm.o
LOAD obj_zoul/int-master.o
LOAD obj_zoul/pka.o
LOAD obj_zoul/bignum-driver.o
LOAD obj_zoul/ecc-driver.o
LOAD obj_zoul/ecc-algorithm.o
LOAD obj_zoul/ecc-curve.o
LOAD obj_zoul/dbg.o
LOAD obj_zoul/ieee-addr.o
LOAD obj_zoul/slip-arch.o
LOAD obj_zoul/slip.o
LOAD obj_zoul/i2c.o
LOAD obj_zoul/cc2538-temp-sensor.o
LOAD obj_zoul/vdd3-sensor.o
LOAD obj_zoul/cfs-coffee.o
LOAD obj_zoul/cfs-coffee-arch.o
LOAD obj_zoul/pwm.o
LOAD obj_zoul/usb-core.o
LOAD obj_zoul/cdc-acm.o
LOAD obj_zoul/usb-arch.o
LOAD obj_zoul/usb-serial.o
LOAD obj_zoul/cdc-acm-descriptors.o
LOAD obj_zoul/serial-shell.o
LOAD obj_zoul/shell.o
LOAD obj_zoul/shell-commands.o
LOAD obj_zoul/contiki-main.o
LOAD obj_zoul/autostart.o
LOAD obj_zoul/compower.o
LOAD obj_zoul/ctimer.o
LOAD obj_zoul/energest.o
LOAD obj_zoul/etimer.o
LOAD obj_zoul/log.o
LOAD obj_zoul/mutex.o
LOAD obj_zoul/node-id.o
LOAD obj_zoul/process.o
LOAD obj_zoul/rtimer.o
LOAD obj_zoul/stack-check.o
LOAD obj_zoul/stimer.o
LOAD obj_zoul/timer.o
LOAD obj_zoul/button-hal.o
LOAD obj_zoul/gpio-hal.o
LOAD obj_zoul/nullradio.o
LOAD obj_zoul/serial-line.o
LOAD obj_zoul/spi.o
LOAD obj_zoul/aes-128.o
LOAD obj_zoul/assert.o
LOAD obj_zoul/ccm-star.o
LOAD obj_zoul/circular-list.o
LOAD obj_zoul/crc16.o
LOAD obj_zoul/dbl-circ-list.o
LOAD obj_zoul/dbl-list.o
LOAD obj_zoul/heapmem.o
LOAD obj_zoul/ifft.o
LOAD obj_zoul/list.o
LOAD obj_zoul/memb.o
LOAD obj_zoul/random.o
LOAD obj_zoul/ringbuf.o
LOAD obj_zoul/ringbufindex.o
LOAD obj_zoul/sensors.o
LOAD obj_zoul/trickle-timer.o
LOAD obj_zoul/linkaddr.o
LOAD obj_zoul/link-stats.o
LOAD obj_zoul/nbr-table.o
LOAD obj_zoul/net-debug.o
LOAD obj_zoul/netstack.o
LOAD obj_zoul/packetbuf.o
LOAD obj_zoul/queuebuf.o
LOAD obj_zoul/mac.o
LOAD obj_zoul/mac-sequence.o
LOAD obj_zoul/frame802154.o
LOAD obj_zoul/frame802154e-ie.o
LOAD obj_zoul/framer-802154.o
LOAD obj_zoul/nullframer.o
LOAD obj_zoul/ff.o
LOAD obj_zoul/syscall.o
LOAD obj_zoul/unicode.o
LOAD obj_zoul/diskio.o
LOAD obj_zoul/mmc.o
LOAD obj_zoul/syscalls.o
LOAD obj_zoul/printf.o
LOAD obj_zoul/putchar.o
LOAD obj_zoul/puts.o
LOAD obj_zoul/snprintf.o
LOAD obj_zoul/sprintf.o
LOAD obj_zoul/strformat.o
LOAD obj_zoul/cc1200-802154g-863-870-fsk-50kbps.o
LOAD obj_zoul/cc1200-868-4gfsk-1000kbps.o
LOAD obj_zoul/cc1200-868-fsk-1-2kbps.o
LOAD obj_zoul/cc1200.o
LOAD obj_zoul/rgb-led.o
LOAD obj_zoul/tsch-adaptive-timesync.o
LOAD obj_zoul/tsch.o
LOAD obj_zoul/tsch-log.o
LOAD obj_zoul/tsch-packet.o
LOAD obj_zoul/tsch-queue.o
LOAD obj_zoul/tsch-rpl.o
LOAD obj_zoul/tsch-schedule.o
LOAD obj_zoul/tsch-security.o
LOAD obj_zoul/tsch-slot-operation.o
LOAD obj_zoul/tsch-stats.o
LOAD obj_zoul/tsch-timeslot-timing.o
LOAD obj_zoul/ip64-addr.o
LOAD obj_zoul/psock.o
LOAD obj_zoul/resolv.o
LOAD obj_zoul/sicslowpan.o
LOAD obj_zoul/simple-udp.o
LOAD obj_zoul/tcpip.o
LOAD obj_zoul/tcp-socket.o
LOAD obj_zoul/udp-socket.o
LOAD obj_zoul/uip6.o
LOAD obj_zoul/uipbuf.o
LOAD obj_zoul/uip-ds6.o
LOAD obj_zoul/uip-ds6-nbr.o
LOAD obj_zoul/uip-ds6-route.o
LOAD obj_zoul/uip-icmp6.o
LOAD obj_zoul/uiplib.o
LOAD obj_zoul/uip-nameserver.o
LOAD obj_zoul/uip-nd6.o
LOAD obj_zoul/uip-packetqueue.o
LOAD obj_zoul/uip-sr.o
LOAD obj_zoul/uip-udp-packet.o
LOAD obj_zoul/rpl.o
LOAD obj_zoul/rpl-dag.o
LOAD obj_zoul/rpl-dag-root.o
LOAD obj_zoul/rpl-ext-header.o
LOAD obj_zoul/rpl-icmp6.o
LOAD obj_zoul/rpl-mrhof.o
LOAD obj_zoul/rpl-nbr-policy.o
LOAD obj_zoul/rpl-neighbor.o
LOAD obj_zoul/rpl-of0.o
LOAD obj_zoul/rpl-timers.o
LOAD node.o
START GROUP
LOAD /usr/bin/../lib/gcc/arm-none-eabi/4.9.3/../../../../arm-none-eabi/lib/armv7-m/libm.a
END GROUP
START GROUP
LOAD /usr/bin/../lib/gcc/arm-none-eabi/4.9.3/armv7-m/libgcc.a
LOAD /usr/bin/../lib/gcc/arm-none-eabi/4.9.3/../../../../arm-none-eabi/lib/armv7-m/libc.a
END GROUP

.text           0x00202000    0x15b73
                0x00202000                _text = .
 *(SORT(.vectors))
 .vectors       0x00202000      0x28c obj_zoul/startup-gcc.o
                0x00202000                vectors
 *(SORT(.text*))
 .text.reset_handler
                0x0020228c       0x40 obj_zoul/startup-gcc.o
                0x0020228c                reset_handler
 .text.platform_init_stage_two
                0x002022cc       0x58 obj_zoul/platform.o
                0x002022cc                platform_init_stage_two
 .text.platform_init_stage_three
                0x00202324       0x8c obj_zoul/platform.o
                0x00202324                platform_init_stage_three
 .text.radio_phy_overhead
                0x002023b0       0x18 obj_zoul/platform.o
                0x002023b0                radio_phy_overhead
 .text.radio_byte_air_time
                0x002023c8       0x18 obj_zoul/platform.o
                0x002023c8                radio_byte_air_time
 .text.radio_delay_before_tx
                0x002023e0       0x18 obj_zoul/platform.o
                0x002023e0                radio_delay_before_tx
 .text.radio_delay_before_rx
                0x002023f8       0x18 obj_zoul/platform.o
                0x002023f8                radio_delay_before_rx
 .text.radio_delay_before_detect
                0x00202410       0x18 obj_zoul/platform.o
                0x00202410                radio_delay_before_detect
 .text.radio_tsch_timeslot_timing
                0x00202428       0x1c obj_zoul/platform.o
                0x00202428                radio_tsch_timeslot_timing
 .text.leds_on  0x00202444       0x5c obj_zoul/leds.o
                0x00202444                leds_on
 .text.leds_off
                0x002024a0       0x48 obj_zoul/leds.o
                0x002024a0                leds_off
 .text.leds_init
                0x002024e8       0x44 obj_zoul/leds.o
                0x002024e8                leds_init
 .text.user_interrupt_handler
                0x0020252c       0x28 obj_zoul/user-sensor.o
 .text.configure
                0x00202554       0x7c obj_zoul/user-sensor.o
 .text.antenna_sw_config
                0x002025d0       0x30 obj_zoul/antenna-sw.o
                0x002025d0                antenna_sw_config
 .text.soc_get_rev
                0x00202600       0x18 obj_zoul/soc.o
                0x00202600                soc_get_rev
 .text.soc_print_info
                0x00202618       0x10 obj_zoul/soc.o
                0x00202618                soc_print_info
 .text.update_ticks
                0x00202628       0x4c obj_zoul/clock.o
 .text.clock_init
                0x00202674       0x4c obj_zoul/clock.o
                0x00202674                clock_init
 .text.clock_time
                0x002026c0       0x14 obj_zoul/clock.o
                0x002026c0                clock_time
 .text.clock_seconds
                0x002026d4       0x14 obj_zoul/clock.o
                0x002026d4                clock_seconds
 .text.clock_delay_usec
                0x002026e8       0x1c obj_zoul/clock.o
                0x002026e8                clock_delay_usec
 .text.clock_adjust
                0x00202704       0x20 obj_zoul/clock.o
                0x00202704                clock_adjust
 .text.rtimer_arch_next_trigger
                0x00202724        0xc obj_zoul/rtimer-arch.o
                0x00202724                rtimer_arch_next_trigger
 .text.rtimer_arch_now
                0x00202730       0x2c obj_zoul/rtimer-arch.o
                0x00202730                rtimer_arch_now
 .text.rtimer_arch_schedule
                0x0020275c       0x58 obj_zoul/rtimer-arch.o
                0x0020275c                rtimer_arch_schedule
 .text.rtimer_isr
                0x002027b4       0x2c obj_zoul/rtimer-arch.o
                0x002027b4                rtimer_isr
 .text.permit_pm1
                0x002027e0       0x24 obj_zoul/uart.o
 .text.uart_isr
                0x00202804       0x64 obj_zoul/uart.o
 .text.uart_init
                0x00202868      0x1b8 obj_zoul/uart.o
                0x00202868                uart_init
 .text.uart_set_input
                0x00202a20       0x10 obj_zoul/uart.o
                0x00202a20                uart_set_input
 .text.uart_write_byte
                0x00202a30       0x1c obj_zoul/uart.o
                0x00202a30                uart_write_byte
 .text.watchdog_init
                0x00202a4c        0xc obj_zoul/watchdog.o
                0x00202a4c                watchdog_init
 .text.watchdog_start
                0x00202a58        0xc obj_zoul/watchdog.o
                0x00202a58                watchdog_start
 .text.watchdog_periodic
                0x00202a64       0x10 obj_zoul/watchdog.o
                0x00202a64                watchdog_periodic
 .text.watchdog_reboot
                0x00202a74       0x10 obj_zoul/watchdog.o
                0x00202a74                watchdog_reboot
 .text.nvic_init
                0x00202a84       0x10 obj_zoul/nvic.o
                0x00202a84                nvic_init
 .text.sys_ctrl_init
                0x00202a94       0x74 obj_zoul/sys-ctrl.o
                0x00202a94                sys_ctrl_init
 .text.gpio_port_isr
                0x00202b08       0x48 obj_zoul/gpio.o
 .text.ioc_init
                0x00202b50       0x1c obj_zoul/ioc.o
                0x00202b50                ioc_init
 .text.ioc_set_over
                0x00202b6c       0x14 obj_zoul/ioc.o
                0x00202b6c                ioc_set_over
 .text.ioc_set_sel
                0x00202b80       0x14 obj_zoul/ioc.o
                0x00202b80                ioc_set_sel
 .text.adc_get  0x00202b94       0x78 obj_zoul/adc.o
                0x00202b94                adc_get
 .text.permit_pm1
                0x00202c0c       0x10 obj_zoul/crypto.o
 .text.crypto_isr
                0x00202c1c       0x28 obj_zoul/crypto.o
                0x00202c1c                crypto_isr
 .text.crypto_enable
                0x00202c44       0x20 obj_zoul/crypto.o
                0x00202c44                crypto_enable
 .text.crypto_init
                0x00202c64       0x3c obj_zoul/crypto.o
                0x00202c64                crypto_init
 .text.crypto_disable
                0x00202ca0       0x20 obj_zoul/crypto.o
                0x00202ca0                crypto_disable
 .text.gpio_hal_arch_pin_cfg_set
                0x00202cc0       0xe8 obj_zoul/gpio-hal-arch.o
                0x00202cc0                gpio_hal_arch_pin_cfg_set
 .text.on       0x00202da8       0x28 obj_zoul/cc2538-rf.o
 .text.off      0x00202dd0       0x40 obj_zoul/cc2538-rf.o
 .text.set_channel
                0x00202e10       0x38 obj_zoul/cc2538-rf.o
 .text.channel_clear
                0x00202e48       0x3c obj_zoul/cc2538-rf.o
 .text.receiving_packet
                0x00202e84       0x18 obj_zoul/cc2538-rf.o
 .text.pending_packet
                0x00202e9c       0x10 obj_zoul/cc2538-rf.o
 .text.get_value
                0x00202eac      0x178 obj_zoul/cc2538-rf.o
 .text.prepare  0x00203024       0x60 obj_zoul/cc2538-rf.o
 .text.transmit
                0x00203084       0x98 obj_zoul/cc2538-rf.o
 .text.set_object
                0x0020311c       0x30 obj_zoul/cc2538-rf.o
 .text.read     0x0020314c       0xe0 obj_zoul/cc2538-rf.o
 .text.get_object
                0x0020322c      0x154 obj_zoul/cc2538-rf.o
 .text.set_poll_mode
                0x00203380       0x9c obj_zoul/cc2538-rf.o
 .text.init     0x0020341c       0xe8 obj_zoul/cc2538-rf.o
 .text.process_thread_cc2538_rf_process
                0x00203504       0x90 obj_zoul/cc2538-rf.o
 .text.set_value
                0x00203594      0x188 obj_zoul/cc2538-rf.o
 .text.cc2538_rf_rx_tx_isr
                0x0020371c       0x24 obj_zoul/cc2538-rf.o
                0x0020371c                cc2538_rf_rx_tx_isr
 .text.cc2538_rf_err_isr
                0x00203740       0x28 obj_zoul/cc2538-rf.o
                0x00203740                cc2538_rf_err_isr
 .text.udma_init
                0x00203768       0x34 obj_zoul/udma.o
                0x00203768                udma_init
 .text.udma_set_channel_src
                0x0020379c       0x10 obj_zoul/udma.o
                0x0020379c                udma_set_channel_src
 .text.udma_set_channel_dst
                0x002037ac       0x14 obj_zoul/udma.o
                0x002037ac                udma_set_channel_dst
 .text.udma_set_channel_control_word
                0x002037c0       0x14 obj_zoul/udma.o
                0x002037c0                udma_set_channel_control_word
 .text.udma_channel_enable
                0x002037d4       0x18 obj_zoul/udma.o
                0x002037d4                udma_channel_enable
 .text.udma_channel_mask_set
                0x002037ec       0x18 obj_zoul/udma.o
                0x002037ec                udma_channel_mask_set
 .text.udma_channel_sw_request
                0x00203804       0x18 obj_zoul/udma.o
                0x00203804                udma_channel_sw_request
 .text.udma_channel_get_mode
                0x0020381c       0x1c obj_zoul/udma.o
                0x0020381c                udma_channel_get_mode
 .text.udma_isr
                0x00203838       0x10 obj_zoul/udma.o
                0x00203838                udma_isr
 .text.udma_err_isr
                0x00203848        0xc obj_zoul/udma.o
                0x00203848                udma_err_isr
 .text.select_32_mhz_xosc
                0x00203854       0x2c obj_zoul/lpm.o
 .text.lpm_exit
                0x00203880       0x30 obj_zoul/lpm.o
                0x00203880                lpm_exit
 .text.lpm_enter
                0x002038b0       0xb4 obj_zoul/lpm.o
                0x002038b0                lpm_enter
 .text.lpm_register_peripheral
                0x00203964       0x20 obj_zoul/lpm.o
                0x00203964                lpm_register_peripheral
 .text.lpm_init
                0x00203984       0x24 obj_zoul/lpm.o
                0x00203984                lpm_init
 .text.pka_isr  0x002039a8       0x28 obj_zoul/pka.o
                0x002039a8                pka_isr
 .text.ieee_addr_cpy_to
                0x002039d0       0x60 obj_zoul/ieee-addr.o
                0x002039d0                ieee_addr_cpy_to
 .text.submit_setup
                0x00203a30       0x24 obj_zoul/usb-core.o
 .text.notify_user
                0x00203a54       0x1c obj_zoul/usb-core.o
 .text.usb_set_global_event_process
                0x00203a70        0xc obj_zoul/usb-core.o
                0x00203a70                usb_set_global_event_process
 .text.usb_get_global_events
                0x00203a7c       0x10 obj_zoul/usb-core.o
                0x00203a7c                usb_get_global_events
 .text.usb_send_ctrl_response
                0x00203a8c       0x3c obj_zoul/usb-core.o
                0x00203a8c                usb_send_ctrl_response
 .text.usb_error_stall
                0x00203ac8       0x10 obj_zoul/usb-core.o
                0x00203ac8                usb_error_stall
 .text.usb_send_ctrl_status
                0x00203ad8       0x24 obj_zoul/usb-core.o
                0x00203ad8                usb_send_ctrl_status
 .text.handle_standard_requests
                0x00203afc      0x138 obj_zoul/usb-core.o
 .text.process_thread_usb_process
                0x00203c34      0x14c obj_zoul/usb-core.o
 .text.usb_get_ctrl_data
                0x00203d80       0x44 obj_zoul/usb-core.o
                0x00203d80                usb_get_ctrl_data
 .text.usb_register_request_handler
                0x00203dc4       0x18 obj_zoul/usb-core.o
                0x00203dc4                usb_register_request_handler
 .text.usb_setup
                0x00203ddc       0x30 obj_zoul/usb-core.o
                0x00203ddc                usb_setup
 .text.notify_user
                0x00203e0c       0x1c obj_zoul/cdc-acm.o
 .text.handle_cdc_acm_requests
                0x00203e28       0x90 obj_zoul/cdc-acm.o
 .text.set_line_encoding
                0x00203eb8       0x2c obj_zoul/cdc-acm.o
 .text.usb_cdc_acm_setup
                0x00203ee4        0xc obj_zoul/cdc-acm.o
                0x00203ee4                usb_cdc_acm_setup
 .text.usb_cdc_acm_get_events
                0x00203ef0       0x10 obj_zoul/cdc-acm.o
                0x00203ef0                usb_cdc_acm_get_events
 .text.usb_cdc_acm_get_line_state
                0x00203f00        0xc obj_zoul/cdc-acm.o
                0x00203f00                usb_cdc_acm_get_line_state
 .text.usb_cdc_acm_set_event_process
                0x00203f0c        0xc obj_zoul/cdc-acm.o
                0x00203f0c                usb_cdc_acm_set_event_process
 .text.permit_pm1
                0x00203f18       0x10 obj_zoul/usb-arch.o
 .text.notify_process
                0x00203f28       0x1c obj_zoul/usb-arch.o
 .text.set_stall
                0x00203f44       0x58 obj_zoul/usb-arch.o
 .text.fill_buffers
                0x00203f9c      0x10c obj_zoul/usb-arch.o
 .text.write_hw_buffer
                0x002040a8       0x60 obj_zoul/usb-arch.o
 .text.ep0_tx   0x00204108       0xd4 obj_zoul/usb-arch.o
 .text.restore_irq
                0x002041dc       0x10 obj_zoul/usb-arch.o
 .text.disable_irq
                0x002041ec       0x1c obj_zoul/usb-arch.o
 .text.ep_setup
                0x00204208       0xc0 obj_zoul/usb-arch.o
 .text.ep0_interrupt_handler
                0x002042c8      0x17c obj_zoul/usb-arch.o
 .text.out_ep_interrupt_handler
                0x00204444       0xd8 obj_zoul/usb-arch.o
 .text.usb_set_ep_event_process
                0x0020451c       0x14 obj_zoul/usb-arch.o
                0x0020451c                usb_set_ep_event_process
 .text.usb_arch_set_global_event_process
                0x00204530        0xc obj_zoul/usb-arch.o
                0x00204530                usb_arch_set_global_event_process
 .text.usb_arch_get_global_events
                0x0020453c       0x20 obj_zoul/usb-arch.o
                0x0020453c                usb_arch_get_global_events
 .text.usb_get_ep_events
                0x0020455c       0x28 obj_zoul/usb-arch.o
                0x0020455c                usb_get_ep_events
 .text.usb_submit_recv_buffer
                0x00204584       0x9c obj_zoul/usb-arch.o
                0x00204584                usb_submit_recv_buffer
 .text.usb_submit_xmit_buffer
                0x00204620      0x168 obj_zoul/usb-arch.o
                0x00204620                usb_submit_xmit_buffer
 .text.usb_arch_setup_control_endpoint
                0x00204788       0x18 obj_zoul/usb-arch.o
                0x00204788                usb_arch_setup_control_endpoint
 .text.reset    0x002047a0       0x40 obj_zoul/usb-arch.o
 .text.usb_arch_setup
                0x002047e0       0x60 obj_zoul/usb-arch.o
                0x002047e0                usb_arch_setup
 .text.usb_arch_setup_bulk_endpoint
                0x00204840       0x18 obj_zoul/usb-arch.o
                0x00204840                usb_arch_setup_bulk_endpoint
 .text.usb_arch_disable_endpoint
                0x00204858       0x94 obj_zoul/usb-arch.o
                0x00204858                usb_arch_disable_endpoint
 .text.usb_arch_discard_all_buffers
                0x002048ec       0x30 obj_zoul/usb-arch.o
                0x002048ec                usb_arch_discard_all_buffers
 .text.usb_arch_halt_endpoint
                0x0020491c       0x90 obj_zoul/usb-arch.o
                0x0020491c                usb_arch_halt_endpoint
 .text.usb_arch_get_ep_status
                0x002049ac       0x1c obj_zoul/usb-arch.o
                0x002049ac                usb_arch_get_ep_status
 .text.usb_arch_set_address
                0x002049c8        0xc obj_zoul/usb-arch.o
                0x002049c8                usb_arch_set_address
 .text.usb_arch_send_pending
                0x002049d4       0x30 obj_zoul/usb-arch.o
                0x002049d4                usb_arch_send_pending
 .text.usb_isr  0x00204a04       0xbc obj_zoul/usb-arch.o
                0x00204a04                usb_isr
 .text.queue_rx_urb
                0x00204ac0       0x20 obj_zoul/usb-serial.o
 .text.process_thread_usb_serial_process
                0x00204ae0      0x12c obj_zoul/usb-serial.o
 .text.usb_class_get_string_descriptor
                0x00204c0c       0x14 obj_zoul/usb-serial.o
                0x00204c0c                usb_class_get_string_descriptor
 .text.usb_serial_set_input
                0x00204c20        0xc obj_zoul/usb-serial.o
                0x00204c20                usb_serial_set_input
 .text.usb_serial_init
                0x00204c2c        0xc obj_zoul/usb-serial.o
                0x00204c2c                usb_serial_init
 .text.process_thread_serial_shell_process
                0x00204c38       0x58 obj_zoul/serial-shell.o
 .text.serial_shell_output
                0x00204c90        0xc obj_zoul/serial-shell.o
 .text.serial_shell_init
                0x00204c9c        0xc obj_zoul/serial-shell.o
                0x00204c9c                serial_shell_init
 .text.shell_output_6addr
                0x00204ca8       0x28 obj_zoul/shell.o
                0x00204ca8                shell_output_6addr
 .text.shell_output_lladdr
                0x00204cd0       0x58 obj_zoul/shell.o
                0x00204cd0                shell_output_lladdr
 .text.shell_input
                0x00204d28       0xc0 obj_zoul/shell.o
                0x00204d28                shell_input
 .text.echo_reply_handler
                0x00204de8       0x2c obj_zoul/shell-commands.o
 .text.cmd_rpl_global_repair
                0x00204e14       0x38 obj_zoul/shell-commands.o
 .text.cmd_rpl_local_repair
                0x00204e4c       0x38 obj_zoul/shell-commands.o
 .text.cmd_help
                0x00204e84       0x64 obj_zoul/shell-commands.o
 .text.cmd_tsch_status
                0x00204ee8      0x12c obj_zoul/shell-commands.o
 .text.cmd_tsch_schedule
                0x00205014       0xc0 obj_zoul/shell-commands.o
 .text.cmd_tsch_set_coordinator
                0x002050d4      0x130 obj_zoul/shell-commands.o
 .text.cmd_ipaddr
                0x00205204       0x70 obj_zoul/shell-commands.o
 .text.cmd_routes
                0x00205274       0xdc obj_zoul/shell-commands.o
 .text.cmd_rpl_nbr
                0x00205350       0x8c obj_zoul/shell-commands.o
 .text.cmd_rpl_status
                0x002053dc      0x26c obj_zoul/shell-commands.o
 .text.cmd_rpl_refresh_routes
                0x00205648       0x34 obj_zoul/shell-commands.o
 .text.cmd_rpl_set_root
                0x0020567c      0x168 obj_zoul/shell-commands.o
 .text.cmd_ping
                0x002057e4      0x16c obj_zoul/shell-commands.o
 .text.shell_output_log_levels
                0x00205950       0x50 obj_zoul/shell-commands.o
 .text.cmd_log  0x002059a0      0x148 obj_zoul/shell-commands.o
 .text.cmd_ip_neighbors
                0x00205ae8       0xd0 obj_zoul/shell-commands.o
 .text.cmd_reboot
                0x00205bb8       0x2c obj_zoul/shell-commands.o
 .text.shell_commands_init
                0x00205be4       0x30 obj_zoul/shell-commands.o
                0x00205be4                shell_commands_init
 .text.shell_command_lookup
                0x00205c14       0x34 obj_zoul/shell-commands.o
                0x00205c14                shell_command_lookup
 .text.startup.main
                0x00205c48      0x1f0 obj_zoul/contiki-main.o
                0x00205c48                main
 .text.process_thread_ctimer_process
                0x00205e38       0x80 obj_zoul/ctimer.o
 .text.ctimer_init
                0x00205eb8       0x28 obj_zoul/ctimer.o
                0x00205eb8                ctimer_init
 .text.ctimer_set_with_process
                0x00205ee0       0x44 obj_zoul/ctimer.o
                0x00205ee0                ctimer_set_with_process
 .text.ctimer_set
                0x00205f24       0x14 obj_zoul/ctimer.o
                0x00205f24                ctimer_set
 .text.ctimer_reset
                0x00205f38       0x38 obj_zoul/ctimer.o
                0x00205f38                ctimer_reset
 .text.ctimer_stop
                0x00205f70       0x2c obj_zoul/ctimer.o
                0x00205f70                ctimer_stop
 .text.ctimer_expired
                0x00205f9c       0x34 obj_zoul/ctimer.o
                0x00205f9c                ctimer_expired
 .text.update_time
                0x00205fd0       0x44 obj_zoul/etimer.o
 .text.etimer_request_poll
                0x00206014        0xc obj_zoul/etimer.o
                0x00206014                etimer_request_poll
 .text.process_thread_etimer_process
                0x00206020       0x94 obj_zoul/etimer.o
 .text.add_timer
                0x002060b4       0x40 obj_zoul/etimer.o
 .text.etimer_pending
                0x002060f4       0x10 obj_zoul/etimer.o
                0x002060f4                etimer_pending
 .text.etimer_stop
                0x00206104       0x34 obj_zoul/etimer.o
                0x00206104                etimer_stop
 .text.log_6addr
                0x00206138       0x20 obj_zoul/log.o
                0x00206138                log_6addr
 .text.log_lladdr
                0x00206158       0x3c obj_zoul/log.o
                0x00206158                log_lladdr
 .text.log_lladdr_compact
                0x00206194       0x38 obj_zoul/log.o
                0x00206194                log_lladdr_compact
 .text.log_set_level
                0x002061cc       0x44 obj_zoul/log.o
                0x002061cc                log_set_level
 .text.log_get_level
                0x00206210       0x34 obj_zoul/log.o
                0x00206210                log_get_level
 .text.log_level_to_str
                0x00206244       0x18 obj_zoul/log.o
                0x00206244                log_level_to_str
 .text.node_id_init
                0x0020625c       0x18 obj_zoul/node-id.o
                0x0020625c                node_id_init
 .text.call_process.part.0
                0x00206274       0x38 obj_zoul/process.o
 .text.exit_process
                0x002062ac       0x80 obj_zoul/process.o
 .text.do_poll  0x0020632c       0x30 obj_zoul/process.o
 .text.process_alloc_event
                0x0020635c       0x10 obj_zoul/process.o
                0x0020635c                process_alloc_event
 .text.process_init
                0x0020636c       0x30 obj_zoul/process.o
                0x0020636c                process_init
 .text.process_run
                0x0020639c       0x84 obj_zoul/process.o
                0x0020639c                process_run
 .text.process_nevents
                0x00206420       0x14 obj_zoul/process.o
                0x00206420                process_nevents
 .text.process_post
                0x00206434       0x3c obj_zoul/process.o
                0x00206434                process_post
 .text.process_post_synch
                0x00206470       0x14 obj_zoul/process.o
                0x00206470                process_post_synch
 .text.process_start
                0x00206484       0x30 obj_zoul/process.o
                0x00206484                process_start
 .text.process_poll
                0x002064b4       0x18 obj_zoul/process.o
                0x002064b4                process_poll
 .text.rtimer_set
                0x002064cc       0x24 obj_zoul/rtimer.o
                0x002064cc                rtimer_set
 .text.rtimer_run_next
                0x002064f0       0x28 obj_zoul/rtimer.o
                0x002064f0                rtimer_run_next
 .text.stack_check_init
                0x00206518       0x38 obj_zoul/stack-check.o
                0x00206518                stack_check_init
 .text.stack_check_get_usage
                0x00206550       0x44 obj_zoul/stack-check.o
                0x00206550                stack_check_get_usage
 .text.process_thread_stack_check_process
                0x00206594       0x88 obj_zoul/stack-check.o
 .text.stimer_expired
                0x0020661c       0x20 obj_zoul/stimer.o
                0x0020661c                stimer_expired
 .text.duration_exceeded_callback
                0x0020663c       0x34 obj_zoul/button-hal.o
 .text.process_thread_button_hal_process
                0x00206670       0x70 obj_zoul/button-hal.o
 .text.press_release_handler
                0x002066e0       0x18 obj_zoul/button-hal.o
 .text.debounce_handler
                0x002066f8       0x64 obj_zoul/button-hal.o
 .text.button_hal_init
                0x0020675c       0xf0 obj_zoul/button-hal.o
                0x0020675c                button_hal_init
 .text.gpio_hal_register_handler
                0x0020684c        0xc obj_zoul/gpio-hal.o
                0x0020684c                gpio_hal_register_handler
 .text.gpio_hal_event_handler
                0x00206858       0x24 obj_zoul/gpio-hal.o
                0x00206858                gpio_hal_event_handler
 .text.gpio_hal_init
                0x0020687c        0xc obj_zoul/gpio-hal.o
                0x0020687c                gpio_hal_init
 .text.process_thread_serial_line_process
                0x00206888       0x98 obj_zoul/serial-line.o
 .text.serial_line_input_byte
                0x00206920       0x44 obj_zoul/serial-line.o
                0x00206920                serial_line_input_byte
 .text.serial_line_init
                0x00206964       0x24 obj_zoul/serial-line.o
                0x00206964                serial_line_init
 .text.random_rand
                0x00206988       0x20 obj_zoul/random.o
                0x00206988                random_rand
 .text.random_init
                0x002069a8       0x78 obj_zoul/random.o
                0x002069a8                random_init
 .text.process_thread_sensors_process
                0x00206a20       0xd4 obj_zoul/sensors.o
 .text.sensors_changed
                0x00206af4       0x38 obj_zoul/sensors.o
                0x00206af4                sensors_changed
 .text.periodic
                0x00206b2c       0x2c obj_zoul/link-stats.o
 .text.link_stats_from_lladdr
                0x00206b58        0xc obj_zoul/link-stats.o
                0x00206b58                link_stats_from_lladdr
 .text.link_stats_packet_sent
                0x00206b64       0x74 obj_zoul/link-stats.o
                0x00206b64                link_stats_packet_sent
 .text.link_stats_input_callback
                0x00206bd8       0x50 obj_zoul/link-stats.o
                0x00206bd8                link_stats_input_callback
 .text.link_stats_reset
                0x00206c28       0x24 obj_zoul/link-stats.o
                0x00206c28                link_stats_reset
 .text.link_stats_init
                0x00206c4c       0x28 obj_zoul/link-stats.o
                0x00206c4c                link_stats_init
 .text.index_from_key
                0x00206c74       0x20 obj_zoul/nbr-table.o
 .text.index_from_lladdr
                0x00206c94       0x40 obj_zoul/nbr-table.o
 .text.key_from_item
                0x00206cd4       0x2c obj_zoul/nbr-table.o
 .text.nbr_get_bit.constprop.0
                0x00206d00       0x30 obj_zoul/nbr-table.o
 .text.nbr_table_is_registered
                0x00206d30       0x20 obj_zoul/nbr-table.o
                0x00206d30                nbr_table_is_registered
 .text.nbr_table_register
                0x00206d50       0x34 obj_zoul/nbr-table.o
                0x00206d50                nbr_table_register
 .text.nbr_table_head
                0x00206d84       0x34 obj_zoul/nbr-table.o
                0x00206d84                nbr_table_head
 .text.nbr_table_add_lladdr
                0x00206db8      0x15c obj_zoul/nbr-table.o
                0x00206db8                nbr_table_add_lladdr
 .text.nbr_table_remove
                0x00206f14       0x2c obj_zoul/nbr-table.o
                0x00206f14                nbr_table_remove
 .text.nbr_table_lock
                0x00206f40       0x14 obj_zoul/nbr-table.o
                0x00206f40                nbr_table_lock
 .text.nbr_table_unlock
                0x00206f54       0x14 obj_zoul/nbr-table.o
                0x00206f54                nbr_table_unlock
 .text.netstack_process_ip_callback
                0x00206f68       0x38 obj_zoul/netstack.o
                0x00206f68                netstack_process_ip_callback
 .text.netstack_init
                0x00206fa0       0x24 obj_zoul/netstack.o
                0x00206fa0                netstack_init
 .text.packetbuf_hdrreduce
                0x00206fc4       0x2c obj_zoul/packetbuf.o
                0x00206fc4                packetbuf_hdrreduce
 .text.packetbuf_set_datalen
                0x00206ff0        0xc obj_zoul/packetbuf.o
                0x00206ff0                packetbuf_set_datalen
 .text.packetbuf_hdrptr
                0x00206ffc        0x8 obj_zoul/packetbuf.o
                0x00206ffc                packetbuf_hdrptr
 .text.packetbuf_datalen
                0x00207004        0xc obj_zoul/packetbuf.o
                0x00207004                packetbuf_datalen
 .text.packetbuf_hdrlen
                0x00207010       0x18 obj_zoul/packetbuf.o
                0x00207010                packetbuf_hdrlen
 .text.packetbuf_dataptr
                0x00207028       0x10 obj_zoul/packetbuf.o
                0x00207028                packetbuf_dataptr
 .text.packetbuf_copyto
                0x00207038       0x44 obj_zoul/packetbuf.o
                0x00207038                packetbuf_copyto
 .text.packetbuf_totlen
                0x0020707c       0x14 obj_zoul/packetbuf.o
                0x0020707c                packetbuf_totlen
 .text.packetbuf_hdralloc
                0x00207090       0x3c obj_zoul/packetbuf.o
                0x00207090                packetbuf_hdralloc
 .text.packetbuf_attr_clear
                0x002070cc       0x34 obj_zoul/packetbuf.o
                0x002070cc                packetbuf_attr_clear
 .text.packetbuf_clear
                0x00207100       0x20 obj_zoul/packetbuf.o
                0x00207100                packetbuf_clear
 .text.packetbuf_copyfrom
                0x00207120       0x2c obj_zoul/packetbuf.o
                0x00207120                packetbuf_copyfrom
 .text.packetbuf_attr_copyto
                0x0020714c       0x24 obj_zoul/packetbuf.o
                0x0020714c                packetbuf_attr_copyto
 .text.packetbuf_attr_copyfrom
                0x00207170       0x28 obj_zoul/packetbuf.o
                0x00207170                packetbuf_attr_copyfrom
 .text.packetbuf_set_attr
                0x00207198       0x10 obj_zoul/packetbuf.o
                0x00207198                packetbuf_set_attr
 .text.packetbuf_attr
                0x002071a8        0xc obj_zoul/packetbuf.o
                0x002071a8                packetbuf_attr
 .text.packetbuf_set_addr
                0x002071b4       0x18 obj_zoul/packetbuf.o
                0x002071b4                packetbuf_set_addr
 .text.packetbuf_addr
                0x002071cc       0x10 obj_zoul/packetbuf.o
                0x002071cc                packetbuf_addr
 .text.packetbuf_holds_broadcast
                0x002071dc       0x10 obj_zoul/packetbuf.o
                0x002071dc                packetbuf_holds_broadcast
 .text.queuebuf_init
                0x002071ec       0x1c obj_zoul/queuebuf.o
                0x002071ec                queuebuf_init
 .text.queuebuf_new_from_packetbuf
                0x00207208       0x44 obj_zoul/queuebuf.o
                0x00207208                queuebuf_new_from_packetbuf
 .text.queuebuf_free
                0x0020724c       0x2c obj_zoul/queuebuf.o
                0x0020724c                queuebuf_free
 .text.queuebuf_to_packetbuf
                0x00207278       0x30 obj_zoul/queuebuf.o
                0x00207278                queuebuf_to_packetbuf
 .text.queuebuf_dataptr
                0x002072a8       0x18 obj_zoul/queuebuf.o
                0x002072a8                queuebuf_dataptr
 .text.mac_sequence_is_duplicate
                0x002072c0       0x4c obj_zoul/mac-sequence.o
                0x002072c0                mac_sequence_is_duplicate
 .text.mac_sequence_register_seqno
                0x0020730c       0x60 obj_zoul/mac-sequence.o
                0x0020730c                mac_sequence_register_seqno
 .text.frame802154_get_pan_id
                0x0020736c        0xc obj_zoul/frame802154.o
                0x0020736c                frame802154_get_pan_id
 .text.frame802154_set_pan_id
                0x00207378        0xc obj_zoul/frame802154.o
                0x00207378                frame802154_set_pan_id
 .text.frame802154_check_dest_panid
                0x00207384       0x38 obj_zoul/frame802154.o
                0x00207384                frame802154_check_dest_panid
 .text.frame802154_extract_linkaddr
                0x002073bc       0x7c obj_zoul/frame802154.o
                0x002073bc                frame802154_extract_linkaddr
 .text.frame802154_parse
                0x00207438      0x12c obj_zoul/frame802154.o
                0x00207438                frame802154_parse
 .text.frame802154e_parse_information_elements
                0x00207564      0x4d0 obj_zoul/frame802154e-ie.o
                0x00207564                frame802154e_parse_information_elements
 .text.parse    0x00207a34      0x12c obj_zoul/framer-802154.o
 .text.framer_802154_setup_params
                0x00207b60       0xb4 obj_zoul/framer-802154.o
                0x00207b60                framer_802154_setup_params
 .text.create_frame
                0x00207c14      0x150 obj_zoul/framer-802154.o
 .text.printf   0x00207d64       0x20 obj_zoul/printf.o
                0x00207d64                printf
 .text.vsnprintf
                0x00207d84       0x28 obj_zoul/snprintf.o
                0x00207d84                vsnprintf
 .text.fill_space
                0x00207dac       0x34 obj_zoul/strformat.o
 .text.format_str_v
                0x00207de0      0x6e8 obj_zoul/strformat.o
                0x00207de0                format_str_v
 .text.tsch_adaptive_timesync_get_drift_ppm
                0x002084c8       0x14 obj_zoul/tsch-adaptive-timesync.o
                0x002084c8                tsch_adaptive_timesync_get_drift_ppm
 .text.tsch_timesync_update
                0x002084dc      0x134 obj_zoul/tsch-adaptive-timesync.o
                0x002084dc                tsch_timesync_update
 .text.turn_off
                0x00208610       0x10 obj_zoul/tsch.o
 .text.max_payload
                0x00208620       0x14 obj_zoul/tsch.o
 .text.tsch_reset
                0x00208634       0xa8 obj_zoul/tsch.o
 .text.process_thread_tsch_send_eb_process
                0x002086dc      0x16c obj_zoul/tsch.o
 .text.send_packet
                0x00208848      0x1cc obj_zoul/tsch.o
 .text.tsch_init
                0x00208a14      0x168 obj_zoul/tsch.o
 .text.packet_input
                0x00208b7c      0x100 obj_zoul/tsch.o
 .text.keepalive_send
                0x00208c7c       0x9c obj_zoul/tsch.o
 .text.turn_on  0x00208d18       0x90 obj_zoul/tsch.o
 .text.tsch_set_coordinator
                0x00208da8       0x28 obj_zoul/tsch.o
                0x00208da8                tsch_set_coordinator
 .text.tsch_set_pan_secured
                0x00208dd0        0xc obj_zoul/tsch.o
                0x00208dd0                tsch_set_pan_secured
 .text.tsch_set_join_priority
                0x00208ddc        0xc obj_zoul/tsch.o
                0x00208ddc                tsch_set_join_priority
 .text.tsch_set_eb_period
                0x00208de8       0x14 obj_zoul/tsch.o
                0x00208de8                tsch_set_eb_period
 .text.tsch_schedule_keepalive
                0x00208dfc       0x58 obj_zoul/tsch.o
                0x00208dfc                tsch_schedule_keepalive
 .text.tsch_set_ka_timeout
                0x00208e54       0x18 obj_zoul/tsch.o
                0x00208e54                tsch_set_ka_timeout
 .text.tsch_schedule_keepalive_immediately
                0x00208e6c       0x28 obj_zoul/tsch.o
                0x00208e6c                tsch_schedule_keepalive_immediately
 .text.tsch_disassociate
                0x00208e94       0x20 obj_zoul/tsch.o
                0x00208e94                tsch_disassociate
 .text.process_thread_tsch_pending_events_process
                0x00208eb4      0x2a0 obj_zoul/tsch.o
 .text.keepalive_packet_sent
                0x00209154      0x15c obj_zoul/tsch.o
 .text.tsch_scan
                0x002092b0      0x534 obj_zoul/tsch.o
                0x002092b0                tsch_scan
 .text.process_thread_tsch_process
                0x002097e4      0x134 obj_zoul/tsch.o
 .text.tsch_log_process_pending
                0x00209918      0x1cc obj_zoul/tsch-log.o
                0x00209918                tsch_log_process_pending
 .text.tsch_log_prepare_add
                0x00209ae4       0x5c obj_zoul/tsch-log.o
                0x00209ae4                tsch_log_prepare_add
 .text.tsch_log_commit
                0x00209b40       0x28 obj_zoul/tsch-log.o
                0x00209b40                tsch_log_commit
 .text.tsch_log_init
                0x00209b68       0x20 obj_zoul/tsch-log.o
                0x00209b68                tsch_log_init
 .text.tsch_log_stop
                0x00209b88       0x18 obj_zoul/tsch-log.o
                0x00209b88                tsch_log_stop
 .text.tsch_packet_eackbuf_attr
                0x00209ba0        0xc obj_zoul/tsch-packet.o
                0x00209ba0                tsch_packet_eackbuf_attr
 .text.tsch_packet_create_eack
                0x00209bac       0xa0 obj_zoul/tsch-packet.o
                0x00209bac                tsch_packet_create_eack
 .text.tsch_packet_parse_eack
                0x00209c4c       0xa8 obj_zoul/tsch-packet.o
                0x00209c4c                tsch_packet_parse_eack
 .text.tsch_packet_create_eb
                0x00209cf4      0x158 obj_zoul/tsch-packet.o
                0x00209cf4                tsch_packet_create_eb
 .text.tsch_packet_update_eb
                0x00209e4c       0x38 obj_zoul/tsch-packet.o
                0x00209e4c                tsch_packet_update_eb
 .text.tsch_packet_parse_eb
                0x00209e84      0x140 obj_zoul/tsch-packet.o
                0x00209e84                tsch_packet_parse_eb
 .text.tsch_queue_get_nbr
                0x00209fc4       0x34 obj_zoul/tsch-queue.o
                0x00209fc4                tsch_queue_get_nbr
 .text.tsch_queue_add_nbr
                0x00209ff8       0x7c obj_zoul/tsch-queue.o
                0x00209ff8                tsch_queue_add_nbr
 .text.tsch_queue_get_time_source
                0x0020a074       0x28 obj_zoul/tsch-queue.o
                0x0020a074                tsch_queue_get_time_source
 .text.tsch_queue_update_time_source
                0x0020a09c       0xc0 obj_zoul/tsch-queue.o
                0x0020a09c                tsch_queue_update_time_source
 .text.tsch_queue_add_packet
                0x0020a15c       0xe4 obj_zoul/tsch-queue.o
                0x0020a15c                tsch_queue_add_packet
 .text.tsch_queue_global_packet_count
                0x0020a240       0x14 obj_zoul/tsch-queue.o
                0x0020a240                tsch_queue_global_packet_count
 .text.tsch_queue_free_packet
                0x0020a254       0x20 obj_zoul/tsch-queue.o
                0x0020a254                tsch_queue_free_packet
 .text.tsch_queue_flush_nbr_queue
                0x0020a274       0x60 obj_zoul/tsch-queue.o
 .text.tsch_queue_reset
                0x0020a2d4       0x34 obj_zoul/tsch-queue.o
                0x0020a2d4                tsch_queue_reset
 .text.tsch_queue_free_unused_neighbors
                0x0020a308       0x58 obj_zoul/tsch-queue.o
                0x0020a308                tsch_queue_free_unused_neighbors
 .text.tsch_queue_get_unicast_packet_for_any
                0x0020a360       0x44 obj_zoul/tsch-queue.o
                0x0020a360                tsch_queue_get_unicast_packet_for_any
 .text.tsch_queue_update_all_backoff_windows
                0x0020a3a4       0x50 obj_zoul/tsch-queue.o
                0x0020a3a4                tsch_queue_update_all_backoff_windows
 .text.tsch_queue_init
                0x0020a3f4       0x48 obj_zoul/tsch-queue.o
                0x0020a3f4                tsch_queue_init
 .text.tsch_rpl_callback_ka_sent
                0x0020a43c       0x20 obj_zoul/tsch-rpl.o
                0x0020a43c                tsch_rpl_callback_ka_sent
 .text.tsch_rpl_callback_leaving_network
                0x0020a45c       0x1c obj_zoul/tsch-rpl.o
                0x0020a45c                tsch_rpl_callback_leaving_network
 .text.tsch_rpl_callback_new_dio_interval
                0x0020a478       0x44 obj_zoul/tsch-rpl.o
                0x0020a478                tsch_rpl_callback_new_dio_interval
 .text.tsch_rpl_callback_parent_switch
                0x0020a4bc       0x24 obj_zoul/tsch-rpl.o
                0x0020a4bc                tsch_rpl_callback_parent_switch
 .text.print_link_options
                0x0020a4e0       0x54 obj_zoul/tsch-schedule.o
 .text.tsch_schedule_get_slotframe_by_handle
                0x0020a534       0x2c obj_zoul/tsch-schedule.o
                0x0020a534                tsch_schedule_get_slotframe_by_handle
 .text.tsch_schedule_add_slotframe
                0x0020a560       0x94 obj_zoul/tsch-schedule.o
                0x0020a560                tsch_schedule_add_slotframe
 .text.tsch_schedule_remove_link
                0x0020a5f4      0x118 obj_zoul/tsch-schedule.o
                0x0020a5f4                tsch_schedule_remove_link
 .text.tsch_schedule_remove_slotframe
                0x0020a70c       0x74 obj_zoul/tsch-schedule.o
                0x0020a70c                tsch_schedule_remove_slotframe
 .text.tsch_schedule_remove_all_slotframes
                0x0020a780       0x1c obj_zoul/tsch-schedule.o
                0x0020a780                tsch_schedule_remove_all_slotframes
 .text.tsch_schedule_add_link
                0x0020a79c      0x1b0 obj_zoul/tsch-schedule.o
                0x0020a79c                tsch_schedule_add_link
 .text.tsch_schedule_get_next_active_link
                0x0020a94c      0x110 obj_zoul/tsch-schedule.o
                0x0020a94c                tsch_schedule_get_next_active_link
 .text.tsch_schedule_init
                0x0020aa5c       0x30 obj_zoul/tsch-schedule.o
                0x0020aa5c                tsch_schedule_init
 .text.tsch_schedule_create_minimal
                0x0020aa8c       0x28 obj_zoul/tsch-schedule.o
                0x0020aa8c                tsch_schedule_create_minimal
 .text.tsch_schedule_slotframe_head
                0x0020aab4        0xc obj_zoul/tsch-schedule.o
                0x0020aab4                tsch_schedule_slotframe_head
 .text.tsch_radio_off
                0x0020aac0       0x1c obj_zoul/tsch-slot-operation.o
 .text.tsch_schedule_slot_operation
                0x0020aadc       0x90 obj_zoul/tsch-slot-operation.o
 .text.get_packet_and_neighbor_for_link.constprop.5
                0x0020ab6c       0x68 obj_zoul/tsch-slot-operation.o
 .text.tsch_tx_slot.constprop.4
                0x0020abd4      0x500 obj_zoul/tsch-slot-operation.o
 .text.tsch_is_locked
                0x0020b0d4        0xc obj_zoul/tsch-slot-operation.o
                0x0020b0d4                tsch_is_locked
 .text.tsch_get_lock
                0x0020b0e0       0x94 obj_zoul/tsch-slot-operation.o
                0x0020b0e0                tsch_get_lock
 .text.tsch_release_lock
                0x0020b174        0xc obj_zoul/tsch-slot-operation.o
                0x0020b174                tsch_release_lock
 .text.tsch_calculate_channel
                0x0020b180       0x48 obj_zoul/tsch-slot-operation.o
                0x0020b180                tsch_calculate_channel
 .text.tsch_slot_operation
                0x0020b1c8      0x814 obj_zoul/tsch-slot-operation.o
 .text.tsch_slot_operation_start
                0x0020b9dc       0x70 obj_zoul/tsch-slot-operation.o
                0x0020b9dc                tsch_slot_operation_start
 .text.tsch_slot_operation_sync
                0x0020ba4c       0x38 obj_zoul/tsch-slot-operation.o
                0x0020ba4c                tsch_slot_operation_sync
 .text.sicslowpan_init
                0x0020ba84       0x18 obj_zoul/sicslowpan.o
                0x0020ba84                sicslowpan_init
 .text.set_packet_attrs
                0x0020ba9c       0x5c obj_zoul/sicslowpan.o
 .text.compress_addr_64
                0x0020baf8       0x90 obj_zoul/sicslowpan.o
 .text.addr_context_lookup_by_prefix
                0x0020bb88       0x24 obj_zoul/sicslowpan.o
 .text.output   0x0020bbac      0x808 obj_zoul/sicslowpan.o
 .text.packet_sent
                0x0020c3b4       0x5c obj_zoul/sicslowpan.o
 .text.uncompress_addr
                0x0020c410       0x8c obj_zoul/sicslowpan.o
 .text.input    0x0020c49c      0x638 obj_zoul/sicslowpan.o
 .text.tcpip_output
                0x0020cad4       0x2c obj_zoul/tcpip.o
                0x0020cad4                tcpip_output
 .text.tcpip_input
                0x0020cb00       0x24 obj_zoul/tcpip.o
                0x0020cb00                tcpip_input
 .text.tcpip_ipv6_output
                0x0020cb24      0x1e8 obj_zoul/tcpip.o
                0x0020cb24                tcpip_ipv6_output
 .text.packet_input.part.3
                0x0020cd0c       0x1c obj_zoul/tcpip.o
 .text.process_thread_tcpip_process
                0x0020cd28       0xcc obj_zoul/tcpip.o
 .text.tcpip_uipcall
                0x0020cdf4       0x2c obj_zoul/tcpip.o
                0x0020cdf4                tcpip_uipcall
 .text.upper_layer_chksum
                0x0020ce20       0x54 obj_zoul/uip6.o
 .text.ext_hdr_options_process
                0x0020ce74       0xc8 obj_zoul/uip6.o
 .text.unlikely.uip_update_ttl
                0x0020cf3c       0x24 obj_zoul/uip6.o
 .text.uip_init
                0x0020cf60       0x38 obj_zoul/uip6.o
                0x0020cf60                uip_init
 .text.uip_remove_ext_hdr
                0x0020cf98       0x8c obj_zoul/uip6.o
                0x0020cf98                uip_remove_ext_hdr
 .text.uip_process
                0x0020d024      0x634 obj_zoul/uip6.o
                0x0020d024                uip_process
 .text.uipbuf_add_ext_hdr
                0x0020d658       0x28 obj_zoul/uipbuf.o
                0x0020d658                uipbuf_add_ext_hdr
 .text.uipbuf_set_len
                0x0020d680       0x14 obj_zoul/uipbuf.o
                0x0020d680                uipbuf_set_len
 .text.uipbuf_get_attr
                0x0020d694       0x14 obj_zoul/uipbuf.o
                0x0020d694                uipbuf_get_attr
 .text.uipbuf_clear_attr
                0x0020d6a8       0x14 obj_zoul/uipbuf.o
                0x0020d6a8                uipbuf_clear_attr
 .text.uipbuf_clear
                0x0020d6bc       0x20 obj_zoul/uipbuf.o
                0x0020d6bc                uipbuf_clear
 .text.uipbuf_init
                0x0020d6dc       0x20 obj_zoul/uipbuf.o
                0x0020d6dc                uipbuf_init
 .text.uip_ds6_prefix_add
                0x0020d6fc       0x64 obj_zoul/uip-ds6.o
                0x0020d6fc                uip_ds6_prefix_add
 .text.uip_ds6_is_addr_onlink
                0x0020d760       0x40 obj_zoul/uip-ds6.o
                0x0020d760                uip_ds6_is_addr_onlink
 .text.uip_ds6_addr_lookup
                0x0020d7a0       0x2c obj_zoul/uip-ds6.o
                0x0020d7a0                uip_ds6_addr_lookup
 .text.uip_ds6_get_link_local
                0x0020d7cc       0x40 obj_zoul/uip-ds6.o
                0x0020d7cc                uip_ds6_get_link_local
 .text.uip_ds6_maddr_add
                0x0020d80c       0x4c obj_zoul/uip-ds6.o
                0x0020d80c                uip_ds6_maddr_add
 .text.uip_ds6_addr_add
                0x0020d858       0x94 obj_zoul/uip-ds6.o
                0x0020d858                uip_ds6_addr_add
 .text.uip_ds6_maddr_lookup
                0x0020d8ec       0x2c obj_zoul/uip-ds6.o
                0x0020d8ec                uip_ds6_maddr_lookup
 .text.uip_ds6_addr_rm
                0x0020d918       0x44 obj_zoul/uip-ds6.o
                0x0020d918                uip_ds6_addr_rm
 .text.uip_ds6_periodic
                0x0020d95c       0x4c obj_zoul/uip-ds6.o
                0x0020d95c                uip_ds6_periodic
 .text.uip_ds6_select_src
                0x0020d9a8       0x94 obj_zoul/uip-ds6.o
                0x0020d9a8                uip_ds6_select_src
 .text.uip_ds6_compute_reachable_time
                0x0020da3c       0x28 obj_zoul/uip-ds6.o
                0x0020da3c                uip_ds6_compute_reachable_time
 .text.uip_ds6_init
                0x0020da64       0xe0 obj_zoul/uip-ds6.o
                0x0020da64                uip_ds6_init
 .text.uip_ds6_nbr_rm
                0x0020db44       0x24 obj_zoul/uip-ds6-nbr.o
                0x0020db44                uip_ds6_nbr_rm
 .text.uip_ds6_neighbors_init
                0x0020db68       0x1c obj_zoul/uip-ds6-nbr.o
                0x0020db68                uip_ds6_neighbors_init
 .text.uip_ds6_nbr_add
                0x0020db84       0x40 obj_zoul/uip-ds6-nbr.o
                0x0020db84                uip_ds6_nbr_add
 .text.uip_ds6_nbr_get_ll
                0x0020dbc4        0xc obj_zoul/uip-ds6-nbr.o
                0x0020dbc4                uip_ds6_nbr_get_ll
 .text.uip_ds6_nbr_head
                0x0020dbd0        0xc obj_zoul/uip-ds6-nbr.o
                0x0020dbd0                uip_ds6_nbr_head
 .text.uip_ds6_nbr_next
                0x0020dbdc        0xc obj_zoul/uip-ds6-nbr.o
                0x0020dbdc                uip_ds6_nbr_next
 .text.uip_ds6_nbr_ll_lookup
                0x0020dbe8        0xc obj_zoul/uip-ds6-nbr.o
                0x0020dbe8                uip_ds6_nbr_ll_lookup
 .text.uip_ds6_nbr_update_ll
                0x0020dbf4       0xf8 obj_zoul/uip-ds6-nbr.o
                0x0020dbf4                uip_ds6_nbr_update_ll
 .text.uip_ds6_route_init
                0x0020dcec       0x1c obj_zoul/uip-ds6-route.o
                0x0020dcec                uip_ds6_route_init
 .text.uip_ds6_defrt_rm
                0x0020dd08       0x38 obj_zoul/uip-ds6-route.o
                0x0020dd08                uip_ds6_defrt_rm
 .text.uip_ds6_defrt_lookup
                0x0020dd40       0x34 obj_zoul/uip-ds6-route.o
                0x0020dd40                uip_ds6_defrt_lookup
 .text.uip_ds6_defrt_add
                0x0020dd74       0xa8 obj_zoul/uip-ds6-route.o
                0x0020dd74                uip_ds6_defrt_add
 .text.uip_ds6_defrt_choose
                0x0020de1c       0x30 obj_zoul/uip-ds6-route.o
                0x0020de1c                uip_ds6_defrt_choose
 .text.uip_ds6_defrt_periodic
                0x0020de4c       0x30 obj_zoul/uip-ds6-route.o
                0x0020de4c                uip_ds6_defrt_periodic
 .text.echo_reply_input
                0x0020de7c       0x64 obj_zoul/uip-icmp6.o
 .text.echo_request_input
                0x0020dee0       0x98 obj_zoul/uip-icmp6.o
 .text.uip_icmp6_input
                0x0020df78       0x38 obj_zoul/uip-icmp6.o
                0x0020df78                uip_icmp6_input
 .text.uip_icmp6_register_input_handler
                0x0020dfb0        0xc obj_zoul/uip-icmp6.o
                0x0020dfb0                uip_icmp6_register_input_handler
 .text.uip_icmp6_error_output
                0x0020dfbc      0x1ac obj_zoul/uip-icmp6.o
                0x0020dfbc                uip_icmp6_error_output
 .text.uip_icmp6_send
                0x0020e168       0x7c obj_zoul/uip-icmp6.o
                0x0020e168                uip_icmp6_send
 .text.uip_icmp6_echo_reply_callback_add
                0x0020e1e4       0x18 obj_zoul/uip-icmp6.o
                0x0020e1e4                uip_icmp6_echo_reply_callback_add
 .text.uip_icmp6_init
                0x0020e1fc       0x1c obj_zoul/uip-icmp6.o
                0x0020e1fc                uip_icmp6_init
 .text.uiplib_ipaddr_snprint
                0x0020e218       0xf8 obj_zoul/uiplib.o
                0x0020e218                uiplib_ipaddr_snprint
 .text.ns_input
                0x0020e310      0x2ac obj_zoul/uip-nd6.o
 .text.uip_nd6_init
                0x0020e5bc        0xc obj_zoul/uip-nd6.o
                0x0020e5bc                uip_nd6_init
 .text.node_matches_address.part.0
                0x0020e5c8       0x28 obj_zoul/uip-sr.o
 .text.uip_sr_num_nodes
                0x0020e5f0        0xc obj_zoul/uip-sr.o
                0x0020e5f0                uip_sr_num_nodes
 .text.uip_sr_get_node
                0x0020e5fc       0x34 obj_zoul/uip-sr.o
                0x0020e5fc                uip_sr_get_node
 .text.uip_sr_is_addr_reachable
                0x0020e630       0x44 obj_zoul/uip-sr.o
                0x0020e630                uip_sr_is_addr_reachable
 .text.uip_sr_update_node
                0x0020e674      0x108 obj_zoul/uip-sr.o
                0x0020e674                uip_sr_update_node
 .text.uip_sr_init
                0x0020e77c       0x24 obj_zoul/uip-sr.o
                0x0020e77c                uip_sr_init
 .text.uip_sr_node_head
                0x0020e7a0        0xc obj_zoul/uip-sr.o
                0x0020e7a0                uip_sr_node_head
 .text.uip_sr_periodic
                0x0020e7ac       0x68 obj_zoul/uip-sr.o
                0x0020e7ac                uip_sr_periodic
 .text.uip_sr_free_all
                0x0020e814       0x40 obj_zoul/uip-sr.o
                0x0020e814                uip_sr_free_all
 .text.uip_sr_link_snprint
                0x0020e854       0x8c obj_zoul/uip-sr.o
                0x0020e854                uip_sr_link_snprint
 .text.rpl_has_joined
                0x0020e8e0       0x18 obj_zoul/rpl.o
                0x0020e8e0                rpl_has_joined
 .text.rpl_is_reachable
                0x0020e8f8       0x18 obj_zoul/rpl.o
                0x0020e8f8                rpl_is_reachable
 .text.get_sr_node_ipaddr
                0x0020e910       0x30 obj_zoul/rpl.o
 .text.set_ip_from_prefix
                0x0020e940       0x2c obj_zoul/rpl.o
 .text.init     0x0020e96c       0x6c obj_zoul/rpl.o
 .text.rpl_link_callback
                0x0020e9d8       0x8c obj_zoul/rpl.o
                0x0020e9d8                rpl_link_callback
 .text.rpl_get_global_address
                0x0020ea64       0x64 obj_zoul/rpl.o
                0x0020ea64                rpl_get_global_address
 .text.rpl_reset_prefix
                0x0020eac8       0x74 obj_zoul/rpl.o
                0x0020eac8                rpl_reset_prefix
 .text.rpl_set_prefix_from_addr
                0x0020eb3c       0xd0 obj_zoul/rpl.o
                0x0020eb3c                rpl_set_prefix_from_addr
 .text.rpl_get_leaf_only
                0x0020ec0c        0xc obj_zoul/rpl.o
                0x0020ec0c                rpl_get_leaf_only
 .text.init_dag
                0x0020ec18       0xc8 obj_zoul/rpl-dag.o
 .text.init_dag_from_dio
                0x0020ece0       0x84 obj_zoul/rpl-dag.o
 .text.rpl_dag_state_to_str
                0x0020ed64       0x18 obj_zoul/rpl-dag.o
                0x0020ed64                rpl_dag_state_to_str
 .text.rpl_dag_get_root_ipaddr
                0x0020ed7c       0x30 obj_zoul/rpl-dag.o
                0x0020ed7c                rpl_dag_get_root_ipaddr
 .text.rpl_dag_leave
                0x0020edac       0xa4 obj_zoul/rpl-dag.o
                0x0020edac                rpl_dag_leave
 .text.rpl_dag_poison_and_leave
                0x0020ee50       0x10 obj_zoul/rpl-dag.o
                0x0020ee50                rpl_dag_poison_and_leave
 .text.rpl_dag_periodic
                0x0020ee60       0x94 obj_zoul/rpl-dag.o
                0x0020ee60                rpl_dag_periodic
 .text.rpl_is_addr_in_our_dag
                0x0020eef4       0x24 obj_zoul/rpl-dag.o
                0x0020eef4                rpl_is_addr_in_our_dag
 .text.rpl_refresh_routes
                0x0020ef18       0x6c obj_zoul/rpl-dag.o
                0x0020ef18                rpl_refresh_routes
 .text.rpl_local_repair
                0x0020ef84       0x64 obj_zoul/rpl-dag.o
                0x0020ef84                rpl_local_repair
 .text.rpl_global_repair
                0x0020efe8       0x84 obj_zoul/rpl-dag.o
                0x0020efe8                rpl_global_repair
 .text.rpl_dag_ready_to_advertise
                0x0020f06c       0x24 obj_zoul/rpl-dag.o
                0x0020f06c                rpl_dag_ready_to_advertise
 .text.rpl_dag_update_state
                0x0020f090      0x1e8 obj_zoul/rpl-dag.o
                0x0020f090                rpl_dag_update_state
 .text.rpl_process_dio
                0x0020f278      0x3ac obj_zoul/rpl-dag.o
                0x0020f278                rpl_process_dio
 .text.rpl_process_dis
                0x0020f624       0x58 obj_zoul/rpl-dag.o
                0x0020f624                rpl_process_dis
 .text.rpl_process_dao
                0x0020f67c       0x7c obj_zoul/rpl-dag.o
                0x0020f67c                rpl_process_dao
 .text.rpl_process_dao_ack
                0x0020f6f8       0x84 obj_zoul/rpl-dag.o
                0x0020f6f8                rpl_process_dao_ack
 .text.rpl_dag_init_root
                0x0020f77c      0x108 obj_zoul/rpl-dag.o
                0x0020f77c                rpl_dag_init_root
 .text.rpl_dag_init
                0x0020f884       0x10 obj_zoul/rpl-dag.o
                0x0020f884                rpl_dag_init
 .text.rpl_dag_root_set_prefix
                0x0020f894       0xe8 obj_zoul/rpl-dag-root.o
                0x0020f894                rpl_dag_root_set_prefix
 .text.rpl_dag_root_start
                0x0020f97c       0xb4 obj_zoul/rpl-dag-root.o
                0x0020f97c                rpl_dag_root_start
 .text.rpl_dag_root_is_root
                0x0020fa30       0x18 obj_zoul/rpl-dag-root.o
                0x0020fa30                rpl_dag_root_is_root
 .text.rpl_dag_root_print_links
                0x0020fa48       0xb4 obj_zoul/rpl-dag-root.o
                0x0020fa48                rpl_dag_root_print_links
 .text.update_hbh_header
                0x0020fafc       0xa0 obj_zoul/rpl-ext-header.o
 .text.rpl_ext_header_srh_get_next_hop
                0x0020fb9c       0x84 obj_zoul/rpl-ext-header.o
                0x0020fb9c                rpl_ext_header_srh_get_next_hop
 .text.rpl_ext_header_srh_update
                0x0020fc20      0x148 obj_zoul/rpl-ext-header.o
                0x0020fc20                rpl_ext_header_srh_update
 .text.rpl_ext_header_hbh_update
                0x0020fd68      0x19c obj_zoul/rpl-ext-header.o
                0x0020fd68                rpl_ext_header_hbh_update
 .text.rpl_ext_header_remove
                0x0020ff04       0xa0 obj_zoul/rpl-ext-header.o
                0x0020ff04                rpl_ext_header_remove
 .text.rpl_ext_header_update
                0x0020ffa4      0x3d0 obj_zoul/rpl-ext-header.o
                0x0020ffa4                rpl_ext_header_update
 .text.dao_ack_input
                0x00210374       0xc8 obj_zoul/rpl-icmp6.o
 .text.dao_input
                0x0021043c      0x208 obj_zoul/rpl-icmp6.o
 .text.dio_input
                0x00210644      0x3b4 obj_zoul/rpl-icmp6.o
 .text.dis_input
                0x002109f8       0x98 obj_zoul/rpl-icmp6.o
 .text.rpl_icmp6_update_nbr_table
                0x00210a90       0x9c obj_zoul/rpl-icmp6.o
                0x00210a90                rpl_icmp6_update_nbr_table
 .text.rpl_icmp6_dis_output
                0x00210b2c       0x84 obj_zoul/rpl-icmp6.o
                0x00210b2c                rpl_icmp6_dis_output
 .text.rpl_icmp6_dio_output
                0x00210bb0      0x27c obj_zoul/rpl-icmp6.o
                0x00210bb0                rpl_icmp6_dio_output
 .text.rpl_icmp6_dao_output
                0x00210e2c      0x1d0 obj_zoul/rpl-icmp6.o
                0x00210e2c                rpl_icmp6_dao_output
 .text.rpl_icmp6_dao_ack_output
                0x00210ffc       0xa4 obj_zoul/rpl-icmp6.o
                0x00210ffc                rpl_icmp6_dao_ack_output
 .text.rpl_icmp6_init
                0x002110a0       0x30 obj_zoul/rpl-icmp6.o
                0x002110a0                rpl_icmp6_init
 .text.update_metric_container
                0x002110d0        0xc obj_zoul/rpl-mrhof.o
 .text.within_hysteresis
                0x002110dc       0x38 obj_zoul/rpl-mrhof.o
 .text.rank_via_nbr
                0x00211114       0x30 obj_zoul/rpl-mrhof.o
 .text.best_parent
                0x00211144       0x70 obj_zoul/rpl-mrhof.o
 .text.reset    0x002111b4       0x34 obj_zoul/rpl-mrhof.o
 .text.update_state
                0x002111e8       0x84 obj_zoul/rpl-nbr-policy.o
 .text.rpl_nbr_policy_find_removable
                0x0021126c       0x80 obj_zoul/rpl-nbr-policy.o
                0x0021126c                rpl_nbr_policy_find_removable
 .text.remove_neighbor
                0x002112ec       0x3c obj_zoul/rpl-neighbor.o
 .text.acceptable_rank
                0x00211328       0x38 obj_zoul/rpl-neighbor.o
 .text.rpl_neighbor_count
                0x00211360       0x2c obj_zoul/rpl-neighbor.o
                0x00211360                rpl_neighbor_count
 .text.rpl_neighbor_get_from_lladdr
                0x0021138c       0x10 obj_zoul/rpl-neighbor.o
                0x0021138c                rpl_neighbor_get_from_lladdr
 .text.rpl_neighbor_is_acceptable_parent
                0x0021139c       0x18 obj_zoul/rpl-neighbor.o
                0x0021139c                rpl_neighbor_is_acceptable_parent
 .text.rpl_neighbor_get_link_metric
                0x002113b4       0x18 obj_zoul/rpl-neighbor.o
                0x002113b4                rpl_neighbor_get_link_metric
 .text.rpl_neighbor_rank_via_nbr
                0x002113cc       0x18 obj_zoul/rpl-neighbor.o
                0x002113cc                rpl_neighbor_rank_via_nbr
 .text.rpl_neighbor_get_lladdr
                0x002113e4       0x10 obj_zoul/rpl-neighbor.o
                0x002113e4                rpl_neighbor_get_lladdr
 .text.best_parent
                0x002113f4       0x64 obj_zoul/rpl-neighbor.o
 .text.rpl_neighbor_snprint
                0x00211458      0x164 obj_zoul/rpl-neighbor.o
                0x00211458                rpl_neighbor_snprint
 .text.rpl_neighbor_print_list
                0x002115bc      0x114 obj_zoul/rpl-neighbor.o
                0x002115bc                rpl_neighbor_print_list
 .text.rpl_neighbor_is_parent
                0x002116d0       0x18 obj_zoul/rpl-neighbor.o
                0x002116d0                rpl_neighbor_is_parent
 .text.rpl_neighbor_set_preferred_parent
                0x002116e8       0xb8 obj_zoul/rpl-neighbor.o
                0x002116e8                rpl_neighbor_set_preferred_parent
 .text.rpl_neighbor_remove_all
                0x002117a0       0x58 obj_zoul/rpl-neighbor.o
                0x002117a0                rpl_neighbor_remove_all
 .text.rpl_neighbor_get_from_ipaddr
                0x002117f8       0x1c obj_zoul/rpl-neighbor.o
                0x002117f8                rpl_neighbor_get_from_ipaddr
 .text.rpl_neighbor_select_best
                0x00211814       0xa0 obj_zoul/rpl-neighbor.o
                0x00211814                rpl_neighbor_select_best
 .text.rpl_neighbor_init
                0x002118b4       0x14 obj_zoul/rpl-neighbor.o
                0x002118b4                rpl_neighbor_init
 .text.new_dio_interval
                0x002118c8       0x64 obj_zoul/rpl-timers.o
 .text.handle_unicast_dio_timer
                0x0021192c       0x1c obj_zoul/rpl-timers.o
 .text.handle_dao_timer
                0x00211948       0xdc obj_zoul/rpl-timers.o
 .text.handle_dao_ack_timer
                0x00211a24       0x10 obj_zoul/rpl-timers.o
 .text.handle_leaving_timer
                0x00211a34       0x10 obj_zoul/rpl-timers.o
 .text.handle_dio_timer
                0x00211a44       0x70 obj_zoul/rpl-timers.o
 .text.rpl_timers_schedule_periodic_dis
                0x00211ab4       0x38 obj_zoul/rpl-timers.o
                0x00211ab4                rpl_timers_schedule_periodic_dis
 .text.handle_dis_timer
                0x00211aec       0x34 obj_zoul/rpl-timers.o
 .text.handle_periodic_timer
                0x00211b20       0x64 obj_zoul/rpl-timers.o
 .text.rpl_timers_dio_reset
                0x00211b84       0x58 obj_zoul/rpl-timers.o
                0x00211b84                rpl_timers_dio_reset
 .text.rpl_timers_schedule_unicast_dio
                0x00211bdc       0x24 obj_zoul/rpl-timers.o
                0x00211bdc                rpl_timers_schedule_unicast_dio
 .text.rpl_timers_schedule_dao
                0x00211c00       0x4c obj_zoul/rpl-timers.o
                0x00211c00                rpl_timers_schedule_dao
 .text.rpl_timers_schedule_dao_ack
                0x00211c4c       0x48 obj_zoul/rpl-timers.o
                0x00211c4c                rpl_timers_schedule_dao_ack
 .text.get_probing_target
                0x00211c94       0xc0 obj_zoul/rpl-timers.o
                0x00211c94                get_probing_target
 .text.rpl_schedule_probing
                0x00211d54       0x28 obj_zoul/rpl-timers.o
                0x00211d54                rpl_schedule_probing
 .text.handle_probing_timer
                0x00211d7c       0xc4 obj_zoul/rpl-timers.o
 .text.rpl_schedule_probing_now
                0x00211e40       0x2c obj_zoul/rpl-timers.o
                0x00211e40                rpl_schedule_probing_now
 .text.rpl_timers_unschedule_leaving
                0x00211e6c       0x24 obj_zoul/rpl-timers.o
                0x00211e6c                rpl_timers_unschedule_leaving
 .text.rpl_timers_schedule_leaving
                0x00211e90       0x30 obj_zoul/rpl-timers.o
                0x00211e90                rpl_timers_schedule_leaving
 .text.rpl_timers_init
                0x00211ec0       0x20 obj_zoul/rpl-timers.o
                0x00211ec0                rpl_timers_init
 .text.rpl_timers_stop_dag_timers
                0x00211ee0       0x44 obj_zoul/rpl-timers.o
                0x00211ee0                rpl_timers_stop_dag_timers
 .text.rpl_timers_unschedule_state_update
                0x00211f24       0x14 obj_zoul/rpl-timers.o
                0x00211f24                rpl_timers_unschedule_state_update
 .text.rpl_timers_schedule_state_update
                0x00211f38       0x1c obj_zoul/rpl-timers.o
                0x00211f38                rpl_timers_schedule_state_update
 .text.process_thread_node_process
                0x00211f54       0x1c node.o
 .text          0x00211f70       0x38 /usr/bin/../lib/gcc/arm-none-eabi/4.9.3/armv7-m/libgcc.a(_aeabi_ldivmod.o)
                0x00211f70                __aeabi_ldivmod
 .text          0x00211fa8       0x30 /usr/bin/../lib/gcc/arm-none-eabi/4.9.3/armv7-m/libgcc.a(_aeabi_uldivmod.o)
                0x00211fa8                __aeabi_uldivmod
 .text          0x00211fd8       0x60 /usr/bin/../lib/gcc/arm-none-eabi/4.9.3/armv7-m/libgcc.a(bpabi.o)
                0x00211fd8                __gnu_ldivmod_helper
                0x00212008                __gnu_uldivmod_helper
 .text          0x00212038        0x4 /usr/bin/../lib/gcc/arm-none-eabi/4.9.3/armv7-m/libgcc.a(_dvmd_tls.o)
                0x00212038                __aeabi_ldiv0
                0x00212038                __aeabi_idiv0
 .text          0x0021203c      0x2ac /usr/bin/../lib/gcc/arm-none-eabi/4.9.3/armv7-m/libgcc.a(_divdi3.o)
                0x0021203c                __divdi3
 .text          0x002122e8      0x270 /usr/bin/../lib/gcc/arm-none-eabi/4.9.3/armv7-m/libgcc.a(_udivdi3.o)
                0x002122e8                __udivdi3
 .text.memcmp   0x00212558       0x64 /usr/bin/../lib/gcc/arm-none-eabi/4.9.3/../../../../arm-none-eabi/lib/armv7-m/libc.a(lib_a-memcmp.o)
                0x00212558                memcmp
 .text          0x002125bc       0xec /usr/bin/../lib/gcc/arm-none-eabi/4.9.3/../../../../arm-none-eabi/lib/armv7-m/libc.a(lib_a-memcpy.o)
                0x002125bc                memcpy
 .text.memmove  0x002126a8       0xc8 /usr/bin/../lib/gcc/arm-none-eabi/4.9.3/../../../../arm-none-eabi/lib/armv7-m/libc.a(lib_a-memmove.o)
                0x002126a8                memmove
 .text.memset   0x00212770       0x9c /usr/bin/../lib/gcc/arm-none-eabi/4.9.3/../../../../arm-none-eabi/lib/armv7-m/libc.a(lib_a-memset.o)
                0x00212770                memset
 .text.strcat   0x0021280c       0x40 /usr/bin/../lib/gcc/arm-none-eabi/4.9.3/../../../../arm-none-eabi/lib/armv7-m/libc.a(lib_a-strcat.o)
                0x0021280c                strcat
 .text.strchr   0x0021284c       0xcc /usr/bin/../lib/gcc/arm-none-eabi/4.9.3/../../../../arm-none-eabi/lib/armv7-m/libc.a(lib_a-strchr.o)
                0x0021284c                strchr
 .text          0x00212918      0x1bc /usr/bin/../lib/gcc/arm-none-eabi/4.9.3/../../../../arm-none-eabi/lib/armv7-m/libc.a(lib_a-strcmp.o)
                0x00212918                strcmp
 .text.strcpy   0x00212ad4       0xbc /usr/bin/../lib/gcc/arm-none-eabi/4.9.3/../../../../arm-none-eabi/lib/armv7-m/libc.a(lib_a-strcpy.o)
                0x00212ad4                strcpy
 .text.strlen   0x00212b90       0x5c /usr/bin/../lib/gcc/arm-none-eabi/4.9.3/../../../../arm-none-eabi/lib/armv7-m/libc.a(lib_a-strlen.o)
                0x00212b90                strlen
 .text._strtol_r
                0x00212bec      0x11c /usr/bin/../lib/gcc/arm-none-eabi/4.9.3/../../../../arm-none-eabi/lib/armv7-m/libc.a(lib_a-strtol.o)
                0x00212bec                _strtol_r
 .text.strtol   0x00212d08       0x18 /usr/bin/../lib/gcc/arm-none-eabi/4.9.3/../../../../arm-none-eabi/lib/armv7-m/libc.a(lib_a-strtol.o)
                0x00212d08                strtol
 .text.default_handler
                0x00212d20        0x2 obj_zoul/startup-gcc.o
                0x00212d20                default_handler
 .text.nmi_handler
                0x00212d22        0x6 obj_zoul/startup-gcc.o
                0x00212d22                nmi_handler
 .text.fade     0x00212d28       0x54 obj_zoul/platform.o
 .text.platform_init_stage_one
                0x00212d7c       0x14 obj_zoul/platform.o
                0x00212d7c                platform_init_stage_one
 .text.platform_idle
                0x00212d90        0x4 obj_zoul/platform.o
                0x00212d90                platform_idle
 .text.value    0x00212d94        0x4 obj_zoul/user-sensor.o
 .text.board_init
                0x00212d98        0x4 obj_zoul/board.o
                0x00212d98                board_init
 .text.soc_init
                0x00212d9c       0x22 obj_zoul/soc.o
                0x00212d9c                soc_init
 .text.clock_isr
                0x00212dbe        0x4 obj_zoul/clock.o
                0x00212dbe                clock_isr
 .text.rtimer_arch_init
                0x00212dc2        0x2 obj_zoul/rtimer-arch.o
                0x00212dc2                rtimer_arch_init
 .text.uart0_isr
                0x00212dc4        0x6 obj_zoul/uart.o
                0x00212dc4                uart0_isr
 .text.uart1_isr
                0x00212dca        0x6 obj_zoul/uart.o
                0x00212dca                uart1_isr
 .text.gpio_port_a_isr
                0x00212dd0        0x6 obj_zoul/gpio.o
                0x00212dd0                gpio_port_a_isr
 .text.gpio_port_b_isr
                0x00212dd6        0x6 obj_zoul/gpio.o
                0x00212dd6                gpio_port_b_isr
 .text.gpio_port_c_isr
                0x00212ddc        0x6 obj_zoul/gpio.o
                0x00212ddc                gpio_port_c_isr
 .text.gpio_port_d_isr
                0x00212de2        0x6 obj_zoul/gpio.o
                0x00212de2                gpio_port_d_isr
 .text.send     0x00212de8       0x12 obj_zoul/cc2538-rf.o
 .text.int_master_read_and_disable
                0x00212dfa        0x8 obj_zoul/int-master.o
                0x00212dfa                int_master_read_and_disable
 .text.int_master_status_set
                0x00212e02        0x6 obj_zoul/int-master.o
                0x00212e02                int_master_status_set
 .text.dbg_putchar
                0x00212e08       0x10 obj_zoul/dbg.o
                0x00212e08                dbg_putchar
 .text.dbg_send_bytes
                0x00212e18       0x20 obj_zoul/dbg.o
                0x00212e18                dbg_send_bytes
 .text.configure
                0x00212e38        0x4 obj_zoul/cc2538-temp-sensor.o
 .text.status   0x00212e3c        0x4 obj_zoul/cc2538-temp-sensor.o
 .text.value    0x00212e40       0x34 obj_zoul/cc2538-temp-sensor.o
 .text.configure
                0x00212e74        0x4 obj_zoul/vdd3-sensor.o
 .text.status   0x00212e78        0x4 obj_zoul/vdd3-sensor.o
 .text.value    0x00212e7c       0x2a obj_zoul/vdd3-sensor.o
 .text.usb_setup_bulk_endpoint
                0x00212ea6        0x4 obj_zoul/usb-core.o
                0x00212ea6                usb_setup_bulk_endpoint
 .text.usb_disable_endpoint
                0x00212eaa       0x12 obj_zoul/usb-core.o
                0x00212eaa                usb_disable_endpoint
 .text.encapsulated_command
                0x00212ebc        0x4 obj_zoul/cdc-acm.o
 .text.notify_ep_process.constprop.4
                0x00212ec0       0x12 obj_zoul/usb-arch.o
 .text.usb_arch_control_stall
                0x00212ed2       0x26 obj_zoul/usb-arch.o
                0x00212ed2                usb_arch_control_stall
 .text.usb_arch_set_configuration
                0x00212ef8        0x2 obj_zoul/usb-arch.o
                0x00212ef8                usb_arch_set_configuration
 .text.shell_init
                0x00212efa        0x4 obj_zoul/shell.o
                0x00212efa                shell_init
 .text.autostart_start
                0x00212efe       0x14 obj_zoul/autostart.o
                0x00212efe                autostart_start
 .text.energest_init
                0x00212f12        0x2 obj_zoul/energest.o
                0x00212f12                energest_init
 .text.etimer_set
                0x00212f14       0x12 obj_zoul/etimer.o
                0x00212f14                etimer_set
 .text.etimer_reset
                0x00212f26       0x12 obj_zoul/etimer.o
                0x00212f26                etimer_reset
 .text.etimer_expired
                0x00212f38        0xa obj_zoul/etimer.o
                0x00212f38                etimer_expired
 .text.call_process
                0x00212f42        0xc obj_zoul/process.o
 .text.rtimer_init
                0x00212f4e        0x4 obj_zoul/rtimer.o
                0x00212f4e                rtimer_init
 .text.stimer_set
                0x00212f52        0xe obj_zoul/stimer.o
                0x00212f52                stimer_set
 .text.timer_set
                0x00212f60        0xe obj_zoul/timer.o
                0x00212f60                timer_set
 .text.timer_expired
                0x00212f6e       0x1c obj_zoul/timer.o
                0x00212f6e                timer_expired
 .text.timer_reset
                0x00212f8a       0x14 obj_zoul/timer.o
                0x00212f8a                timer_reset
 .text.button_hal_get_state
                0x00212f9e       0x2a obj_zoul/button-hal.o
                0x00212f9e                button_hal_get_state
 .text.list_init
                0x00212fc8        0x6 obj_zoul/list.o
                0x00212fc8                list_init
 .text.list_head
                0x00212fce        0x4 obj_zoul/list.o
                0x00212fce                list_head
 .text.list_tail
                0x00212fd2       0x10 obj_zoul/list.o
                0x00212fd2                list_tail
 .text.list_remove
                0x00212fe2       0x28 obj_zoul/list.o
                0x00212fe2                list_remove
 .text.list_add
                0x0021300a       0x1e obj_zoul/list.o
                0x0021300a                list_add
 .text.list_push
                0x00213028       0x12 obj_zoul/list.o
                0x00213028                list_push
 .text.list_item_next
                0x0021303a        0x6 obj_zoul/list.o
                0x0021303a                list_item_next
 .text.memb_init
                0x00213040       0x20 obj_zoul/memb.o
                0x00213040                memb_init
 .text.memb_alloc
                0x00213060       0x28 obj_zoul/memb.o
                0x00213060                memb_alloc
 .text.memb_free
                0x00213088       0x2c obj_zoul/memb.o
                0x00213088                memb_free
 .text.memb_inmemb
                0x002130b4       0x1c obj_zoul/memb.o
                0x002130b4                memb_inmemb
 .text.memb_numfree
                0x002130d0       0x1c obj_zoul/memb.o
                0x002130d0                memb_numfree
 .text.ringbuf_init
                0x002130ec        0xe obj_zoul/ringbuf.o
                0x002130ec                ringbuf_init
 .text.ringbuf_put
                0x002130fa       0x28 obj_zoul/ringbuf.o
                0x002130fa                ringbuf_put
 .text.ringbuf_get
                0x00213122       0x20 obj_zoul/ringbuf.o
                0x00213122                ringbuf_get
 .text.ringbufindex_init
                0x00213142        0xc obj_zoul/ringbufindex.o
                0x00213142                ringbufindex_init
 .text.ringbufindex_put
                0x0021314e       0x1c obj_zoul/ringbufindex.o
                0x0021314e                ringbufindex_put
 .text.ringbufindex_peek_put
                0x0021316a       0x18 obj_zoul/ringbufindex.o
                0x0021316a                ringbufindex_peek_put
 .text.ringbufindex_get
                0x00213182       0x1a obj_zoul/ringbufindex.o
                0x00213182                ringbufindex_get
 .text.ringbufindex_peek_get
                0x0021319c       0x14 obj_zoul/ringbufindex.o
                0x0021319c                ringbufindex_peek_get
 .text.ringbufindex_elements
                0x002131b0        0xc obj_zoul/ringbufindex.o
                0x002131b0                ringbufindex_elements
 .text.ringbufindex_empty
                0x002131bc        0xe obj_zoul/ringbufindex.o
                0x002131bc                ringbufindex_empty
 .text.linkaddr_copy
                0x002131ca        0x6 obj_zoul/linkaddr.o
                0x002131ca                linkaddr_copy
 .text.linkaddr_cmp
                0x002131d0       0x10 obj_zoul/linkaddr.o
                0x002131d0                linkaddr_cmp
 .text.link_stats_is_fresh
                0x002131e0       0x24 obj_zoul/link-stats.o
                0x002131e0                link_stats_is_fresh
 .text.guess_etx_from_rssi
                0x00213204       0x40 obj_zoul/link-stats.o
                0x00213204                guess_etx_from_rssi
 .text.nbr_set_bit
                0x00213244       0x38 obj_zoul/nbr-table.o
 .text.item_from_key
                0x0021327c       0x22 obj_zoul/nbr-table.o
 .text.nbr_table_next
                0x0021329e       0x2e obj_zoul/nbr-table.o
                0x0021329e                nbr_table_next
 .text.nbr_table_get_from_lladdr
                0x002132cc       0x32 obj_zoul/nbr-table.o
                0x002132cc                nbr_table_get_from_lladdr
 .text.nbr_table_get_lladdr
                0x002132fe        0xc obj_zoul/nbr-table.o
                0x002132fe                nbr_table_get_lladdr
 .text.packetbuf_remaininglen
                0x0021330a        0xe obj_zoul/packetbuf.o
                0x0021330a                packetbuf_remaininglen
 .text.queuebuf_datalen
                0x00213318        0x8 obj_zoul/queuebuf.o
                0x00213318                queuebuf_datalen
 .text.queuebuf_addr
                0x00213320        0xa obj_zoul/queuebuf.o
                0x00213320                queuebuf_addr
 .text.queuebuf_attr
                0x0021332a        0xc obj_zoul/queuebuf.o
                0x0021332a                queuebuf_attr
 .text.mac_call_sent_callback
                0x00213336       0x16 obj_zoul/mac.o
                0x00213336                mac_call_sent_callback
 .text.frame802154_has_panid
                0x0021334c       0xb0 obj_zoul/frame802154.o
                0x0021334c                frame802154_has_panid
 .text.field_len
                0x002133fc       0x84 obj_zoul/frame802154.o
 .text.frame802154_is_broadcast_addr
                0x00213480       0x1e obj_zoul/frame802154.o
                0x00213480                frame802154_is_broadcast_addr
 .text.frame802154_hdrlen
                0x0021349e       0x32 obj_zoul/frame802154.o
                0x0021349e                frame802154_hdrlen
 .text.frame802154_create_fcf
                0x002134d0       0x62 obj_zoul/frame802154.o
                0x002134d0                frame802154_create_fcf
 .text.frame802154_create
                0x00213532       0x92 obj_zoul/frame802154.o
                0x00213532                frame802154_create
 .text.frame802154_parse_fcf
                0x002135c4       0x64 obj_zoul/frame802154.o
                0x002135c4                frame802154_parse_fcf
 .text.frame80215e_create_ie_header_ack_nack_time_correction
                0x00213628       0x2c obj_zoul/frame802154e-ie.o
                0x00213628                frame80215e_create_ie_header_ack_nack_time_correction
 .text.frame80215e_create_ie_header_list_termination_1
                0x00213654       0x18 obj_zoul/frame802154e-ie.o
                0x00213654                frame80215e_create_ie_header_list_termination_1
 .text.frame80215e_create_ie_mlme
                0x0021366c       0x22 obj_zoul/frame802154e-ie.o
                0x0021366c                frame80215e_create_ie_mlme
 .text.frame80215e_create_ie_tsch_synchronization
                0x0021368e       0x32 obj_zoul/frame802154e-ie.o
                0x0021368e                frame80215e_create_ie_tsch_synchronization
 .text.frame80215e_create_ie_tsch_slotframe_and_link
                0x002136c0       0x96 obj_zoul/frame802154e-ie.o
                0x002136c0                frame80215e_create_ie_tsch_slotframe_and_link
 .text.frame80215e_create_ie_tsch_timeslot
                0x00213756       0x48 obj_zoul/frame802154e-ie.o
                0x00213756                frame80215e_create_ie_tsch_timeslot
 .text.frame80215e_create_ie_tsch_channel_hopping_sequence
                0x0021379e       0x72 obj_zoul/frame802154e-ie.o
                0x0021379e                frame80215e_create_ie_tsch_channel_hopping_sequence
 .text.create   0x00213810        0x6 obj_zoul/framer-802154.o
 .text.hdr_length
                0x00213816        0x6 obj_zoul/framer-802154.o
 .text.write_str
                0x0021381c       0x10 obj_zoul/printf.o
 .text.putchar  0x0021382c        0xc obj_zoul/putchar.o
                0x0021382c                putchar
 .text.buffer_str
                0x00213838       0x28 obj_zoul/snprintf.o
 .text.snprintf
                0x00213860       0x1a obj_zoul/snprintf.o
                0x00213860                snprintf
 .text.tsch_packet_set_frame_pending
                0x0021387a        0xa obj_zoul/tsch-packet.o
                0x0021387a                tsch_packet_set_frame_pending
 .text.tsch_packet_get_frame_pending
                0x00213884        0x8 obj_zoul/tsch-packet.o
                0x00213884                tsch_packet_get_frame_pending
 .text.tsch_queue_packet_count
                0x0021388c       0x22 obj_zoul/tsch-queue.o
                0x0021388c                tsch_queue_packet_count
 .text.tsch_queue_remove_packet_from_queue
                0x002138ae       0x28 obj_zoul/tsch-queue.o
                0x002138ae                tsch_queue_remove_packet_from_queue
 .text.tsch_queue_is_empty
                0x002138d6       0x20 obj_zoul/tsch-queue.o
                0x002138d6                tsch_queue_is_empty
 .text.tsch_queue_get_packet_for_nbr
                0x002138f6       0x3a obj_zoul/tsch-queue.o
                0x002138f6                tsch_queue_get_packet_for_nbr
 .text.tsch_queue_backoff_inc
                0x00213930       0x28 obj_zoul/tsch-queue.o
                0x00213930                tsch_queue_backoff_inc
 .text.tsch_queue_packet_sent
                0x00213958       0x58 obj_zoul/tsch-queue.o
                0x00213958                tsch_queue_packet_sent
 .text.tsch_rpl_callback_joining_network
                0x002139b0        0x2 obj_zoul/tsch-rpl.o
                0x002139b0                tsch_rpl_callback_joining_network
 .text.tsch_schedule_get_link_by_timeslot
                0x002139b2       0x2c obj_zoul/tsch-schedule.o
                0x002139b2                tsch_schedule_get_link_by_timeslot
 .text.tsch_schedule_remove_link_by_timeslot
                0x002139de       0x1c obj_zoul/tsch-schedule.o
                0x002139de                tsch_schedule_remove_link_by_timeslot
 .text.tsch_schedule_slotframe_next
                0x002139fa        0x4 obj_zoul/tsch-schedule.o
                0x002139fa                tsch_schedule_slotframe_next
 .text.chksum   0x002139fe       0x38 obj_zoul/uip6.o
 .text.uip_icmp6chksum
                0x00213a36        0x6 obj_zoul/uip6.o
                0x00213a36                uip_icmp6chksum
 .text.uip_udpchksum
                0x00213a3c        0x6 obj_zoul/uip6.o
                0x00213a3c                uip_udpchksum
 .text.uip_htonl
                0x00213a42       0x14 obj_zoul/uip6.o
                0x00213a42                uip_htonl
 .text.uipbuf_set_len_field
                0x00213a56        0x8 obj_zoul/uipbuf.o
                0x00213a56                uipbuf_set_len_field
 .text.uipbuf_get_len_field
                0x00213a5e        0xc obj_zoul/uipbuf.o
                0x00213a5e                uipbuf_get_len_field
 .text.uipbuf_get_next_header
                0x00213a6a       0x4e obj_zoul/uipbuf.o
                0x00213a6a                uipbuf_get_next_header
 .text.uipbuf_get_last_header
                0x00213ab8       0x2c obj_zoul/uipbuf.o
                0x00213ab8                uipbuf_get_last_header
 .text.uipbuf_search_header
                0x00213ae4       0x40 obj_zoul/uipbuf.o
                0x00213ae4                uipbuf_search_header
 .text.uip_ds6_list_loop
                0x00213b24       0x54 obj_zoul/uip-ds6.o
                0x00213b24                uip_ds6_list_loop
 .text.uip_ds6_maddr_rm
                0x00213b78        0x8 obj_zoul/uip-ds6.o
                0x00213b78                uip_ds6_maddr_rm
 .text.uip_ds6_set_addr_iid
                0x00213b80       0x16 obj_zoul/uip-ds6.o
                0x00213b80                uip_ds6_set_addr_iid
 .text.uip_ds6_set_lladdr_from_iid
                0x00213b96       0x16 obj_zoul/uip-ds6.o
                0x00213b96                uip_ds6_set_lladdr_from_iid
 .text.get_match_length
                0x00213bac       0x3a obj_zoul/uip-ds6.o
                0x00213bac                get_match_length
 .text.uip_ds6_nbr_get_ipaddr
                0x00213be6        0x2 obj_zoul/uip-ds6-nbr.o
                0x00213be6                uip_ds6_nbr_get_ipaddr
 .text.uip_ds6_nbr_lookup
                0x00213be8       0x2c obj_zoul/uip-ds6-nbr.o
                0x00213be8                uip_ds6_nbr_lookup
 .text.uip_ds6_nbr_ipaddr_from_lladdr
                0x00213c14        0x4 obj_zoul/uip-ds6-nbr.o
                0x00213c14                uip_ds6_nbr_ipaddr_from_lladdr
 .text.uip_ds6_nbr_lladdr_from_ipaddr
                0x00213c18       0x12 obj_zoul/uip-ds6-nbr.o
                0x00213c18                uip_ds6_nbr_lladdr_from_ipaddr
 .text.uip_ds6_link_callback
                0x00213c2a        0x2 obj_zoul/uip-ds6-nbr.o
                0x00213c2a                uip_ds6_link_callback
 .text.uip_ds6_route_nexthop
                0x00213c2c        0x4 obj_zoul/uip-ds6-route.o
                0x00213c2c                uip_ds6_route_nexthop
 .text.uip_ds6_route_lookup
                0x00213c30        0x4 obj_zoul/uip-ds6-route.o
                0x00213c30                uip_ds6_route_lookup
 .text.uip_ds6_route_rm
                0x00213c34        0x2 obj_zoul/uip-ds6-route.o
                0x00213c34                uip_ds6_route_rm
 .text.uiplib_ip6addrconv
                0x00213c36       0xb4 obj_zoul/uiplib.o
                0x00213c36                uiplib_ip6addrconv
 .text.uip_sr_expire_parent
                0x00213cea       0x28 obj_zoul/uip-sr.o
                0x00213cea                uip_sr_expire_parent
 .text.uip_sr_node_next
                0x00213d12        0x4 obj_zoul/uip-sr.o
                0x00213d12                uip_sr_node_next
 .text.neighbor_state_changed
                0x00213d16        0x2 obj_zoul/rpl.o
 .text.drop_route
                0x00213d18        0x2 obj_zoul/rpl.o
 .text.rpl_lollipop_greater_than
                0x00213d1a       0x34 obj_zoul/rpl.o
                0x00213d1a                rpl_lollipop_greater_than
 .text.rpl_process_hbh
                0x00213d4e       0x1c obj_zoul/rpl-dag.o
                0x00213d4e                rpl_process_hbh
 .text.get32    0x00213d6a       0x18 obj_zoul/rpl-icmp6.o
 .text.set32    0x00213d82       0x12 obj_zoul/rpl-icmp6.o
 .text.get16    0x00213d94        0xc obj_zoul/rpl-icmp6.o
 .text.set16    0x00213da0        0xa obj_zoul/rpl-icmp6.o
 .text.nbr_link_metric
                0x00213daa       0x12 obj_zoul/rpl-mrhof.o
 .text.nbr_has_usable_link
                0x00213dbc       0x12 obj_zoul/rpl-mrhof.o
 .text.nbr_path_cost
                0x00213dce       0x28 obj_zoul/rpl-mrhof.o
 .text.nbr_is_acceptable_parent
                0x00213df6       0x1e obj_zoul/rpl-mrhof.o
 .text.rpl_neighbor_get_ipaddr
                0x00213e14        0xe obj_zoul/rpl-neighbor.o
                0x00213e14                rpl_neighbor_get_ipaddr
 .text.rpl_neighbor_get_link_stats
                0x00213e22        0xe obj_zoul/rpl-neighbor.o
                0x00213e22                rpl_neighbor_get_link_stats
 .text.rpl_neighbor_is_fresh