Archive member included because of file (symbol)

/usr/bin/../lib/gcc/arm-none-eabi/4.9.3/armv7-m/libgcc.a(_ashldi3.o)
                              obj_zoul/mmc.o (__aeabi_llsl)
/usr/bin/../lib/gcc/arm-none-eabi/4.9.3/armv7-m/libgcc.a(_aeabi_uldivmod.o)
                              obj_zoul/spi-legacy.o (__aeabi_uldivmod)
/usr/bin/../lib/gcc/arm-none-eabi/4.9.3/armv7-m/libgcc.a(bpabi.o)
                              /usr/bin/../lib/gcc/arm-none-eabi/4.9.3/armv7-m/libgcc.a(_aeabi_uldivmod.o) (__gnu_uldivmod_helper)
/usr/bin/../lib/gcc/arm-none-eabi/4.9.3/armv7-m/libgcc.a(_dvmd_tls.o)
                              /usr/bin/../lib/gcc/arm-none-eabi/4.9.3/armv7-m/libgcc.a(_aeabi_uldivmod.o) (__aeabi_ldiv0)
/usr/bin/../lib/gcc/arm-none-eabi/4.9.3/armv7-m/libgcc.a(_divdi3.o)
                              /usr/bin/../lib/gcc/arm-none-eabi/4.9.3/armv7-m/libgcc.a(bpabi.o) (__divdi3)
/usr/bin/../lib/gcc/arm-none-eabi/4.9.3/armv7-m/libgcc.a(_udivdi3.o)
                              /usr/bin/../lib/gcc/arm-none-eabi/4.9.3/armv7-m/libgcc.a(bpabi.o) (__udivdi3)
/usr/bin/../lib/gcc/arm-none-eabi/4.9.3/../../../../arm-none-eabi/lib/armv7-m/libc.a(lib_a-ctype_.o)
                              obj_zoul/resolv.o (__ctype_ptr__)
/usr/bin/../lib/gcc/arm-none-eabi/4.9.3/../../../../arm-none-eabi/lib/armv7-m/libc.a(lib_a-malloc.o)
                              obj_zoul/syscall.o (malloc)
/usr/bin/../lib/gcc/arm-none-eabi/4.9.3/../../../../arm-none-eabi/lib/armv7-m/libc.a(lib_a-mallocr.o)
                              /usr/bin/../lib/gcc/arm-none-eabi/4.9.3/../../../../arm-none-eabi/lib/armv7-m/libc.a(lib_a-malloc.o) (_malloc_r)
/usr/bin/../lib/gcc/arm-none-eabi/4.9.3/../../../../arm-none-eabi/lib/armv7-m/libc.a(lib_a-memcmp.o)
                              obj_zoul/linkaddr.o (memcmp)
/usr/bin/../lib/gcc/arm-none-eabi/4.9.3/../../../../arm-none-eabi/lib/armv7-m/libc.a(lib_a-memcpy.o)
                              obj_zoul/ecc-algorithm.o (memcpy)
/usr/bin/../lib/gcc/arm-none-eabi/4.9.3/../../../../arm-none-eabi/lib/armv7-m/libc.a(lib_a-memmove.o)
                              obj_zoul/sicslowpan.o (memmove)
/usr/bin/../lib/gcc/arm-none-eabi/4.9.3/../../../../arm-none-eabi/lib/armv7-m/libc.a(lib_a-memset.o)
                              obj_zoul/udma.o (memset)
/usr/bin/../lib/gcc/arm-none-eabi/4.9.3/../../../../arm-none-eabi/lib/armv7-m/libc.a(lib_a-mlock.o)
                              /usr/bin/../lib/gcc/arm-none-eabi/4.9.3/../../../../arm-none-eabi/lib/armv7-m/libc.a(lib_a-mallocr.o) (__malloc_lock)
/usr/bin/../lib/gcc/arm-none-eabi/4.9.3/../../../../arm-none-eabi/lib/armv7-m/libc.a(lib_a-reent.o)
                              obj_zoul/syscalls.o (errno)
/usr/bin/../lib/gcc/arm-none-eabi/4.9.3/../../../../arm-none-eabi/lib/armv7-m/libc.a(lib_a-sbrkr.o)
                              /usr/bin/../lib/gcc/arm-none-eabi/4.9.3/../../../../arm-none-eabi/lib/armv7-m/libc.a(lib_a-mallocr.o) (_sbrk_r)
/usr/bin/../lib/gcc/arm-none-eabi/4.9.3/../../../../arm-none-eabi/lib/armv7-m/libc.a(lib_a-strcasecmp.o)
                              obj_zoul/resolv.o (strcasecmp)
/usr/bin/../lib/gcc/arm-none-eabi/4.9.3/../../../../arm-none-eabi/lib/armv7-m/libc.a(lib_a-strcmp.o)
                              obj_zoul/cfs-coffee.o (strcmp)
/usr/bin/../lib/gcc/arm-none-eabi/4.9.3/../../../../arm-none-eabi/lib/armv7-m/libc.a(lib_a-strlen.o)
                              obj_zoul/sensors.o (strlen)
/usr/bin/../lib/gcc/arm-none-eabi/4.9.3/../../../../arm-none-eabi/lib/armv7-m/libc.a(lib_a-strncasecmp.o)
                              obj_zoul/resolv.o (strncasecmp)
/usr/bin/../lib/gcc/arm-none-eabi/4.9.3/../../../../arm-none-eabi/lib/armv7-m/libc.a(lib_a-strncat.o)
                              obj_zoul/resolv.o (strncat)
/usr/bin/../lib/gcc/arm-none-eabi/4.9.3/../../../../arm-none-eabi/lib/armv7-m/libc.a(lib_a-strncmp.o)
                              obj_zoul/sensors.o (strncmp)
/usr/bin/../lib/gcc/arm-none-eabi/4.9.3/../../../../arm-none-eabi/lib/armv7-m/libc.a(lib_a-strncpy.o)
                              obj_zoul/cfs-coffee.o (strncpy)
/usr/bin/../lib/gcc/arm-none-eabi/4.9.3/../../../../arm-none-eabi/lib/armv7-m/libc.a(lib_a-freer.o)
                              /usr/bin/../lib/gcc/arm-none-eabi/4.9.3/../../../../arm-none-eabi/lib/armv7-m/libc.a(lib_a-malloc.o) (_free_r)
/usr/bin/../lib/gcc/arm-none-eabi/4.9.3/../../../../arm-none-eabi/lib/armv7-m/libc.a(lib_a-impure.o)
                              /usr/bin/../lib/gcc/arm-none-eabi/4.9.3/../../../../arm-none-eabi/lib/armv7-m/libc.a(lib_a-malloc.o) (_impure_ptr)

Allocating common symbols
Common symbol       size              file

compower_idle_activity
                    0x10              obj_zoul/compower.o
uip_ds6_timer_ra    0x8               obj_zoul/uip-ds6.o
rtcc_int1_callback  0x4               obj_zoul/rtcc.o
usb_setup_buffer    0x8               obj_zoul/usb-core.o
uip_ds6_if          0xf8              obj_zoul/uip-ds6.o
resolv_event_found  0x1               obj_zoul/resolv.o
[...]
Memory Configuration

Name             Origin             Length             Attributes
FLASH_FW         0x00202000         0x0007dfd4         xr
FLASH_CCA        0x0027ffd4         0x0000002c         xr
NRSRAM           0x20000000         0x00004000         xrw
FRSRAM           0x20004000         0x00004000         xrw
*default*        0x00000000         0xffffffff

Linker script and memory map

LOAD obj_zoul/startup-gcc.o
LOAD obj_zoul/platform.o
LOAD obj_zoul/leds-arch.o
LOAD obj_zoul/leds.o
LOAD obj_zoul/cc1200-zoul-arch.o
LOAD obj_zoul/adc-zoul.o
LOAD obj_zoul/board-buttons.o
LOAD obj_zoul/zoul-sensors.o
LOAD obj_zoul/user-sensor.o
LOAD obj_zoul/board.o
LOAD obj_zoul/antenna-sw.o
LOAD obj_zoul/mmc-arch.o
LOAD obj_zoul/rtcc.o
LOAD obj_zoul/power-mgmt.o
LOAD obj_zoul/soc.o
LOAD obj_zoul/clock.o
LOAD obj_zoul/rtimer-arch.o
LOAD obj_zoul/uart.o
LOAD obj_zoul/watchdog.o
LOAD obj_zoul/nvic.o
LOAD obj_zoul/sys-ctrl.o
LOAD obj_zoul/gpio.o
LOAD obj_zoul/ioc.o
LOAD obj_zoul/spi-legacy.o
LOAD obj_zoul/adc.o
LOAD obj_zoul/spi-arch.o
LOAD obj_zoul/crypto.o
LOAD obj_zoul/aes.o
LOAD obj_zoul/ecb.o
LOAD obj_zoul/cbc.o
LOAD obj_zoul/ctr.o
LOAD obj_zoul/cbc-mac.o
LOAD obj_zoul/gcm.o
LOAD obj_zoul/ccm.o
LOAD obj_zoul/sha256.o
LOAD obj_zoul/gpio-hal-arch.o
LOAD obj_zoul/cc2538-aes-128.o
LOAD obj_zoul/cc2538-ccm-star.o
LOAD obj_zoul/cc2538-rf.o
LOAD obj_zoul/udma.o
LOAD obj_zoul/lpm.o
LOAD obj_zoul/int-master.o
LOAD obj_zoul/pka.o
LOAD obj_zoul/bignum-driver.o
LOAD obj_zoul/ecc-driver.o
LOAD obj_zoul/ecc-algorithm.o
LOAD obj_zoul/ecc-curve.o
LOAD obj_zoul/dbg.o
LOAD obj_zoul/ieee-addr.o
LOAD obj_zoul/slip-arch.o
LOAD obj_zoul/slip.o
LOAD obj_zoul/i2c.o
LOAD obj_zoul/cc2538-temp-sensor.o
LOAD obj_zoul/vdd3-sensor.o
LOAD obj_zoul/cfs-coffee.o
LOAD obj_zoul/cfs-coffee-arch.o
LOAD obj_zoul/pwm.o
LOAD obj_zoul/usb-core.o
LOAD obj_zoul/cdc-acm.o
LOAD obj_zoul/usb-arch.o
LOAD obj_zoul/usb-serial.o
LOAD obj_zoul/cdc-acm-descriptors.o
LOAD obj_zoul/contiki-main.o
LOAD obj_zoul/autostart.o
LOAD obj_zoul/compower.o
LOAD obj_zoul/ctimer.o
LOAD obj_zoul/energest.o
LOAD obj_zoul/etimer.o
LOAD obj_zoul/log.o
LOAD obj_zoul/mutex.o
LOAD obj_zoul/node-id.o
LOAD obj_zoul/process.o
LOAD obj_zoul/rtimer.o
LOAD obj_zoul/stack-check.o
LOAD obj_zoul/stimer.o
LOAD obj_zoul/timer.o
LOAD obj_zoul/button-hal.o
LOAD obj_zoul/gpio-hal.o
LOAD obj_zoul/nullradio.o
LOAD obj_zoul/serial-line.o
LOAD obj_zoul/spi.o
LOAD obj_zoul/aes-128.o
LOAD obj_zoul/assert.o
LOAD obj_zoul/ccm-star.o
LOAD obj_zoul/circular-list.o
LOAD obj_zoul/crc16.o
LOAD obj_zoul/dbl-circ-list.o
LOAD obj_zoul/dbl-list.o
LOAD obj_zoul/heapmem.o
LOAD obj_zoul/ifft.o
LOAD obj_zoul/list.o
LOAD obj_zoul/memb.o
LOAD obj_zoul/random.o
LOAD obj_zoul/ringbuf.o
LOAD obj_zoul/ringbufindex.o
LOAD obj_zoul/sensors.o
LOAD obj_zoul/trickle-timer.o
LOAD obj_zoul/linkaddr.o
LOAD obj_zoul/link-stats.o
LOAD obj_zoul/nbr-table.o
LOAD obj_zoul/net-debug.o
LOAD obj_zoul/netstack.o
LOAD obj_zoul/packetbuf.o
LOAD obj_zoul/queuebuf.o
LOAD obj_zoul/mac.o
LOAD obj_zoul/mac-sequence.o
LOAD obj_zoul/frame802154.o
LOAD obj_zoul/frame802154e-ie.o
LOAD obj_zoul/framer-802154.o
LOAD obj_zoul/nullframer.o
LOAD obj_zoul/ff.o
LOAD obj_zoul/syscall.o
LOAD obj_zoul/unicode.o
LOAD obj_zoul/diskio.o
LOAD obj_zoul/mmc.o
LOAD obj_zoul/syscalls.o
LOAD obj_zoul/printf.o
LOAD obj_zoul/putchar.o
LOAD obj_zoul/puts.o
LOAD obj_zoul/snprintf.o
LOAD obj_zoul/sprintf.o
LOAD obj_zoul/strformat.o
LOAD obj_zoul/cc1200-802154g-863-870-fsk-50kbps.o
LOAD obj_zoul/cc1200-868-4gfsk-1000kbps.o
LOAD obj_zoul/cc1200-868-fsk-1-2kbps.o
LOAD obj_zoul/cc1200.o
LOAD obj_zoul/rgb-led.o
LOAD obj_zoul/anti-replay.o
LOAD obj_zoul/ccm-star-packetbuf.o
LOAD obj_zoul/csma.o
LOAD obj_zoul/csma-output.o
LOAD obj_zoul/csma-security.o
LOAD obj_zoul/ip64-addr.o
LOAD obj_zoul/psock.o
LOAD obj_zoul/resolv.o
LOAD obj_zoul/sicslowpan.o
LOAD obj_zoul/simple-udp.o
LOAD obj_zoul/tcpip.o
LOAD obj_zoul/tcp-socket.o
LOAD obj_zoul/udp-socket.o
LOAD obj_zoul/uip6.o
LOAD obj_zoul/uipbuf.o
LOAD obj_zoul/uip-ds6.o
LOAD obj_zoul/uip-ds6-nbr.o
LOAD obj_zoul/uip-ds6-route.o
LOAD obj_zoul/uip-icmp6.o
LOAD obj_zoul/uiplib.o
LOAD obj_zoul/uip-nameserver.o
LOAD obj_zoul/uip-nd6.o
LOAD obj_zoul/uip-packetqueue.o
LOAD obj_zoul/uip-sr.o
LOAD obj_zoul/uip-udp-packet.o
LOAD obj_zoul/rpl.o
LOAD obj_zoul/rpl-dag.o
LOAD obj_zoul/rpl-dag-root.o
LOAD obj_zoul/rpl-ext-header.o
LOAD obj_zoul/rpl-icmp6.o
LOAD obj_zoul/rpl-mrhof.o
LOAD obj_zoul/rpl-nbr-policy.o
LOAD obj_zoul/rpl-neighbor.o
LOAD obj_zoul/rpl-of0.o
LOAD obj_zoul/rpl-timers.o
LOAD hello-world.o
START GROUP
LOAD /usr/bin/../lib/gcc/arm-none-eabi/4.9.3/../../../../arm-none-eabi/lib/armv7-m/libm.a
END GROUP
START GROUP
LOAD /usr/bin/../lib/gcc/arm-none-eabi/4.9.3/armv7-m/libgcc.a
LOAD /usr/bin/../lib/gcc/arm-none-eabi/4.9.3/../../../../arm-none-eabi/lib/armv7-m/libc.a
END GROUP

.text           0x00202000     0xa3a4
                0x00202000                _text = .
 *(SORT(.vectors))
 .vectors       0x00202000      0x28c obj_zoul/startup-gcc.o
                0x00202000                vectors
 *(SORT(.text*))
 .text.reset_handler
                0x0020228c       0x40 obj_zoul/startup-gcc.o
                0x0020228c                reset_handler
 .text.platform_init_stage_two
                0x002022cc       0x4c obj_zoul/platform.o
                0x002022cc                platform_init_stage_two
 .text.platform_init_stage_three
                0x00202318       0x8c obj_zoul/platform.o
                0x00202318                platform_init_stage_three
 .text.leds_on  0x002023a4       0x5c obj_zoul/leds.o
                0x002023a4                leds_on
 .text.leds_off
                0x00202400       0x48 obj_zoul/leds.o
                0x00202400                leds_off
 .text.leds_init
                0x00202448       0x44 obj_zoul/leds.o
                0x00202448                leds_init
 .text.value    0x0020248c        0xc obj_zoul/user-sensor.o
 .text.user_interrupt_handler
                0x00202498       0x28 obj_zoul/user-sensor.o
 .text.configure
                0x002024c0       0x84 obj_zoul/user-sensor.o
 .text.antenna_sw_config
                0x00202544       0x30 obj_zoul/antenna-sw.o
                0x00202544                antenna_sw_config
 .text.soc_get_rev
                0x00202574       0x18 obj_zoul/soc.o
                0x00202574                soc_get_rev
 .text.soc_print_info
                0x0020258c       0x10 obj_zoul/soc.o
                0x0020258c                soc_print_info
 .text.update_ticks
                0x0020259c       0x4c obj_zoul/clock.o
 .text.clock_init
                0x002025e8       0x4c obj_zoul/clock.o
                0x002025e8                clock_init
 .text.clock_time
                0x00202634       0x14 obj_zoul/clock.o
                0x00202634                clock_time
 .text.clock_seconds
                0x00202648       0x14 obj_zoul/clock.o
                0x00202648                clock_seconds
 .text.clock_delay_usec
                0x0020265c       0x1c obj_zoul/clock.o
                0x0020265c                clock_delay_usec
 .text.clock_adjust
                0x00202678       0x20 obj_zoul/clock.o
                0x00202678                clock_adjust
 .text.rtimer_arch_next_trigger
                0x00202698        0xc obj_zoul/rtimer-arch.o
                0x00202698                rtimer_arch_next_trigger
 .text.rtimer_arch_now
                0x002026a4       0x2c obj_zoul/rtimer-arch.o
                0x002026a4                rtimer_arch_now
 .text.rtimer_arch_schedule
                0x002026d0       0x58 obj_zoul/rtimer-arch.o
                0x002026d0                rtimer_arch_schedule
 .text.rtimer_isr
                0x00202728       0x2c obj_zoul/rtimer-arch.o
                0x00202728                rtimer_isr
 .text.permit_pm1
                0x00202754       0x24 obj_zoul/uart.o
 .text.uart_isr
                0x00202778       0x64 obj_zoul/uart.o
 .text.uart_init
                0x002027dc      0x1b8 obj_zoul/uart.o
                0x002027dc                uart_init
 .text.uart_set_input
                0x00202994       0x10 obj_zoul/uart.o
                0x00202994                uart_set_input
 .text.uart_write_byte
                0x002029a4       0x1c obj_zoul/uart.o
                0x002029a4                uart_write_byte
 .text.watchdog_init
                0x002029c0        0xc obj_zoul/watchdog.o
                0x002029c0                watchdog_init
 .text.watchdog_start
                0x002029cc        0xc obj_zoul/watchdog.o
                0x002029cc                watchdog_start
 .text.watchdog_periodic
                0x002029d8       0x10 obj_zoul/watchdog.o
                0x002029d8                watchdog_periodic
 .text.nvic_init
                0x002029e8       0x10 obj_zoul/nvic.o
                0x002029e8                nvic_init
 .text.sys_ctrl_init
                0x002029f8       0x74 obj_zoul/sys-ctrl.o
                0x002029f8                sys_ctrl_init
 .text.gpio_port_isr
                0x00202a6c       0x48 obj_zoul/gpio.o
 .text.ioc_init
                0x00202ab4       0x1c obj_zoul/ioc.o
                0x00202ab4                ioc_init
 .text.ioc_set_over
                0x00202ad0       0x14 obj_zoul/ioc.o
                0x00202ad0                ioc_set_over
 .text.ioc_set_sel
                0x00202ae4       0x14 obj_zoul/ioc.o
                0x00202ae4                ioc_set_sel
 .text.adc_get  0x00202af8       0x78 obj_zoul/adc.o
                0x00202af8                adc_get
 .text.permit_pm1
                0x00202b70       0x10 obj_zoul/crypto.o
 .text.crypto_isr
                0x00202b80       0x28 obj_zoul/crypto.o
                0x00202b80                crypto_isr
 .text.crypto_enable
                0x00202ba8       0x20 obj_zoul/crypto.o
                0x00202ba8                crypto_enable
 .text.crypto_init
                0x00202bc8       0x3c obj_zoul/crypto.o
                0x00202bc8                crypto_init
 .text.crypto_disable
                0x00202c04       0x20 obj_zoul/crypto.o
                0x00202c04                crypto_disable
 .text.gpio_hal_arch_pin_cfg_set
                0x00202c24       0xe8 obj_zoul/gpio-hal-arch.o
                0x00202c24                gpio_hal_arch_pin_cfg_set
 .text.on       0x00202d0c       0x28 obj_zoul/cc2538-rf.o
 .text.off      0x00202d34       0x40 obj_zoul/cc2538-rf.o
 .text.set_channel
                0x00202d74       0x38 obj_zoul/cc2538-rf.o
 .text.channel_clear
                0x00202dac       0x3c obj_zoul/cc2538-rf.o
 .text.receiving_packet
                0x00202de8       0x18 obj_zoul/cc2538-rf.o
 .text.pending_packet
                0x00202e00       0x10 obj_zoul/cc2538-rf.o
 .text.get_value
                0x00202e10      0x178 obj_zoul/cc2538-rf.o
 .text.prepare  0x00202f88       0x60 obj_zoul/cc2538-rf.o
 .text.transmit
                0x00202fe8       0x98 obj_zoul/cc2538-rf.o
 .text.set_object
                0x00203080       0x30 obj_zoul/cc2538-rf.o
 .text.read     0x002030b0       0xe0 obj_zoul/cc2538-rf.o
 .text.get_object
                0x00203190      0x144 obj_zoul/cc2538-rf.o
 .text.set_poll_mode
                0x002032d4       0x9c obj_zoul/cc2538-rf.o
 .text.init     0x00203370       0xe8 obj_zoul/cc2538-rf.o
 .text.process_thread_cc2538_rf_process
                0x00203458       0x90 obj_zoul/cc2538-rf.o
 .text.set_value
                0x002034e8      0x188 obj_zoul/cc2538-rf.o
 .text.cc2538_rf_rx_tx_isr
                0x00203670       0x24 obj_zoul/cc2538-rf.o
                0x00203670                cc2538_rf_rx_tx_isr
 .text.cc2538_rf_err_isr
                0x00203694       0x28 obj_zoul/cc2538-rf.o
                0x00203694                cc2538_rf_err_isr
 .text.udma_init
                0x002036bc       0x34 obj_zoul/udma.o
                0x002036bc                udma_init
 .text.udma_set_channel_src
                0x002036f0       0x10 obj_zoul/udma.o
                0x002036f0                udma_set_channel_src
 .text.udma_set_channel_dst
                0x00203700       0x14 obj_zoul/udma.o
                0x00203700                udma_set_channel_dst
 .text.udma_set_channel_control_word
                0x00203714       0x14 obj_zoul/udma.o
                0x00203714                udma_set_channel_control_word
 .text.udma_channel_enable
                0x00203728       0x18 obj_zoul/udma.o
                0x00203728                udma_channel_enable
 .text.udma_channel_mask_set
                0x00203740       0x18 obj_zoul/udma.o
                0x00203740                udma_channel_mask_set
 .text.udma_channel_sw_request
                0x00203758       0x18 obj_zoul/udma.o
                0x00203758                udma_channel_sw_request
 .text.udma_channel_get_mode
                0x00203770       0x1c obj_zoul/udma.o
                0x00203770                udma_channel_get_mode
 .text.udma_isr
                0x0020378c       0x10 obj_zoul/udma.o
                0x0020378c                udma_isr
 .text.udma_err_isr
                0x0020379c        0xc obj_zoul/udma.o
                0x0020379c                udma_err_isr
 .text.select_32_mhz_xosc
                0x002037a8       0x2c obj_zoul/lpm.o
 .text.lpm_exit
                0x002037d4       0x30 obj_zoul/lpm.o
                0x002037d4                lpm_exit
 .text.lpm_enter
                0x00203804       0xb4 obj_zoul/lpm.o
                0x00203804                lpm_enter
 .text.lpm_register_peripheral
                0x002038b8       0x20 obj_zoul/lpm.o
                0x002038b8                lpm_register_peripheral
 .text.lpm_init
                0x002038d8       0x24 obj_zoul/lpm.o
                0x002038d8                lpm_init
 .text.pka_isr  0x002038fc       0x28 obj_zoul/pka.o
                0x002038fc                pka_isr
 .text.ieee_addr_cpy_to
                0x00203924       0x60 obj_zoul/ieee-addr.o
                0x00203924                ieee_addr_cpy_to
 .text.startup.main
                0x00203984      0x1ec obj_zoul/contiki-main.o
                0x00203984                main
 .text.process_thread_ctimer_process
                0x00203b70       0x80 obj_zoul/ctimer.o
 .text.ctimer_init
                0x00203bf0       0x28 obj_zoul/ctimer.o
                0x00203bf0                ctimer_init
 .text.ctimer_set_with_process
                0x00203c18       0x44 obj_zoul/ctimer.o
                0x00203c18                ctimer_set_with_process
 .text.ctimer_set
                0x00203c5c       0x14 obj_zoul/ctimer.o
                0x00203c5c                ctimer_set
 .text.ctimer_reset
                0x00203c70       0x38 obj_zoul/ctimer.o
                0x00203c70                ctimer_reset
 .text.ctimer_stop
                0x00203ca8       0x2c obj_zoul/ctimer.o
                0x00203ca8                ctimer_stop
 .text.ctimer_expired
                0x00203cd4       0x34 obj_zoul/ctimer.o
                0x00203cd4                ctimer_expired
 .text.update_time
                0x00203d08       0x44 obj_zoul/etimer.o
 .text.etimer_request_poll
                0x00203d4c        0xc obj_zoul/etimer.o
                0x00203d4c                etimer_request_poll
 .text.process_thread_etimer_process
                0x00203d58       0x94 obj_zoul/etimer.o
 .text.add_timer
                0x00203dec       0x40 obj_zoul/etimer.o
 .text.etimer_pending
                0x00203e2c       0x10 obj_zoul/etimer.o
                0x00203e2c                etimer_pending
 .text.etimer_stop
                0x00203e3c       0x34 obj_zoul/etimer.o
                0x00203e3c                etimer_stop
 .text.log_6addr
                0x00203e70       0x20 obj_zoul/log.o
                0x00203e70                log_6addr
 .text.log_lladdr
                0x00203e90       0x3c obj_zoul/log.o
                0x00203e90                log_lladdr
 .text.node_id_init
                0x00203ecc       0x18 obj_zoul/node-id.o
                0x00203ecc                node_id_init
 .text.call_process.part.0
                0x00203ee4       0x38 obj_zoul/process.o
 .text.exit_process
                0x00203f1c       0x80 obj_zoul/process.o
 .text.do_poll  0x00203f9c       0x30 obj_zoul/process.o
 .text.process_alloc_event
                0x00203fcc       0x10 obj_zoul/process.o
                0x00203fcc                process_alloc_event
 .text.process_init
                0x00203fdc       0x30 obj_zoul/process.o
                0x00203fdc                process_init
 .text.process_run
                0x0020400c       0x84 obj_zoul/process.o
                0x0020400c                process_run
 .text.process_nevents
                0x00204090       0x14 obj_zoul/process.o
                0x00204090                process_nevents
 .text.process_post
                0x002040a4       0x3c obj_zoul/process.o
                0x002040a4                process_post
 .text.process_post_synch
                0x002040e0       0x14 obj_zoul/process.o
                0x002040e0                process_post_synch
 .text.process_start
                0x002040f4       0x30 obj_zoul/process.o
                0x002040f4                process_start
 .text.process_poll
                0x00204124       0x18 obj_zoul/process.o
                0x00204124                process_poll
 .text.rtimer_run_next
                0x0020413c       0x28 obj_zoul/rtimer.o
                0x0020413c                rtimer_run_next
 .text.stack_check_init
                0x00204164       0x38 obj_zoul/stack-check.o
                0x00204164                stack_check_init
 .text.stack_check_get_usage
                0x0020419c       0x44 obj_zoul/stack-check.o
                0x0020419c                stack_check_get_usage
 .text.process_thread_stack_check_process
                0x002041e0       0x88 obj_zoul/stack-check.o
 .text.stimer_expired
                0x00204268       0x20 obj_zoul/stimer.o
                0x00204268                stimer_expired
 .text.duration_exceeded_callback
                0x00204288       0x34 obj_zoul/button-hal.o
 .text.process_thread_button_hal_process
                0x002042bc       0x70 obj_zoul/button-hal.o
 .text.press_release_handler
                0x0020432c       0x18 obj_zoul/button-hal.o
 .text.debounce_handler
                0x00204344       0x64 obj_zoul/button-hal.o
 .text.button_hal_init
                0x002043a8       0xf0 obj_zoul/button-hal.o
                0x002043a8                button_hal_init
 .text.gpio_hal_register_handler
                0x00204498        0xc obj_zoul/gpio-hal.o
                0x00204498                gpio_hal_register_handler
 .text.gpio_hal_event_handler
                0x002044a4       0x24 obj_zoul/gpio-hal.o
                0x002044a4                gpio_hal_event_handler
 .text.gpio_hal_init
                0x002044c8        0xc obj_zoul/gpio-hal.o
                0x002044c8                gpio_hal_init
 .text.process_thread_serial_line_process
                0x002044d4       0x98 obj_zoul/serial-line.o
 .text.serial_line_input_byte
                0x0020456c       0x44 obj_zoul/serial-line.o
                0x0020456c                serial_line_input_byte
 .text.serial_line_init
                0x002045b0       0x24 obj_zoul/serial-line.o
                0x002045b0                serial_line_init
 .text.random_rand
                0x002045d4       0x20 obj_zoul/random.o
                0x002045d4                random_rand
 .text.random_init
                0x002045f4       0x78 obj_zoul/random.o
                0x002045f4                random_init
 .text.process_thread_sensors_process
                0x0020466c       0xd4 obj_zoul/sensors.o
 .text.sensors_changed
                0x00204740       0x38 obj_zoul/sensors.o
                0x00204740                sensors_changed
 .text.periodic
                0x00204778       0x2c obj_zoul/link-stats.o
 .text.link_stats_from_lladdr
                0x002047a4        0xc obj_zoul/link-stats.o
                0x002047a4                link_stats_from_lladdr
 .text.link_stats_packet_sent
                0x002047b0       0x74 obj_zoul/link-stats.o
                0x002047b0                link_stats_packet_sent
 .text.link_stats_input_callback
                0x00204824       0x50 obj_zoul/link-stats.o
                0x00204824                link_stats_input_callback
 .text.link_stats_reset
                0x00204874       0x24 obj_zoul/link-stats.o
                0x00204874                link_stats_reset
 .text.link_stats_init
                0x00204898       0x28 obj_zoul/link-stats.o
                0x00204898                link_stats_init
 .text.index_from_key
                0x002048c0       0x20 obj_zoul/nbr-table.o
 .text.index_from_lladdr
                0x002048e0       0x40 obj_zoul/nbr-table.o
 .text.key_from_item
                0x00204920       0x2c obj_zoul/nbr-table.o
 .text.nbr_get_bit.constprop.0
                0x0020494c       0x30 obj_zoul/nbr-table.o
 .text.nbr_table_is_registered
                0x0020497c       0x20 obj_zoul/nbr-table.o
                0x0020497c                nbr_table_is_registered
 .text.nbr_table_register
                0x0020499c       0x34 obj_zoul/nbr-table.o
                0x0020499c                nbr_table_register
 .text.nbr_table_head
                0x002049d0       0x34 obj_zoul/nbr-table.o
                0x002049d0                nbr_table_head
 .text.nbr_table_add_lladdr
                0x00204a04      0x15c obj_zoul/nbr-table.o
                0x00204a04                nbr_table_add_lladdr
 .text.nbr_table_remove
                0x00204b60       0x2c obj_zoul/nbr-table.o
                0x00204b60                nbr_table_remove
 .text.nbr_table_lock
                0x00204b8c       0x14 obj_zoul/nbr-table.o
                0x00204b8c                nbr_table_lock
 .text.nbr_table_unlock
                0x00204ba0       0x14 obj_zoul/nbr-table.o
                0x00204ba0                nbr_table_unlock
 .text.netstack_process_ip_callback
                0x00204bb4       0x38 obj_zoul/netstack.o
                0x00204bb4                netstack_process_ip_callback
 .text.netstack_init
                0x00204bec       0x24 obj_zoul/netstack.o
                0x00204bec                netstack_init
 .text.packetbuf_hdrreduce
                0x00204c10       0x2c obj_zoul/packetbuf.o
                0x00204c10                packetbuf_hdrreduce
 .text.packetbuf_set_datalen
                0x00204c3c        0xc obj_zoul/packetbuf.o
                0x00204c3c                packetbuf_set_datalen
 .text.packetbuf_hdrptr
                0x00204c48        0x8 obj_zoul/packetbuf.o
                0x00204c48                packetbuf_hdrptr
 .text.packetbuf_datalen
                0x00204c50        0xc obj_zoul/packetbuf.o
                0x00204c50                packetbuf_datalen
 .text.packetbuf_hdrlen
                0x00204c5c       0x18 obj_zoul/packetbuf.o
                0x00204c5c                packetbuf_hdrlen
 .text.packetbuf_dataptr
                0x00204c74       0x10 obj_zoul/packetbuf.o
                0x00204c74                packetbuf_dataptr
 .text.packetbuf_copyto
                0x00204c84       0x44 obj_zoul/packetbuf.o
                0x00204c84                packetbuf_copyto
 .text.packetbuf_totlen
                0x00204cc8       0x14 obj_zoul/packetbuf.o
                0x00204cc8                packetbuf_totlen
 .text.packetbuf_hdralloc
                0x00204cdc       0x3c obj_zoul/packetbuf.o
                0x00204cdc                packetbuf_hdralloc
 .text.packetbuf_attr_clear
                0x00204d18       0x34 obj_zoul/packetbuf.o
                0x00204d18                packetbuf_attr_clear
 .text.packetbuf_clear
                0x00204d4c       0x20 obj_zoul/packetbuf.o
                0x00204d4c                packetbuf_clear
 .text.packetbuf_copyfrom
                0x00204d6c       0x2c obj_zoul/packetbuf.o
                0x00204d6c                packetbuf_copyfrom
 .text.packetbuf_attr_copyto
                0x00204d98       0x24 obj_zoul/packetbuf.o
                0x00204d98                packetbuf_attr_copyto
 .text.packetbuf_attr_copyfrom
                0x00204dbc       0x28 obj_zoul/packetbuf.o
                0x00204dbc                packetbuf_attr_copyfrom
 .text.packetbuf_set_attr
                0x00204de4       0x10 obj_zoul/packetbuf.o
                0x00204de4                packetbuf_set_attr
 .text.packetbuf_attr
                0x00204df4        0xc obj_zoul/packetbuf.o
                0x00204df4                packetbuf_attr
 .text.packetbuf_set_addr
                0x00204e00       0x18 obj_zoul/packetbuf.o
                0x00204e00                packetbuf_set_addr
 .text.packetbuf_addr
                0x00204e18       0x10 obj_zoul/packetbuf.o
                0x00204e18                packetbuf_addr
 .text.packetbuf_holds_broadcast
                0x00204e28       0x10 obj_zoul/packetbuf.o
                0x00204e28                packetbuf_holds_broadcast
 .text.queuebuf_init
                0x00204e38       0x1c obj_zoul/queuebuf.o
                0x00204e38                queuebuf_init
 .text.queuebuf_numfree
                0x00204e54        0xc obj_zoul/queuebuf.o
                0x00204e54                queuebuf_numfree
 .text.queuebuf_new_from_packetbuf
                0x00204e60       0x44 obj_zoul/queuebuf.o
                0x00204e60                queuebuf_new_from_packetbuf
 .text.queuebuf_free
                0x00204ea4       0x2c obj_zoul/queuebuf.o
                0x00204ea4                queuebuf_free
 .text.queuebuf_to_packetbuf
                0x00204ed0       0x30 obj_zoul/queuebuf.o
                0x00204ed0                queuebuf_to_packetbuf
 .text.mac_sequence_is_duplicate
                0x00204f00       0x4c obj_zoul/mac-sequence.o
                0x00204f00                mac_sequence_is_duplicate
 .text.mac_sequence_register_seqno
                0x00204f4c       0x60 obj_zoul/mac-sequence.o
                0x00204f4c                mac_sequence_register_seqno
 .text.frame802154_get_pan_id
                0x00204fac        0xc obj_zoul/frame802154.o
                0x00204fac                frame802154_get_pan_id
 .text.frame802154_parse
                0x00204fb8      0x12c obj_zoul/frame802154.o
                0x00204fb8                frame802154_parse
 .text.create_frame
                0x002050e4       0xd0 obj_zoul/framer-802154.o
 .text.printf   0x002051b4       0x20 obj_zoul/printf.o
                0x002051b4                printf
 .text.vsnprintf
                0x002051d4       0x28 obj_zoul/snprintf.o
                0x002051d4                vsnprintf
 .text.fill_space
                0x002051fc       0x34 obj_zoul/strformat.o
 .text.format_str_v
                0x00205230      0x6e8 obj_zoul/strformat.o
                0x00205230                format_str_v
 .text.on       0x00205918        0xc obj_zoul/csma.o
 .text.off      0x00205924        0xc obj_zoul/csma.o
 .text.max_payload
                0x00205930       0x1c obj_zoul/csma.o
 .text.input_packet
                0x0020594c       0x50 obj_zoul/csma.o
 .text.schedule_transmission
                0x0020599c       0x38 obj_zoul/csma-output.o
 .text.tx_done  0x002059d4       0x88 obj_zoul/csma-output.o
 .text.transmit_from_queue
                0x00205a5c      0x1d0 obj_zoul/csma-output.o
 .text.csma_output_packet
                0x00205c2c      0x13c obj_zoul/csma-output.o
                0x00205c2c                csma_output_packet
 .text.csma_output_init
                0x00205d68       0x24 obj_zoul/csma-output.o
                0x00205d68                csma_output_init
 .text.csma_security_create_frame
                0x00205d8c       0x18 obj_zoul/csma-security.o
                0x00205d8c                csma_security_create_frame
 .text.csma_security_parse_frame
                0x00205da4        0xc obj_zoul/csma-security.o
                0x00205da4                csma_security_parse_frame
 .text.clear_fragments
                0x00205db0       0x3c obj_zoul/sicslowpan.o
 .text.sicslowpan_init
                0x00205dec       0x18 obj_zoul/sicslowpan.o
                0x00205dec                sicslowpan_init
 .text.set_packet_attrs
                0x00205e04       0x5c obj_zoul/sicslowpan.o
 .text.compress_addr_64
                0x00205e60       0x90 obj_zoul/sicslowpan.o
 .text.addr_context_lookup_by_prefix
                0x00205ef0       0x24 obj_zoul/sicslowpan.o
 .text.send_packet
                0x00205f14       0x24 obj_zoul/sicslowpan.o
 .text.fragment_copy_payload_and_send
                0x00205f38       0x6c obj_zoul/sicslowpan.o
 .text.output   0x00205fa4      0x780 obj_zoul/sicslowpan.o
 .text.packet_sent
                0x00206724       0x5c obj_zoul/sicslowpan.o
 .text.store_fragment
                0x00206780       0x58 obj_zoul/sicslowpan.o
 .text.uncompress_addr
                0x002067d8       0x8c obj_zoul/sicslowpan.o
 .text.add_fragment
                0x00206864      0x124 obj_zoul/sicslowpan.o
 .text.input    0x00206988      0x720 obj_zoul/sicslowpan.o
 .text.tcpip_output
                0x002070a8       0x2c obj_zoul/tcpip.o
                0x002070a8                tcpip_output
 .text.tcpip_input
                0x002070d4       0x24 obj_zoul/tcpip.o
                0x002070d4                tcpip_input
 .text.tcpip_ipv6_output
                0x002070f8       0xec obj_zoul/tcpip.o
                0x002070f8                tcpip_ipv6_output
 .text.packet_input.part.4
                0x002071e4       0x1c obj_zoul/tcpip.o
 .text.process_thread_tcpip_process
                0x00207200       0xcc obj_zoul/tcpip.o
 .text.tcpip_uipcall
                0x002072cc       0x2c obj_zoul/tcpip.o
                0x002072cc                tcpip_uipcall
 .text.upper_layer_chksum
                0x002072f8       0x54 obj_zoul/uip6.o
 .text.ext_hdr_options_process
                0x0020734c       0x80 obj_zoul/uip6.o
 .text.unlikely.uip_update_ttl
                0x002073cc       0x24 obj_zoul/uip6.o
 .text.uip_init
                0x002073f0       0x38 obj_zoul/uip6.o
                0x002073f0                uip_init
 .text.uip_remove_ext_hdr
                0x00207428       0x60 obj_zoul/uip6.o
                0x00207428                uip_remove_ext_hdr
 .text.uip_process
                0x00207488      0x450 obj_zoul/uip6.o
                0x00207488                uip_process
 .text.uipbuf_add_ext_hdr
                0x002078d8       0x28 obj_zoul/uipbuf.o
                0x002078d8                uipbuf_add_ext_hdr
 .text.uipbuf_set_len
                0x00207900       0x14 obj_zoul/uipbuf.o
                0x00207900                uipbuf_set_len
 .text.uipbuf_get_attr
                0x00207914       0x14 obj_zoul/uipbuf.o
                0x00207914                uipbuf_get_attr
 .text.uipbuf_clear_attr
                0x00207928       0x14 obj_zoul/uipbuf.o
                0x00207928                uipbuf_clear_attr
 .text.uipbuf_clear
                0x0020793c       0x20 obj_zoul/uipbuf.o
                0x0020793c                uipbuf_clear
 .text.uipbuf_init
                0x0020795c       0x20 obj_zoul/uipbuf.o
                0x0020795c                uipbuf_init
 .text.uip_ds6_prefix_add
                0x0020797c       0x64 obj_zoul/uip-ds6.o
                0x0020797c                uip_ds6_prefix_add
 .text.uip_ds6_is_addr_onlink
                0x002079e0       0x40 obj_zoul/uip-ds6.o
                0x002079e0                uip_ds6_is_addr_onlink
 .text.uip_ds6_addr_lookup
                0x00207a20       0x2c obj_zoul/uip-ds6.o
                0x00207a20                uip_ds6_addr_lookup
 .text.uip_ds6_get_link_local
                0x00207a4c       0x40 obj_zoul/uip-ds6.o
                0x00207a4c                uip_ds6_get_link_local
 .text.uip_ds6_maddr_add
                0x00207a8c       0x4c obj_zoul/uip-ds6.o
                0x00207a8c                uip_ds6_maddr_add
 .text.uip_ds6_addr_add
                0x00207ad8       0x94 obj_zoul/uip-ds6.o
                0x00207ad8                uip_ds6_addr_add
 .text.uip_ds6_maddr_lookup
                0x00207b6c       0x2c obj_zoul/uip-ds6.o
                0x00207b6c                uip_ds6_maddr_lookup
 .text.uip_ds6_addr_rm
                0x00207b98       0x44 obj_zoul/uip-ds6.o
                0x00207b98                uip_ds6_addr_rm
 .text.uip_ds6_periodic
                0x00207bdc       0x4c obj_zoul/uip-ds6.o
                0x00207bdc                uip_ds6_periodic
 .text.uip_ds6_select_src
                0x00207c28       0x94 obj_zoul/uip-ds6.o
                0x00207c28                uip_ds6_select_src
 .text.uip_ds6_compute_reachable_time
                0x00207cbc       0x28 obj_zoul/uip-ds6.o
                0x00207cbc                uip_ds6_compute_reachable_time
 .text.uip_ds6_init
                0x00207ce4       0xe0 obj_zoul/uip-ds6.o
                0x00207ce4                uip_ds6_init
 .text.uip_ds6_nbr_rm
                0x00207dc4       0x24 obj_zoul/uip-ds6-nbr.o
                0x00207dc4                uip_ds6_nbr_rm
 .text.uip_ds6_neighbors_init
                0x00207de8       0x1c obj_zoul/uip-ds6-nbr.o
                0x00207de8                uip_ds6_neighbors_init
 .text.uip_ds6_nbr_add
                0x00207e04       0x40 obj_zoul/uip-ds6-nbr.o
                0x00207e04                uip_ds6_nbr_add
 .text.uip_ds6_nbr_get_ll
                0x00207e44        0xc obj_zoul/uip-ds6-nbr.o
                0x00207e44                uip_ds6_nbr_get_ll
 .text.uip_ds6_nbr_head
                0x00207e50        0xc obj_zoul/uip-ds6-nbr.o
                0x00207e50                uip_ds6_nbr_head
 .text.uip_ds6_nbr_next
                0x00207e5c        0xc obj_zoul/uip-ds6-nbr.o
                0x00207e5c                uip_ds6_nbr_next
 .text.uip_ds6_nbr_ll_lookup
                0x00207e68        0xc obj_zoul/uip-ds6-nbr.o
                0x00207e68                uip_ds6_nbr_ll_lookup
 .text.uip_ds6_route_init
                0x00207e74       0x1c obj_zoul/uip-ds6-route.o
                0x00207e74                uip_ds6_route_init
 .text.uip_ds6_defrt_rm
                0x00207e90       0x38 obj_zoul/uip-ds6-route.o
                0x00207e90                uip_ds6_defrt_rm
 .text.uip_ds6_defrt_lookup
                0x00207ec8       0x34 obj_zoul/uip-ds6-route.o
                0x00207ec8                uip_ds6_defrt_lookup
 .text.uip_ds6_defrt_add
                0x00207efc       0x60 obj_zoul/uip-ds6-route.o
                0x00207efc                uip_ds6_defrt_add
 .text.uip_ds6_defrt_choose
                0x00207f5c       0x30 obj_zoul/uip-ds6-route.o
                0x00207f5c                uip_ds6_defrt_choose
 .text.uip_ds6_defrt_periodic
                0x00207f8c       0x30 obj_zoul/uip-ds6-route.o
                0x00207f8c                uip_ds6_defrt_periodic
 .text.echo_reply_input
                0x00207fbc       0x64 obj_zoul/uip-icmp6.o
 .text.echo_request_input
                0x00208020       0x98 obj_zoul/uip-icmp6.o
 .text.uip_icmp6_input
                0x002080b8       0x38 obj_zoul/uip-icmp6.o
                0x002080b8                uip_icmp6_input
 .text.uip_icmp6_register_input_handler
                0x002080f0        0xc obj_zoul/uip-icmp6.o
                0x002080f0                uip_icmp6_register_input_handler
 .text.uip_icmp6_error_output
                0x002080fc      0x140 obj_zoul/uip-icmp6.o
                0x002080fc                uip_icmp6_error_output
 .text.uip_icmp6_send
                0x0020823c       0x7c obj_zoul/uip-icmp6.o
                0x0020823c                uip_icmp6_send
 .text.uip_icmp6_init
                0x002082b8       0x1c obj_zoul/uip-icmp6.o
                0x002082b8                uip_icmp6_init
 .text.uiplib_ipaddr_snprint
                0x002082d4       0xf8 obj_zoul/uiplib.o
                0x002082d4                uiplib_ipaddr_snprint
 .text.ns_input
                0x002083cc      0x264 obj_zoul/uip-nd6.o
 .text.uip_nd6_init
                0x00208630        0xc obj_zoul/uip-nd6.o
                0x00208630                uip_nd6_init
 .text.node_matches_address.part.0
                0x0020863c       0x28 obj_zoul/uip-sr.o
 .text.uip_sr_get_node
                0x00208664       0x34 obj_zoul/uip-sr.o
                0x00208664                uip_sr_get_node
 .text.uip_sr_is_addr_reachable
                0x00208698       0x44 obj_zoul/uip-sr.o
                0x00208698                uip_sr_is_addr_reachable
 .text.uip_sr_update_node
                0x002086dc       0xa8 obj_zoul/uip-sr.o
                0x002086dc                uip_sr_update_node
 .text.uip_sr_init
                0x00208784       0x24 obj_zoul/uip-sr.o
                0x00208784                uip_sr_init
 .text.uip_sr_periodic
                0x002087a8       0x68 obj_zoul/uip-sr.o
                0x002087a8                uip_sr_periodic
 .text.uip_sr_free_all
                0x00208810       0x40 obj_zoul/uip-sr.o
                0x00208810                uip_sr_free_all
 .text.rpl_has_joined
                0x00208850       0x18 obj_zoul/rpl.o
                0x00208850                rpl_has_joined
 .text.rpl_is_reachable
                0x00208868       0x18 obj_zoul/rpl.o
                0x00208868                rpl_is_reachable
 .text.get_sr_node_ipaddr
                0x00208880       0x30 obj_zoul/rpl.o
 .text.set_ip_from_prefix
                0x002088b0       0x2c obj_zoul/rpl.o
 .text.init     0x002088dc       0x40 obj_zoul/rpl.o
 .text.rpl_link_callback
                0x0020891c       0x2c obj_zoul/rpl.o
                0x0020891c                rpl_link_callback
 .text.rpl_get_global_address
                0x00208948       0x64 obj_zoul/rpl.o
                0x00208948                rpl_get_global_address
 .text.rpl_reset_prefix
                0x002089ac       0x28 obj_zoul/rpl.o
                0x002089ac                rpl_reset_prefix
 .text.rpl_set_prefix_from_addr
                0x002089d4       0x6c obj_zoul/rpl.o
                0x002089d4                rpl_set_prefix_from_addr
 .text.rpl_get_leaf_only
                0x00208a40        0xc obj_zoul/rpl.o
                0x00208a40                rpl_get_leaf_only
 .text.init_dag
                0x00208a4c       0x7c obj_zoul/rpl-dag.o
 .text.init_dag_from_dio
                0x00208ac8       0x84 obj_zoul/rpl-dag.o
 .text.rpl_dag_get_root_ipaddr
                0x00208b4c       0x30 obj_zoul/rpl-dag.o
                0x00208b4c                rpl_dag_get_root_ipaddr
 .text.rpl_dag_leave
                0x00208b7c       0x54 obj_zoul/rpl-dag.o
                0x00208b7c                rpl_dag_leave
 .text.rpl_dag_poison_and_leave
                0x00208bd0       0x10 obj_zoul/rpl-dag.o
                0x00208bd0                rpl_dag_poison_and_leave
 .text.rpl_dag_periodic
                0x00208be0       0x48 obj_zoul/rpl-dag.o
                0x00208be0                rpl_dag_periodic
 .text.rpl_is_addr_in_our_dag
                0x00208c28       0x24 obj_zoul/rpl-dag.o
                0x00208c28                rpl_is_addr_in_our_dag
 .text.rpl_local_repair
                0x00208c4c       0x34 obj_zoul/rpl-dag.o
                0x00208c4c                rpl_local_repair
 .text.rpl_global_repair
                0x00208c80       0x38 obj_zoul/rpl-dag.o
                0x00208c80                rpl_global_repair
 .text.rpl_dag_ready_to_advertise
                0x00208cb8       0x24 obj_zoul/rpl-dag.o
                0x00208cb8                rpl_dag_ready_to_advertise
 .text.rpl_dag_update_state
                0x00208cdc      0x124 obj_zoul/rpl-dag.o
                0x00208cdc                rpl_dag_update_state
 .text.rpl_process_dio
                0x00208e00      0x18c obj_zoul/rpl-dag.o
                0x00208e00                rpl_process_dio
 .text.rpl_process_dis
                0x00208f8c       0x2c obj_zoul/rpl-dag.o
                0x00208f8c                rpl_process_dis
 .text.rpl_process_dao
                0x00208fb8       0x4c obj_zoul/rpl-dag.o
                0x00208fb8                rpl_process_dao
 .text.rpl_process_dao_ack
                0x00209004       0x54 obj_zoul/rpl-dag.o
                0x00209004                rpl_process_dao_ack
 .text.rpl_dag_init_root
                0x00209058       0xac obj_zoul/rpl-dag.o
                0x00209058                rpl_dag_init_root
 .text.rpl_dag_init
                0x00209104       0x10 obj_zoul/rpl-dag.o
                0x00209104                rpl_dag_init
 .text.rpl_dag_root_set_prefix
                0x00209114       0x68 obj_zoul/rpl-dag-root.o
                0x00209114                rpl_dag_root_set_prefix
 .text.rpl_dag_root_start
                0x0020917c       0x68 obj_zoul/rpl-dag-root.o
                0x0020917c                rpl_dag_root_start
 .text.rpl_dag_root_is_root
                0x002091e4       0x18 obj_zoul/rpl-dag-root.o
                0x002091e4                rpl_dag_root_is_root
 .text.update_hbh_header
                0x002091fc       0x4c obj_zoul/rpl-ext-header.o
 .text.rpl_ext_header_srh_get_next_hop
                0x00209248       0x84 obj_zoul/rpl-ext-header.o
                0x00209248                rpl_ext_header_srh_get_next_hop
 .text.rpl_ext_header_srh_update
                0x002092cc       0xa0 obj_zoul/rpl-ext-header.o
                0x002092cc                rpl_ext_header_srh_update
 .text.rpl_ext_header_hbh_update
                0x0020936c       0x94 obj_zoul/rpl-ext-header.o
                0x0020936c                rpl_ext_header_hbh_update
 .text.rpl_ext_header_remove
                0x00209400       0xa0 obj_zoul/rpl-ext-header.o
                0x00209400                rpl_ext_header_remove
 .text.rpl_ext_header_update
                0x002094a0      0x248 obj_zoul/rpl-ext-header.o
                0x002094a0                rpl_ext_header_update
 .text.dao_ack_input
                0x002096e8       0x38 obj_zoul/rpl-icmp6.o
 .text.dao_input
                0x00209720       0xfc obj_zoul/rpl-icmp6.o
 .text.dio_input
                0x0020981c      0x214 obj_zoul/rpl-icmp6.o
 .text.dis_input
                0x00209a30       0x2c obj_zoul/rpl-icmp6.o
 .text.rpl_icmp6_dis_output
                0x00209a5c       0x38 obj_zoul/rpl-icmp6.o
                0x00209a5c                rpl_icmp6_dis_output
 .text.rpl_icmp6_dio_output
                0x00209a94      0x1c0 obj_zoul/rpl-icmp6.o
                0x00209a94                rpl_icmp6_dio_output
 .text.rpl_icmp6_dao_output
                0x00209c54       0xc4 obj_zoul/rpl-icmp6.o
                0x00209c54                rpl_icmp6_dao_output
 .text.rpl_icmp6_dao_ack_output
                0x00209d18       0x44 obj_zoul/rpl-icmp6.o
                0x00209d18                rpl_icmp6_dao_ack_output
 .text.rpl_icmp6_init
                0x00209d5c       0x30 obj_zoul/rpl-icmp6.o
                0x00209d5c                rpl_icmp6_init
 .text.update_metric_container
                0x00209d8c        0xc obj_zoul/rpl-mrhof.o
 .text.within_hysteresis
                0x00209d98       0x38 obj_zoul/rpl-mrhof.o
 .text.rank_via_nbr
                0x00209dd0       0x30 obj_zoul/rpl-mrhof.o
 .text.best_parent
                0x00209e00       0x70 obj_zoul/rpl-mrhof.o
 .text.update_state
                0x00209e70       0x84 obj_zoul/rpl-nbr-policy.o
 .text.rpl_nbr_policy_find_removable
                0x00209ef4       0x50 obj_zoul/rpl-nbr-policy.o
                0x00209ef4                rpl_nbr_policy_find_removable
 .text.acceptable_rank
                0x00209f44       0x38 obj_zoul/rpl-neighbor.o
 .text.remove_neighbor
                0x00209f7c       0x3c obj_zoul/rpl-neighbor.o
 .text.rpl_neighbor_get_from_lladdr
                0x00209fb8       0x10 obj_zoul/rpl-neighbor.o
                0x00209fb8                rpl_neighbor_get_from_lladdr
 .text.rpl_neighbor_rank_via_nbr
                0x00209fc8       0x18 obj_zoul/rpl-neighbor.o
                0x00209fc8                rpl_neighbor_rank_via_nbr
 .text.rpl_neighbor_get_lladdr
                0x00209fe0       0x10 obj_zoul/rpl-neighbor.o
                0x00209fe0                rpl_neighbor_get_lladdr
 .text.best_parent
                0x00209ff0       0x64 obj_zoul/rpl-neighbor.o
 .text.rpl_neighbor_is_parent
                0x0020a054       0x18 obj_zoul/rpl-neighbor.o
                0x0020a054                rpl_neighbor_is_parent
 .text.rpl_neighbor_set_preferred_parent
                0x0020a06c       0x44 obj_zoul/rpl-neighbor.o
                0x0020a06c                rpl_neighbor_set_preferred_parent
 .text.rpl_neighbor_remove_all
                0x0020a0b0       0x2c obj_zoul/rpl-neighbor.o
                0x0020a0b0                rpl_neighbor_remove_all
 .text.rpl_neighbor_get_from_ipaddr
                0x0020a0dc       0x1c obj_zoul/rpl-neighbor.o
                0x0020a0dc                rpl_neighbor_get_from_ipaddr
 .text.rpl_neighbor_select_best
                0x0020a0f8       0x54 obj_zoul/rpl-neighbor.o
                0x0020a0f8                rpl_neighbor_select_best
 .text.rpl_neighbor_init
                0x0020a14c       0x14 obj_zoul/rpl-neighbor.o
                0x0020a14c                rpl_neighbor_init
 .text.new_dio_interval
                0x0020a160       0x54 obj_zoul/rpl-timers.o
 .text.handle_unicast_dio_timer
                0x0020a1b4       0x1c obj_zoul/rpl-timers.o
 .text.handle_dao_timer
                0x0020a1d0       0xdc obj_zoul/rpl-timers.o
 .text.handle_dao_ack_timer
                0x0020a2ac       0x10 obj_zoul/rpl-timers.o
 .text.handle_leaving_timer
                0x0020a2bc       0x10 obj_zoul/rpl-timers.o
 .text.handle_dio_timer
                0x0020a2cc       0x70 obj_zoul/rpl-timers.o
 .text.rpl_timers_schedule_periodic_dis
                0x0020a33c       0x38 obj_zoul/rpl-timers.o
                0x0020a33c                rpl_timers_schedule_periodic_dis
 .text.handle_dis_timer
                0x0020a374       0x34 obj_zoul/rpl-timers.o
 .text.handle_periodic_timer
                0x0020a3a8       0x48 obj_zoul/rpl-timers.o
 .text.rpl_timers_dio_reset
                0x0020a3f0       0x28 obj_zoul/rpl-timers.o
                0x0020a3f0                rpl_timers_dio_reset
 .text.rpl_timers_schedule_unicast_dio
                0x0020a418       0x24 obj_zoul/rpl-timers.o
                0x0020a418                rpl_timers_schedule_unicast_dio
 .text.rpl_timers_schedule_dao
                0x0020a43c       0x4c obj_zoul/rpl-timers.o
                0x0020a43c                rpl_timers_schedule_dao
 .text.rpl_timers_schedule_dao_ack
                0x0020a488       0x48 obj_zoul/rpl-timers.o
                0x0020a488                rpl_timers_schedule_dao_ack
 .text.get_probing_target
                0x0020a4d0       0xc0 obj_zoul/rpl-timers.o
                0x0020a4d0                get_probing_target
 .text.rpl_schedule_probing
                0x0020a590       0x28 obj_zoul/rpl-timers.o
                0x0020a590                rpl_schedule_probing
 .text.rpl_schedule_probing_now
                0x0020a5b8       0x2c obj_zoul/rpl-timers.o
                0x0020a5b8                rpl_schedule_probing_now
 .text.rpl_timers_unschedule_leaving
                0x0020a5e4       0x24 obj_zoul/rpl-timers.o
                0x0020a5e4                rpl_timers_unschedule_leaving
 .text.rpl_timers_schedule_leaving
                0x0020a608       0x30 obj_zoul/rpl-timers.o
                0x0020a608                rpl_timers_schedule_leaving
 .text.rpl_timers_init
                0x0020a638       0x20 obj_zoul/rpl-timers.o
                0x0020a638                rpl_timers_init
 .text.rpl_timers_stop_dag_timers
                0x0020a658       0x44 obj_zoul/rpl-timers.o
                0x0020a658                rpl_timers_stop_dag_timers
 .text.rpl_timers_unschedule_state_update
                0x0020a69c       0x14 obj_zoul/rpl-timers.o
                0x0020a69c                rpl_timers_unschedule_state_update
 .text.rpl_timers_schedule_state_update
                0x0020a6b0       0x1c obj_zoul/rpl-timers.o
                0x0020a6b0                rpl_timers_schedule_state_update
 .text.process_thread_hello_world_process
                0x0020a6cc       0x48 hello-world.o
 .text          0x0020a714       0x30 /usr/bin/../lib/gcc/arm-none-eabi/4.9.3/armv7-m/libgcc.a(_aeabi_uldivmod.o)
                0x0020a714                __aeabi_uldivmod
 .text          0x0020a744       0x60 /usr/bin/../lib/gcc/arm-none-eabi/4.9.3/armv7-m/libgcc.a(bpabi.o)
                0x0020a744                __gnu_ldivmod_helper
                0x0020a774                __gnu_uldivmod_helper
 .text          0x0020a7a4        0x4 /usr/bin/../lib/gcc/arm-none-eabi/4.9.3/armv7-m/libgcc.a(_dvmd_tls.o)
                0x0020a7a4                __aeabi_ldiv0
                0x0020a7a4                __aeabi_idiv0
 .text          0x0020a7a8      0x2ac /usr/bin/../lib/gcc/arm-none-eabi/4.9.3/armv7-m/libgcc.a(_divdi3.o)
                0x0020a7a8                __divdi3
 .text          0x0020aa54      0x270 /usr/bin/../lib/gcc/arm-none-eabi/4.9.3/armv7-m/libgcc.a(_udivdi3.o)
                0x0020aa54                __udivdi3
 .text.memcmp   0x0020acc4       0x64 /usr/bin/../lib/gcc/arm-none-eabi/4.9.3/../../../../arm-none-eabi/lib/armv7-m/libc.a(lib_a-memcmp.o)
                0x0020acc4                memcmp
 .text          0x0020ad28       0xec /usr/bin/../lib/gcc/arm-none-eabi/4.9.3/../../../../arm-none-eabi/lib/armv7-m/libc.a(lib_a-memcpy.o)
                0x0020ad28                memcpy
 .text.memmove  0x0020ae14       0xc8 /usr/bin/../lib/gcc/arm-none-eabi/4.9.3/../../../../arm-none-eabi/lib/armv7-m/libc.a(lib_a-memmove.o)
                0x0020ae14                memmove
 .text.memset   0x0020aedc       0x9c /usr/bin/../lib/gcc/arm-none-eabi/4.9.3/../../../../arm-none-eabi/lib/armv7-m/libc.a(lib_a-memset.o)
                0x0020aedc                memset
 .text.default_handler
                0x0020af78        0x2 obj_zoul/startup-gcc.o
                0x0020af78                default_handler
 .text.nmi_handler
                0x0020af7a        0x6 obj_zoul/startup-gcc.o
                0x0020af7a                nmi_handler
 .text.fade     0x0020af80       0x54 obj_zoul/platform.o
 .text.platform_init_stage_one
                0x0020afd4       0x14 obj_zoul/platform.o
                0x0020afd4                platform_init_stage_one
 .text.platform_idle
                0x0020afe8        0x4 obj_zoul/platform.o
                0x0020afe8                platform_idle
 .text.status   0x0020afec        0x4 obj_zoul/user-sensor.o
 .text.board_init
                0x0020aff0        0x4 obj_zoul/board.o
                0x0020aff0                board_init
 .text.soc_init
                0x0020aff4       0x22 obj_zoul/soc.o
                0x0020aff4                soc_init
 .text.clock_isr
                0x0020b016        0x4 obj_zoul/clock.o
                0x0020b016                clock_isr
 .text.rtimer_arch_init
                0x0020b01a        0x2 obj_zoul/rtimer-arch.o
                0x0020b01a                rtimer_arch_init
 .text.uart0_isr
                0x0020b01c        0x6 obj_zoul/uart.o
                0x0020b01c                uart0_isr
 .text.uart1_isr
                0x0020b022        0x6 obj_zoul/uart.o
                0x0020b022                uart1_isr
 .text.gpio_port_a_isr
                0x0020b028        0x6 obj_zoul/gpio.o
                0x0020b028                gpio_port_a_isr
 .text.gpio_port_b_isr
                0x0020b02e        0x6 obj_zoul/gpio.o
                0x0020b02e                gpio_port_b_isr
 .text.gpio_port_c_isr
                0x0020b034        0x6 obj_zoul/gpio.o
                0x0020b034                gpio_port_c_isr
 .text.gpio_port_d_isr
                0x0020b03a        0x6 obj_zoul/gpio.o
                0x0020b03a                gpio_port_d_isr
 .text.send     0x0020b040       0x12 obj_zoul/cc2538-rf.o
 .text.int_master_read_and_disable
                0x0020b052        0x8 obj_zoul/int-master.o
                0x0020b052                int_master_read_and_disable
 .text.int_master_status_set
                0x0020b05a        0x6 obj_zoul/int-master.o
                0x0020b05a                int_master_status_set
 .text.dbg_putchar
                0x0020b060       0x10 obj_zoul/dbg.o
                0x0020b060                dbg_putchar
 .text.dbg_send_bytes
                0x0020b070       0x20 obj_zoul/dbg.o
                0x0020b070                dbg_send_bytes
 .text.configure
                0x0020b090        0x4 obj_zoul/cc2538-temp-sensor.o
 .text.status   0x0020b094        0x4 obj_zoul/cc2538-temp-sensor.o
 .text.value    0x0020b098       0x34 obj_zoul/cc2538-temp-sensor.o
 .text.configure
                0x0020b0cc        0x4 obj_zoul/vdd3-sensor.o
 .text.status   0x0020b0d0        0x4 obj_zoul/vdd3-sensor.o
 .text.value    0x0020b0d4       0x2a obj_zoul/vdd3-sensor.o
 .text.autostart_start
                0x0020b0fe       0x14 obj_zoul/autostart.o
                0x0020b0fe                autostart_start
 .text.energest_init
                0x0020b112        0x2 obj_zoul/energest.o
                0x0020b112                energest_init
 .text.etimer_set
                0x0020b114       0x12 obj_zoul/etimer.o
                0x0020b114                etimer_set
 .text.etimer_reset
                0x0020b126       0x12 obj_zoul/etimer.o
                0x0020b126                etimer_reset
 .text.etimer_expired
                0x0020b138        0xa obj_zoul/etimer.o
                0x0020b138                etimer_expired
 .text.call_process
                0x0020b142        0xc obj_zoul/process.o
 .text.rtimer_init
                0x0020b14e        0x4 obj_zoul/rtimer.o
                0x0020b14e                rtimer_init
 .text.stimer_set
                0x0020b152        0xe obj_zoul/stimer.o
                0x0020b152                stimer_set
 .text.timer_set
                0x0020b160        0xe obj_zoul/timer.o
                0x0020b160                timer_set
 .text.timer_expired
                0x0020b16e       0x1c obj_zoul/timer.o
                0x0020b16e                timer_expired
 .text.timer_reset
                0x0020b18a       0x14 obj_zoul/timer.o
                0x0020b18a                timer_reset
 .text.button_hal_get_state
                0x0020b19e       0x2a obj_zoul/button-hal.o
                0x0020b19e                button_hal_get_state
 .text.list_init
                0x0020b1c8        0x6 obj_zoul/list.o
                0x0020b1c8                list_init
 .text.list_head
                0x0020b1ce        0x4 obj_zoul/list.o
                0x0020b1ce                list_head
 .text.list_tail
                0x0020b1d2       0x10 obj_zoul/list.o
                0x0020b1d2                list_tail
 .text.list_remove
                0x0020b1e2       0x28 obj_zoul/list.o
                0x0020b1e2                list_remove
 .text.list_add
                0x0020b20a       0x1e obj_zoul/list.o
                0x0020b20a                list_add
 .text.list_push
                0x0020b228       0x12 obj_zoul/list.o
                0x0020b228                list_push
 .text.list_length
                0x0020b23a        0xe obj_zoul/list.o
                0x0020b23a                list_length
 .text.list_item_next
                0x0020b248        0x6 obj_zoul/list.o
                0x0020b248                list_item_next
 .text.memb_init
                0x0020b24e       0x20 obj_zoul/memb.o
                0x0020b24e                memb_init
 .text.memb_alloc
                0x0020b26e       0x28 obj_zoul/memb.o
                0x0020b26e                memb_alloc
 .text.memb_free
                0x0020b296       0x2c obj_zoul/memb.o
                0x0020b296                memb_free
 .text.memb_inmemb
                0x0020b2c2       0x1c obj_zoul/memb.o
                0x0020b2c2                memb_inmemb
 .text.memb_numfree
                0x0020b2de       0x1c obj_zoul/memb.o
                0x0020b2de                memb_numfree
 .text.ringbuf_init
                0x0020b2fa        0xe obj_zoul/ringbuf.o
                0x0020b2fa                ringbuf_init
 .text.ringbuf_put
                0x0020b308       0x28 obj_zoul/ringbuf.o
                0x0020b308                ringbuf_put
 .text.ringbuf_get
                0x0020b330       0x20 obj_zoul/ringbuf.o
                0x0020b330                ringbuf_get
 .text.linkaddr_copy
                0x0020b350        0x6 obj_zoul/linkaddr.o
                0x0020b350                linkaddr_copy
 .text.linkaddr_cmp
                0x0020b356       0x10 obj_zoul/linkaddr.o
                0x0020b356                linkaddr_cmp
 .text.link_stats_is_fresh
                0x0020b366       0x24 obj_zoul/link-stats.o
                0x0020b366                link_stats_is_fresh
 .text.guess_etx_from_rssi
                0x0020b38a       0x40 obj_zoul/link-stats.o
                0x0020b38a                guess_etx_from_rssi
 .text.nbr_set_bit
                0x0020b3ca       0x38 obj_zoul/nbr-table.o
 .text.item_from_key
                0x0020b402       0x22 obj_zoul/nbr-table.o
 .text.nbr_table_next
                0x0020b424       0x2e obj_zoul/nbr-table.o
                0x0020b424                nbr_table_next
 .text.nbr_table_get_from_lladdr
                0x0020b452       0x32 obj_zoul/nbr-table.o
                0x0020b452                nbr_table_get_from_lladdr
 .text.nbr_table_get_lladdr
                0x0020b484        0xc obj_zoul/nbr-table.o
                0x0020b484                nbr_table_get_lladdr
 .text.queuebuf_update_attr_from_packetbuf
                0x0020b490        0xc obj_zoul/queuebuf.o
                0x0020b490                queuebuf_update_attr_from_packetbuf
 .text.queuebuf_attr
                0x0020b49c        0xc obj_zoul/queuebuf.o
                0x0020b49c                queuebuf_attr
 .text.mac_call_sent_callback
                0x0020b4a8       0x16 obj_zoul/mac.o
                0x0020b4a8                mac_call_sent_callback
 .text.frame802154_has_panid
                0x0020b4be       0xb0 obj_zoul/frame802154.o
                0x0020b4be                frame802154_has_panid
 .text.field_len
                0x0020b56e       0x84 obj_zoul/frame802154.o
 .text.frame802154_is_broadcast_addr
                0x0020b5f2       0x1e obj_zoul/frame802154.o
                0x0020b5f2                frame802154_is_broadcast_addr
 .text.frame802154_hdrlen
                0x0020b610       0x32 obj_zoul/frame802154.o
                0x0020b610                frame802154_hdrlen
 .text.frame802154_create_fcf
                0x0020b642       0x62 obj_zoul/frame802154.o
                0x0020b642                frame802154_create_fcf
 .text.frame802154_create
                0x0020b6a4       0x92 obj_zoul/frame802154.o
                0x0020b6a4                frame802154_create
 .text.frame802154_parse_fcf
                0x0020b736       0x64 obj_zoul/frame802154.o
                0x0020b736                frame802154_parse_fcf
 .text.parse    0x0020b79a       0x8a obj_zoul/framer-802154.o
 .text.framer_802154_setup_params
                0x0020b824       0x84 obj_zoul/framer-802154.o
                0x0020b824                framer_802154_setup_params
 .text.create   0x0020b8a8        0x6 obj_zoul/framer-802154.o
 .text.hdr_length
                0x0020b8ae        0x6 obj_zoul/framer-802154.o
 .text.write_str
                0x0020b8b4       0x10 obj_zoul/printf.o
 .text.putchar  0x0020b8c4        0xc obj_zoul/putchar.o
                0x0020b8c4                putchar
 .text.buffer_str
                0x0020b8d0       0x28 obj_zoul/snprintf.o
 .text.snprintf
                0x0020b8f8       0x1a obj_zoul/snprintf.o
                0x0020b8f8                snprintf
 .text.send_packet
                0x0020b912        0x4 obj_zoul/csma.o
 .text.init     0x0020b916        0xe obj_zoul/csma.o
 .text.chksum   0x0020b924       0x38 obj_zoul/uip6.o
 .text.uip_icmp6chksum
                0x0020b95c        0x6 obj_zoul/uip6.o
                0x0020b95c                uip_icmp6chksum
 .text.uip_udpchksum
                0x0020b962        0x6 obj_zoul/uip6.o
                0x0020b962                uip_udpchksum
 .text.uip_htonl
                0x0020b968       0x14 obj_zoul/uip6.o
                0x0020b968                uip_htonl
 .text.uipbuf_set_len_field
                0x0020b97c        0x8 obj_zoul/uipbuf.o
                0x0020b97c                uipbuf_set_len_field
 .text.uipbuf_get_len_field
                0x0020b984        0xc obj_zoul/uipbuf.o
                0x0020b984                uipbuf_get_len_field
 .text.uipbuf_get_next_header
                0x0020b990       0x4e obj_zoul/uipbuf.o
                0x0020b990                uipbuf_get_next_header
 .text.uipbuf_get_last_header
                0x0020b9de       0x2c obj_zoul/uipbuf.o
                0x0020b9de                uipbuf_get_last_header
 .text.uipbuf_search_header
                0x0020ba0a       0x40 obj_zoul/uipbuf.o
                0x0020ba0a                uipbuf_search_header
 .text.uip_ds6_list_loop
                0x0020ba4a       0x54 obj_zoul/uip-ds6.o
                0x0020ba4a                uip_ds6_list_loop
 .text.uip_ds6_maddr_rm
                0x0020ba9e        0x8 obj_zoul/uip-ds6.o
                0x0020ba9e                uip_ds6_maddr_rm
 .text.uip_ds6_set_addr_iid
                0x0020baa6       0x16 obj_zoul/uip-ds6.o
                0x0020baa6                uip_ds6_set_addr_iid
 .text.uip_ds6_set_lladdr_from_iid
                0x0020babc       0x16 obj_zoul/uip-ds6.o
                0x0020babc                uip_ds6_set_lladdr_from_iid
 .text.get_match_length
                0x0020bad2       0x3a obj_zoul/uip-ds6.o
                0x0020bad2                get_match_length
 .text.uip_ds6_nbr_lookup
                0x0020bb0c       0x2c obj_zoul/uip-ds6-nbr.o
                0x0020bb0c                uip_ds6_nbr_lookup
 .text.uip_ds6_nbr_update_ll
                0x0020bb38       0x5e obj_zoul/uip-ds6-nbr.o
                0x0020bb38                uip_ds6_nbr_update_ll
 .text.uip_ds6_nbr_ipaddr_from_lladdr
                0x0020bb96        0x4 obj_zoul/uip-ds6-nbr.o
                0x0020bb96                uip_ds6_nbr_ipaddr_from_lladdr
 .text.uip_ds6_nbr_lladdr_from_ipaddr
                0x0020bb9a       0x12 obj_zoul/uip-ds6-nbr.o
                0x0020bb9a                uip_ds6_nbr_lladdr_from_ipaddr
 .text.uip_ds6_link_callback
                0x0020bbac        0x2 obj_zoul/uip-ds6-nbr.o
                0x0020bbac                uip_ds6_link_callback
 .text.uip_ds6_route_nexthop
                0x0020bbae        0x4 obj_zoul/uip-ds6-route.o
                0x0020bbae                uip_ds6_route_nexthop
 .text.uip_ds6_route_lookup
                0x0020bbb2        0x4 obj_zoul/uip-ds6-route.o
                0x0020bbb2                uip_ds6_route_lookup
 .text.uip_ds6_route_rm
                0x0020bbb6        0x2 obj_zoul/uip-ds6-route.o
                0x0020bbb6                uip_ds6_route_rm
 .text.uip_sr_expire_parent
                0x0020bbb8       0x28 obj_zoul/uip-sr.o
                0x0020bbb8                uip_sr_expire_parent
 .text.neighbor_state_changed
                0x0020bbe0        0x2 obj_zoul/rpl.o
 .text.drop_route
                0x0020bbe2        0x2 obj_zoul/rpl.o
 .text.rpl_lollipop_greater_than
                0x0020bbe4       0x34 obj_zoul/rpl.o
                0x0020bbe4                rpl_lollipop_greater_than
 .text.rpl_process_hbh
                0x0020bc18       0x1c obj_zoul/rpl-dag.o
                0x0020bc18                rpl_process_hbh
 .text.get32    0x0020bc34       0x18 obj_zoul/rpl-icmp6.o
 .text.set32    0x0020bc4c       0x12 obj_zoul/rpl-icmp6.o
 .text.get16    0x0020bc5e        0xc obj_zoul/rpl-icmp6.o
 .text.set16    0x0020bc6a        0xa obj_zoul/rpl-icmp6.o
 .text.rpl_icmp6_update_nbr_table
                0x0020bc74       0x2e obj_zoul/rpl-icmp6.o
                0x0020bc74                rpl_icmp6_update_nbr_table
 .text.reset    0x0020bca2        0x2 obj_zoul/rpl-mrhof.o
 .text.nbr_link_metric
                0x0020bca4       0x12 obj_zoul/rpl-mrhof.o
 .text.nbr_has_usable_link
                0x0020bcb6       0x12 obj_zoul/rpl-mrhof.o
 .text.nbr_path_cost
                0x0020bcc8       0x28 obj_zoul/rpl-mrhof.o
 .text.nbr_is_acceptable_parent
                0x0020bcf0       0x1e obj_zoul/rpl-mrhof.o
 .text.rpl_neighbor_get_ipaddr
                0x0020bd0e        0xe obj_zoul/rpl-neighbor.o
                0x0020bd0e                rpl_neighbor_get_ipaddr
 .text.rpl_neighbor_get_link_stats
                0x0020bd1c        0xe obj_zoul/rpl-neighbor.o
                0x0020bd1c                rpl_neighbor_get_link_stats
 .text.rpl_neighbor_is_fresh
                0x0020bd2a        0xe obj_zoul/rpl-neighbor.o
                0x0020bd2a                rpl_neighbor_is_fresh
 .text.handle_state_update
                0x0020bd38        0x4 obj_zoul/rpl-timers.o
 .text.get_probing_delay
                0x0020bd3c       0x1a obj_zoul/rpl-timers.o
                0x0020bd3c                get_probing_delay
 .text.handle_probing_timer
                0x0020bd56       0x24 obj_zoul/rpl-timers.o
 *(SORT(.rodata*))
 *fill*         0x0020bd7a        0x2 00000000
 .rodata.user_sensor
                0x0020bd7c       0x10 obj_zoul/user-sensor.o
                0x0020bd7c                user_sensor
 .rodata.uart_regs
                0x0020bd8c       0x58 obj_zoul/uart.o
 .rodata.cc2538_rf_driver
                0x0020bde4       0x38 obj_zoul/cc2538-rf.o
                0x0020bde4                cc2538_rf_driver
 .rodata.output_power
                0x0020be1c       0x70 obj_zoul/cc2538-rf.o
 .rodata.cc2538_temp_sensor
                0x0020be8c       0x10 obj_zoul/cc2538-temp-sensor.o
                0x0020be8c                cc2538_temp_sensor
 .rodata.vdd3_sensor
                0x0020be9c       0x10 obj_zoul/vdd3-sensor.o
                0x0020be9c                vdd3_sensor
 .rodata.framer_802154
                0x0020beac        0xc obj_zoul/framer-802154.o
                0x0020beac                framer_802154
 .rodata.csma_driver
                0x0020beb8       0x1c obj_zoul/csma.o
                0x0020beb8                csma_driver
 .rodata.sicslowpan_driver
                0x0020bed4       0x10 obj_zoul/sicslowpan.o
                0x0020bed4                sicslowpan_driver
 .rodata.rpl_lite_driver
                0x0020bee4       0x50 obj_zoul/rpl.o
                0x0020bee4                rpl_lite_driver
 .rodata.autostart_processes
                0x0020bf34        0x8 hello-world.o
                0x0020bf34                autostart_processes
 .rodata.linkaddr_null
                0x0020bf3c        0x8 obj_zoul/linkaddr.o
                0x0020bf3c                linkaddr_null
 .rodata.str1.1
                0x0020bf44       0x3e obj_zoul/platform.o
                                 0x42 (size before relaxing)
 .rodata.leds_arch_leds
                0x0020bf82        0x6 obj_zoul/leds-arch.o
                0x0020bf82                leds_arch_leds
 .rodata.str1.1
                0x0020bf88        0xc obj_zoul/board-buttons.o
 .rodata.str1.1
                0x0020bf94       0x30 obj_zoul/user-sensor.o
 .rodata.str1.1
                0x0020bfc4       0x11 obj_zoul/cc2538-rf.o
 .rodata.str1.1
                0x0020bfd5       0x14 obj_zoul/cc2538-temp-sensor.o
 .rodata.str1.1
                0x0020bfe9        0x5 obj_zoul/vdd3-sensor.o
 .rodata.str1.1
                0x0020bfee       0xde obj_zoul/contiki-main.o
                                 0xf4 (size before relaxing)
 .rodata.str1.1
                0x0020c0cc        0xf obj_zoul/ctimer.o
 .rodata.str1.1
                0x0020c0db        0xc obj_zoul/etimer.o
 .rodata.str1.1
                0x0020c0e7       0xa9 obj_zoul/log.o
 .rodata.str1.1
                0x0020c190       0x2f obj_zoul/stack-check.o
                                 0x3e (size before relaxing)
 .rodata.str1.1
                0x0020c1bf       0x13 obj_zoul/button-hal.o
 .rodata.str1.1
                0x0020c1d2        0xe obj_zoul/serial-line.o
 .rodata.str1.1
                0x0020c1e0        0x8 obj_zoul/sensors.o
 .rodata.buffer.5452
                0x0020c1e8       0x10 obj_zoul/strformat.o
 .rodata.str1.1
                0x0020c1f8       0x35 obj_zoul/strformat.o
                                 0x37 (size before relaxing)
 .rodata.buffer.5461
                0x0020c22d       0x10 obj_zoul/strformat.o
 .rodata.str1.1
                0x0020c23d        0x5 obj_zoul/csma.o
 .rodata        0x0020c242        0x2 obj_zoul/sicslowpan.o
 .rodata.unc_llconf
                0x0020c244        0x4 obj_zoul/sicslowpan.o
                0x0020c244                unc_llconf
 .rodata.llprefix
                0x0020c248        0x2 obj_zoul/sicslowpan.o
                0x0020c248                llprefix
 .rodata.unc_mxconf
                0x0020c24a        0x4 obj_zoul/sicslowpan.o
                0x0020c24a                unc_mxconf
 .rodata.str1.1
                0x0020c24e        0xb obj_zoul/sicslowpan.o
 .rodata.ttl_values
                0x0020c259        0x4 obj_zoul/sicslowpan.o
 .rodata.unc_ctxconf
                0x0020c25d        0x4 obj_zoul/sicslowpan.o
                0x0020c25d                unc_ctxconf
 .rodata.str1.1
                0x0020c261        0xd obj_zoul/tcpip.o
 .rodata.str1.1
                0x0020c26e       0x28 obj_zoul/uiplib.o
                                 0x2d (size before relaxing)
 .rodata.str1.1
                0x0020c296        0x9 obj_zoul/rpl.o
 .rodata.str1.1
                0x0020c29f       0xd7 obj_zoul/rpl-dag.o
 .rodata.str1.1
                0x0020c376        0xc obj_zoul/rpl-timers.o
 .rodata.str1.1
                0x0020c382       0x22 hello-world.o
                0x0020c3a4                _etext = .

.glue_7         0x0020c3a4        0x0
 .glue_7        0x00000000        0x0 linker stubs

.glue_7t        0x0020c3a4        0x0
 .glue_7t       0x00000000        0x0 linker stubs

.vfp11_veneer   0x0020c3a4        0x0
 .vfp11_veneer  0x00000000        0x0 linker stubs

.v4_bx          0x0020c3a4        0x0
 .v4_bx         0x00000000        0x0 linker stubs

.iplt           0x0020c3a4        0x0
 .iplt          0x00000000        0x0 obj_zoul/startup-gcc.o

.socdata        0x20004000       0x40
 *(SORT(.udma_channel_control_table))
 .udma_channel_control_table
                0x20004000       0x40 obj_zoul/udma.o

.data           0x20004040      0x220 load address 0x0020c3a4
                0x20004040                _data = .
 *(SORT(.data*))
 .data.button_user
                0x20004040       0x50 obj_zoul/board-buttons.o
 .data.button_hal_buttons
                0x20004090        0x8 obj_zoul/board-buttons.o
                0x20004090                button_hal_buttons
 .data.sensors  0x20004098       0x10 obj_zoul/zoul-sensors.o
                0x20004098                sensors
 .data.user_handler
                0x200040a8        0xc obj_zoul/user-sensor.o
 .data.cc2538_rf_process
                0x200040b4       0x10 obj_zoul/cc2538-rf.o
                0x200040b4                cc2538_rf_process
 .data.ctimer_process
                0x200040c4       0x10 obj_zoul/ctimer.o
                0x200040c4                ctimer_process
 .data.etimer_process
                0x200040d4       0x10 obj_zoul/etimer.o
                0x200040d4                etimer_process
 .data.curr_log_level_main
                0x200040e4        0x4 obj_zoul/log.o
                0x200040e4                curr_log_level_main
 .data.stack_check_process
                0x200040e8       0x10 obj_zoul/stack-check.o
                0x200040e8                stack_check_process
 .data.button_hal_process
                0x200040f8       0x10 obj_zoul/button-hal.o
                0x200040f8                button_hal_process
 .data.serial_line_process
                0x20004108       0x10 obj_zoul/serial-line.o
                0x20004108                serial_line_process
 .data.sensors_process
                0x20004118       0x10 obj_zoul/sensors.o
                0x20004118                sensors_process
 .data.link_stats_struct
                0x20004128       0x10 obj_zoul/link-stats.o
 .data.neighbor_addr_mem
                0x20004138        0xc obj_zoul/nbr-table.o
 .data.bufmem   0x20004144        0xc obj_zoul/queuebuf.o
 .data.buframmem
                0x20004150        0xc obj_zoul/queuebuf.o
 .data.ctxt     0x2000415c        0x8 obj_zoul/printf.o
 .data.metadata_memb
                0x20004164        0xc obj_zoul/csma-output.o
 .data.packet_memb
                0x20004170        0xc obj_zoul/csma-output.o
 .data.neighbor_memb
                0x2000417c        0xc obj_zoul/csma-output.o
 .data.tcpip_process
                0x20004188       0x10 obj_zoul/tcpip.o
                0x20004188                tcpip_process
 .data.ds6_neighbors_struct
                0x20004198       0x10 obj_zoul/uip-ds6-nbr.o
 .data.defaultroutermemb
                0x200041a8        0xc obj_zoul/uip-ds6-route.o
 .data.echo_request_handler
                0x200041b4        0xc obj_zoul/uip-icmp6.o
 .data.echo_reply_handler
                0x200041c0        0xc obj_zoul/uip-icmp6.o
 .data.ns_input_handler
                0x200041cc        0xc obj_zoul/uip-nd6.o
 .data.nodememb
                0x200041d8        0xc obj_zoul/uip-sr.o
 .data.dao_ack_handler
                0x200041e4        0xc obj_zoul/rpl-icmp6.o
 .data.dis_handler
                0x200041f0        0xc obj_zoul/rpl-icmp6.o
 .data.dao_handler
                0x200041fc        0xc obj_zoul/rpl-icmp6.o
 .data.dio_handler
                0x20004208        0xc obj_zoul/rpl-icmp6.o
 .data.rpl_mrhof
                0x20004214       0x24 obj_zoul/rpl-mrhof.o
                0x20004214                rpl_mrhof
 .data.rpl_neighbors
                0x20004238        0x4 obj_zoul/rpl-neighbor.o
                0x20004238                rpl_neighbors
 .data.rpl_neighbors_struct
                0x2000423c       0x10 obj_zoul/rpl-neighbor.o
 .data.hello_world_process
                0x2000424c       0x10 hello-world.o
                0x2000424c                hello_world_process
 .data.mac_pan_id
                0x2000425c        0x2 obj_zoul/frame802154.o
 .data.send_on_cca
                0x2000425e        0x1 obj_zoul/cc2538-rf.o
 .data.rf_channel
                0x2000425f        0x1 obj_zoul/cc2538-rf.o
                0x20004260                _edata = .
                0x0020c3a4                _ldata = LOADADDR (.data)

.igot.plt       0x20004260        0x0 load address 0x0020c5c4
 .igot.plt      0x00000000        0x0 obj_zoul/startup-gcc.o

.ARM.exidx      0x0020c5c4        0x8
 *(SORT(.ARM.exidx*))
 .ARM.exidx     0x0020c5c4        0x8 /usr/bin/../lib/gcc/arm-none-eabi/4.9.3/armv7-m/libgcc.a(_divdi3.o)
 .ARM.exidx     0x0020c5cc        0x0 /usr/bin/../lib/gcc/arm-none-eabi/4.9.3/armv7-m/libgcc.a(_udivdi3.o)
                                  0x8 (size before relaxing)

.bss            0x20004260     0x221c
                0x20004260                _bss = .
 *(SORT(.bss*))
 .bss.rt_ticks_startup
                0x20004260        0x8 obj_zoul/clock.o
 .bss.rt_ticks_epoch
                0x20004268        0x8 obj_zoul/clock.o
 .bss.sensordebouncetimer
                0x20004270        0x8 obj_zoul/user-sensor.o
 .bss.next_trigger
                0x20004278        0x4 obj_zoul/rtimer-arch.o
 .bss.input_handler
                0x2000427c        0x8 obj_zoul/uart.o
 .bss.ioc_sel   0x20004284        0x4 obj_zoul/ioc.o
 .bss.ioc_over  0x20004288        0x4 obj_zoul/ioc.o
 .bss.notification_process
                0x2000428c        0x4 obj_zoul/crypto.o
 .bss.prev_MDMTEST1
                0x20004290        0x4 obj_zoul/cc2538-rf.o
 .bss.prev_FRMCTRL0
                0x20004294        0x4 obj_zoul/cc2538-rf.o
 .bss.periph_permit_pm1_funcs
                0x20004298       0x14 obj_zoul/lpm.o
 .bss.notification_process
                0x200042ac        0x4 obj_zoul/pka.o
 .bss.ctimer_list_list
                0x200042b0        0x4 obj_zoul/ctimer.o
 .bss.timerlist
                0x200042b4        0x4 obj_zoul/etimer.o
 .bss.next_expiration
                0x200042b8        0x4 obj_zoul/etimer.o
 .bss.process_current
                0x200042bc        0x4 obj_zoul/process.o
                0x200042bc                process_current
 .bss.process_list
                0x200042c0        0x4 obj_zoul/process.o
                0x200042c0                process_list
 .bss.events    0x200042c4      0x180 obj_zoul/process.o
 .bss.next_rtimer
                0x20004444        0x4 obj_zoul/rtimer.o
 .bss.stack_top.5754
                0x20004448        0x4 obj_zoul/stack-check.o
 .bss.et.5776   0x2000444c       0x10 obj_zoul/stack-check.o
 .bss.button_event_handler
                0x2000445c        0xc obj_zoul/button-hal.o
 .bss.pmask     0x20004468        0x4 obj_zoul/button-hal.o
 .bss.handlers_list
                0x2000446c        0x4 obj_zoul/gpio-hal.o
 .bss.ptr.5420  0x20004470        0x4 obj_zoul/serial-line.o
 .bss.rxbuf     0x20004474        0x8 obj_zoul/serial-line.o
 .bss.i.5435    0x2000447c        0x4 obj_zoul/sensors.o
 .bss.events.5436
                0x20004480        0x4 obj_zoul/sensors.o
 .bss._link_stats_mem
                0x20004484       0xc0 obj_zoul/link-stats.o
 .bss.nbr_table_keys_list
                0x20004544        0x4 obj_zoul/nbr-table.o
 .bss.neighbor_addr_mem_memb_mem
                0x20004548       0xc0 obj_zoul/nbr-table.o
 .bss.all_tables
                0x20004608       0x20 obj_zoul/nbr-table.o
 .bss.num_tables
                0x20004628        0x4 obj_zoul/nbr-table.o
 .bss.ip_processor_list_list
                0x2000462c        0x4 obj_zoul/netstack.o
 .bss.packetbuf_aligned
                0x20004630       0x80 obj_zoul/packetbuf.o
 .bss.bufmem_memb_mem
                0x200046b0       0x20 obj_zoul/queuebuf.o
 .bss.received_seqnos
                0x200046d0      0x100 obj_zoul/mac-sequence.o
 .bss.metadata_memb_memb_mem
                0x200047d0       0x60 obj_zoul/csma-output.o
 .bss.neighbor_list_list
                0x20004830        0x4 obj_zoul/csma-output.o
 .bss.packet_memb_memb_mem
                0x20004834       0x60 obj_zoul/csma-output.o
 .bss.neighbor_memb_memb_mem
                0x20004894       0x70 obj_zoul/csma-output.o
 .bss.callback  0x20004904        0x4 obj_zoul/sicslowpan.o
 .bss.context   0x20004908        0x4 obj_zoul/sicslowpan.o
 .bss.last_rssi
                0x2000490c        0x4 obj_zoul/sicslowpan.o
 .bss.hc06_ptr  0x20004910        0x4 obj_zoul/sicslowpan.o
 .bss.packetbuf_ptr
                0x20004914        0x4 obj_zoul/sicslowpan.o
 .bss.packetbuf_payload_len
                0x20004918        0x4 obj_zoul/sicslowpan.o
 .bss.last_tx_status
                0x2000491c        0x4 obj_zoul/sicslowpan.o
 .bss.mac_max_payload
                0x20004920        0x4 obj_zoul/sicslowpan.o
 .bss.frag_info
                0x20004924      0x170 obj_zoul/sicslowpan.o
 .bss.periodic  0x20004a94       0x10 obj_zoul/tcpip.o
 .bss.locmaddr  0x20004aa4        0x4 obj_zoul/uip-ds6.o
 .bss.locprefix
                0x20004aa8        0x4 obj_zoul/uip-ds6.o
 .bss.locaddr   0x20004aac        0x4 obj_zoul/uip-ds6.o
 .bss.defaultroutermemb_memb_mem
                0x20004ab0       0x40 obj_zoul/uip-ds6-route.o
 .bss.defaultrouterlist_list
                0x20004af0        0x4 obj_zoul/uip-ds6-route.o
 .bss.echo_reply_callback_list_list
                0x20004af4        0x4 obj_zoul/uip-icmp6.o
 .bss.input_handler_list_list
                0x20004af8        0x4 obj_zoul/uip-icmp6.o
 .bss.nbr       0x20004afc        0x4 obj_zoul/uip-nd6.o
 .bss.nd6_opt_llao
                0x20004b00        0x4 obj_zoul/uip-nd6.o
 .bss.addr      0x20004b04        0x4 obj_zoul/uip-nd6.o
 .bss.num_nodes
                0x20004b08        0x4 obj_zoul/uip-sr.o
 .bss.nodememb_memb_mem
                0x20004b0c      0x180 obj_zoul/uip-sr.o
 .bss.nodelist_list
                0x20004c8c        0x4 obj_zoul/uip-sr.o
 .bss.num_free  0x20004c90        0x4 obj_zoul/rpl-nbr-policy.o
 .bss.worst_rank_nbr_lladdr
                0x20004c94        0x4 obj_zoul/rpl-nbr-policy.o
 .bss.num_parents
                0x20004c98        0x4 obj_zoul/rpl-nbr-policy.o
 .bss._rpl_neighbors_mem
                0x20004c9c       0x80 obj_zoul/rpl-neighbor.o
 .bss.periodic_timer
                0x20004d1c       0x20 obj_zoul/rpl-timers.o
 .bss.dis_timer
                0x20004d3c       0x20 obj_zoul/rpl-timers.o
 .bss.timer.5389
                0x20004d5c       0x10 hello-world.o
 .bss.node_id   0x20004d6c        0x2 obj_zoul/node-id.o
                0x20004d6c                node_id
 .bss.buflen    0x20004d6e        0x2 obj_zoul/packetbuf.o
 .bss.bufptr    0x20004d70        0x2 obj_zoul/packetbuf.o
 .bss.buframmem_memb_mem
                0x20004d72      0x560 obj_zoul/queuebuf.o
 .bss.my_tag    0x200052d2        0x2 obj_zoul/sicslowpan.o
 .bss.lastport  0x200052d4        0x2 obj_zoul/uip6.o
 .bss.uipbuf_attrs
                0x200052d6        0xc obj_zoul/uipbuf.o
 .bss.uipbuf_default_attrs
                0x200052e2        0xc obj_zoul/uipbuf.o
 .bss.loc_fipaddr
                0x200052ee       0x10 obj_zoul/uip-ds6.o
 .bss._ds6_neighbors_mem
                0x200052fe      0x120 obj_zoul/uip-ds6-nbr.o
 .bss.tmp_ipaddr
                0x2000541e       0x10 obj_zoul/uip-icmp6.o
 .bss.root_ipaddr.6979
                0x2000542e       0x10 obj_zoul/rpl-dag-root.o
 .bss.worst_rank
                0x2000543e        0x2 obj_zoul/rpl-nbr-policy.o
 .bss.initialized
                0x20005440        0x1 obj_zoul/antenna-sw.o
 .bss.crc_corr  0x20005441        0x1 obj_zoul/cc2538-rf.o
 .bss.was_on    0x20005442        0x1 obj_zoul/cc2538-rf.o
 .bss.rssi      0x20005443        0x1 obj_zoul/cc2538-rf.o
 .bss.poll_mode
                0x20005444        0x1 obj_zoul/cc2538-rf.o
 .bss.rf_flags  0x20005445        0x1 obj_zoul/cc2538-rf.o
 .bss.max_pm    0x20005446        0x1 obj_zoul/lpm.o
 .bss.initialized
                0x20005447        0x1 obj_zoul/ctimer.o
 .bss.fevent    0x20005448        0x1 obj_zoul/process.o
 .bss.nevents   0x20005449        0x1 obj_zoul/process.o
 .bss.poll_requested
                0x2000544a        0x1 obj_zoul/process.o
 .bss.lastevent
                0x2000544b        0x1 obj_zoul/process.o
 .bss.rxbuf_data
                0x2000544c       0x80 obj_zoul/serial-line.o
 .bss.buf.5419  0x200054cc       0x80 obj_zoul/serial-line.o
 .bss.overflow.5413
                0x2000554c        0x1 obj_zoul/serial-line.o
 .bss.num_sensors
                0x2000554d        0x1 obj_zoul/sensors.o
 .bss.neighbor_addr_mem_memb_count
                0x2000554e       0x10 obj_zoul/nbr-table.o
 .bss.locked_map
                0x2000555e       0x10 obj_zoul/nbr-table.o
 .bss.used_map  0x2000556e       0x10 obj_zoul/nbr-table.o
 .bss.hdrlen    0x2000557e        0x1 obj_zoul/packetbuf.o
 .bss.buframmem_memb_count
                0x2000557f        0x8 obj_zoul/queuebuf.o
 .bss.bufmem_memb_count
                0x20005587        0x8 obj_zoul/queuebuf.o
 .bss.mac_dsn   0x2000558f        0x1 obj_zoul/framer-802154.o
 .bss.initialized
                0x20005590        0x1 obj_zoul/framer-802154.o
 .bss.seqno.6276
                0x20005591        0x1 obj_zoul/csma-output.o
 .bss.packet_memb_memb_count
                0x20005592        0x8 obj_zoul/csma-output.o
 .bss.initialized.6275
                0x2000559a        0x1 obj_zoul/csma-output.o
 .bss.metadata_memb_memb_count
                0x2000559b        0x8 obj_zoul/csma-output.o
 .bss.neighbor_memb_memb_count
                0x200055a3        0x2 obj_zoul/csma-output.o
 .bss.curr_page
                0x200055a5        0x1 obj_zoul/sicslowpan.o
 .bss.uncomp_hdr_len
                0x200055a6        0x1 obj_zoul/sicslowpan.o
 .bss.addr_contexts
                0x200055a7        0xa obj_zoul/sicslowpan.o
 .bss.frag_buf  0x200055b1      0x54c obj_zoul/sicslowpan.o
 .bss.packetbuf_hdr_len
                0x20005afd        0x1 obj_zoul/sicslowpan.o
 .bss.uip_ext_len
                0x20005afe        0x1 obj_zoul/uip6.o
                0x20005afe                uip_ext_len
 .bss.uip_ext_bitmap
                0x20005aff        0x1 obj_zoul/uip6.o
                0x20005aff                uip_ext_bitmap
 .bss.uip_last_proto
                0x20005b00        0x1 obj_zoul/uip6.o
                0x20005b00                uip_last_proto
 .bss.defaultroutermemb_memb_count
                0x20005b01        0x2 obj_zoul/uip-ds6-route.o
 .bss.nd6_opt_offset
                0x20005b03        0x1 obj_zoul/uip-nd6.o
 .bss.nodememb_memb_count
                0x20005b04       0x10 obj_zoul/uip-sr.o
 .bss.rpl_leaf_only
                0x20005b14        0x1 obj_zoul/rpl.o
 .bss.initialized.6989
                0x20005b15        0x1 obj_zoul/rpl-dag-root.o
 *(SORT(COMMON))
 *fill*         0x20005b16        0x2 
 COMMON         0x20005b18       0x20 obj_zoul/link-stats.o
                0x20005b18                periodic_timer
 COMMON         0x20005b38      0x624 obj_zoul/uip6.o
                0x20005b38                uip_len
                0x20005b3c                uip_sappdata
                0x20005b40                uip_lladdr
                0x20005b48                uip_aligned_buf
                0x20006048                uip_flags
                0x2000604c                uip_udp_conn
                0x20006050                uip_appdata
                0x20006054                uip_conn
                0x20006058                uip_slen
                0x2000605c                uip_udp_conns
 COMMON         0x2000615c      0x174 obj_zoul/uip-ds6.o
                0x2000615c                uip_ds6_timer_ra
                0x20006164                uip_ds6_if
                0x2000625c                uip_ds6_netif_addr_list_offset
                0x2000625d                uip_ds6_addr_size
                0x20006260                uip_ds6_prefix_list
                0x200062c0                uip_ds6_timer_periodic
 COMMON         0x200062d0      0x160 obj_zoul/rpl-dag.o
                0x200062d0                curr_instance
 COMMON         0x20006430        0x8 obj_zoul/linkaddr.o
                0x20006430                linkaddr_node_addr
 COMMON         0x20006438       0x2a obj_zoul/packetbuf.o
                0x20006438                packetbuf_addrs
                0x20006448                packetbuf_attrs
 COMMON         0x20006462       0x10 obj_zoul/rpl.o
                0x20006462                rpl_multicast_addr
 COMMON         0x20006472        0x4 obj_zoul/zoul-sensors.o
                0x20006472                sensors_flags
 COMMON         0x20006476        0x3 obj_zoul/button-hal.o
                0x20006476                button_hal_release_event
                0x20006477                button_hal_periodic_event
                0x20006478                button_hal_press_event
 COMMON         0x20006479        0x1 obj_zoul/serial-line.o
                0x20006479                serial_line_event_message
 COMMON         0x2000647a        0x1 obj_zoul/sensors.o
                0x2000647a                sensors_event
 COMMON         0x2000647b        0x1 obj_zoul/tcpip.o
                0x2000647b                tcpip_event
                0x2000647c                _ebss = .
                0x2000647c                _end = .
                0x2000647c                _stack = .

.stack          0x20006480      0x800
 *(SORT(.stack))
 .stack         0x20006480      0x800 obj_zoul/startup-gcc.o
                0x20006c80                _stack_origin = .
                0x20006c80                _heap = .
                0x20008000                _eheap = (ORIGIN (FRSRAM) + 0x4000)

.nrdata         0x20000000        0x0
                0x20000000                _nrdata = .
 *(SORT(.nrdata*))
                0x20000000                _enrdata = .

.flashcca       0x0027ffd4       0x2c
 *(SORT(.flashcca))
 .flashcca      0x0027ffd4       0x2c obj_zoul/startup-gcc.o
                0x0027ffd4                flash_cca_lock_page
OUTPUT(hello-world.elf elf32-littlearm)

.rel.dyn        0x00280000        0x0
 .rel.iplt      0x00000000        0x0 obj_zoul/startup-gcc.o

.comment        0x00000000       0x70
 .comment       0x00000000       0x70 obj_zoul/startup-gcc.o
                                 0x71 (size before relaxing)
 .comment       0x00000000       0x71 obj_zoul/platform.o
 .comment       0x00000000       0x71 obj_zoul/leds-arch.o
 .comment       0x00000000       0x71 obj_zoul/leds.o
 .comment       0x00000000       0x71 obj_zoul/board-buttons.o
 .comment       0x00000000       0x71 obj_zoul/zoul-sensors.o
 .comment       0x00000000       0x71 obj_zoul/user-sensor.o
 .comment       0x00000000       0x71 obj_zoul/board.o
 .comment       0x00000000       0x71 obj_zoul/antenna-sw.o
 .comment       0x00000000       0x71 obj_zoul/soc.o
 .comment       0x00000000       0x71 obj_zoul/clock.o
 .comment       0x00000000       0x71 obj_zoul/rtimer-arch.o
 .comment       0x00000000       0x71 obj_zoul/uart.o
 .comment       0x00000000       0x71 obj_zoul/watchdog.o
 .comment       0x00000000       0x71 obj_zoul/nvic.o
 .comment       0x00000000       0x71 obj_zoul/sys-ctrl.o
 .comment       0x00000000       0x71 obj_zoul/gpio.o
 .comment       0x00000000       0x71 obj_zoul/ioc.o
 .comment       0x00000000       0x71 obj_zoul/adc.o
 .comment       0x00000000       0x71 obj_zoul/crypto.o
 .comment       0x00000000       0x71 obj_zoul/gpio-hal-arch.o
 .comment       0x00000000       0x71 obj_zoul/cc2538-rf.o
 .comment       0x00000000       0x71 obj_zoul/udma.o
 .comment       0x00000000       0x71 obj_zoul/lpm.o
 .comment       0x00000000       0x71 obj_zoul/int-master.o
 .comment       0x00000000       0x71 obj_zoul/pka.o
 .comment       0x00000000       0x71 obj_zoul/dbg.o
 .comment       0x00000000       0x71 obj_zoul/ieee-addr.o
 .comment       0x00000000       0x71 obj_zoul/cc2538-temp-sensor.o
 .comment       0x00000000       0x71 obj_zoul/vdd3-sensor.o
 .comment       0x00000000       0x71 obj_zoul/contiki-main.o
 .comment       0x00000000       0x71 obj_zoul/autostart.o
 .comment       0x00000000       0x71 obj_zoul/ctimer.o
 .comment       0x00000000       0x71 obj_zoul/energest.o
 .comment       0x00000000       0x71 obj_zoul/etimer.o
 .comment       0x00000000       0x71 obj_zoul/log.o
 .comment       0x00000000       0x71 obj_zoul/node-id.o
 .comment       0x00000000       0x71 obj_zoul/process.o
 .comment       0x00000000       0x71 obj_zoul/rtimer.o
 .comment       0x00000000       0x71 obj_zoul/stack-check.o
 .comment       0x00000000       0x71 obj_zoul/stimer.o
 .comment       0x00000000       0x71 obj_zoul/timer.o
 .comment       0x00000000       0x71 obj_zoul/button-hal.o
 .comment       0x00000000       0x71 obj_zoul/gpio-hal.o
 .comment       0x00000000       0x71 obj_zoul/serial-line.o
 .comment       0x00000000       0x71 obj_zoul/list.o
 .comment       0x00000000       0x71 obj_zoul/memb.o
 .comment       0x00000000       0x71 obj_zoul/random.o
 .comment       0x00000000       0x71 obj_zoul/ringbuf.o
 .comment       0x00000000       0x71 obj_zoul/sensors.o
 .comment       0x00000000       0x71 obj_zoul/linkaddr.o
 .comment       0x00000000       0x71 obj_zoul/link-stats.o
 .comment       0x00000000       0x71 obj_zoul/nbr-table.o
 .comment       0x00000000       0x71 obj_zoul/netstack.o
 .comment       0x00000000       0x71 obj_zoul/packetbuf.o
 .comment       0x00000000       0x71 obj_zoul/queuebuf.o
 .comment       0x00000000       0x71 obj_zoul/mac.o
 .comment       0x00000000       0x71 obj_zoul/mac-sequence.o
 .comment       0x00000000       0x71 obj_zoul/frame802154.o
 .comment       0x00000000       0x71 obj_zoul/framer-802154.o
 .comment       0x00000000       0x71 obj_zoul/printf.o
 .comment       0x00000000       0x71 obj_zoul/putchar.o
 .comment       0x00000000       0x71 obj_zoul/snprintf.o
 .comment       0x00000000       0x71 obj_zoul/strformat.o
 .comment       0x00000000       0x71 obj_zoul/csma.o
 .comment       0x00000000       0x71 obj_zoul/csma-output.o
 .comment       0x00000000       0x71 obj_zoul/csma-security.o
 .comment       0x00000000       0x71 obj_zoul/sicslowpan.o
 .comment       0x00000000       0x71 obj_zoul/tcpip.o
 .comment       0x00000000       0x71 obj_zoul/uip6.o
 .comment       0x00000000       0x71 obj_zoul/uipbuf.o
 .comment       0x00000000       0x71 obj_zoul/uip-ds6.o
 .comment       0x00000000       0x71 obj_zoul/uip-ds6-nbr.o
 .comment       0x00000000       0x71 obj_zoul/uip-ds6-route.o
 .comment       0x00000000       0x71 obj_zoul/uip-icmp6.o
 .comment       0x00000000       0x71 obj_zoul/uiplib.o
 .comment       0x00000000       0x71 obj_zoul/uip-nd6.o
 .comment       0x00000000       0x71 obj_zoul/uip-sr.o
 .comment       0x00000000       0x71 obj_zoul/rpl.o
 .comment       0x00000000       0x71 obj_zoul/rpl-dag.o
 .comment       0x00000000       0x71 obj_zoul/rpl-dag-root.o
 .comment       0x00000000       0x71 obj_zoul/rpl-ext-header.o
 .comment       0x00000000       0x71 obj_zoul/rpl-icmp6.o
 .comment       0x00000000       0x71 obj_zoul/rpl-mrhof.o
 .comment       0x00000000       0x71 obj_zoul/rpl-nbr-policy.o
 .comment       0x00000000       0x71 obj_zoul/rpl-neighbor.o
 .comment       0x00000000       0x71 obj_zoul/rpl-timers.o
 .comment       0x00000000       0x71 hello-world.o

.ARM.attributes
                0x00000000       0x31
 .ARM.attributes
                0x00000000       0x33 obj_zoul/startup-gcc.o
 .ARM.attributes
                0x00000033       0x33 obj_zoul/platform.o
 .ARM.attributes
                0x00000066       0x33 obj_zoul/leds-arch.o
 .ARM.attributes
                0x00000099       0x33 obj_zoul/leds.o
 .ARM.attributes
                0x000000cc       0x33 obj_zoul/board-buttons.o
 .ARM.attributes
                0x000000ff       0x33 obj_zoul/zoul-sensors.o
 .ARM.attributes
                0x00000132       0x33 obj_zoul/user-sensor.o
 .ARM.attributes
                0x00000165       0x33 obj_zoul/board.o
 .ARM.attributes
                0x00000198       0x33 obj_zoul/antenna-sw.o
 .ARM.attributes
                0x000001cb       0x33 obj_zoul/soc.o
 .ARM.attributes