Archive member included because of file (symbol)

/usr/bin/../lib/gcc/arm-none-eabi/4.9.3/../../../../arm-none-eabi/lib/armv7-m/libm.a(lib_a-w_sqrt.o)
                              obj_zoul/decoder.o (sqrt)
/usr/bin/../lib/gcc/arm-none-eabi/4.9.3/../../../../arm-none-eabi/lib/armv7-m/libm.a(lib_a-e_sqrt.o)
                              /usr/bin/../lib/gcc/arm-none-eabi/4.9.3/../../../../arm-none-eabi/lib/armv7-m/libm.a(lib_a-w_sqrt.o) (__ieee754_sqrt)
/usr/bin/../lib/gcc/arm-none-eabi/4.9.3/../../../../arm-none-eabi/lib/armv7-m/libm.a(lib_a-s_fpclassify.o)
                              /usr/bin/../lib/gcc/arm-none-eabi/4.9.3/../../../../arm-none-eabi/lib/armv7-m/libm.a(lib_a-w_sqrt.o) (__fpclassifyd)
/usr/bin/../lib/gcc/arm-none-eabi/4.9.3/../../../../arm-none-eabi/lib/armv7-m/libm.a(lib_a-s_lib_ver.o)
                              /usr/bin/../lib/gcc/arm-none-eabi/4.9.3/../../../../arm-none-eabi/lib/armv7-m/libm.a(lib_a-w_sqrt.o) (__fdlib_version)
/usr/bin/../lib/gcc/arm-none-eabi/4.9.3/../../../../arm-none-eabi/lib/armv7-m/libm.a(lib_a-s_matherr.o)
                              /usr/bin/../lib/gcc/arm-none-eabi/4.9.3/../../../../arm-none-eabi/lib/armv7-m/libm.a(lib_a-w_sqrt.o) (matherr)
/usr/bin/../lib/gcc/arm-none-eabi/4.9.3/armv7-m/libgcc.a(_ashldi3.o)
                              obj_zoul/mmc.o (__aeabi_llsl)
/usr/bin/../lib/gcc/arm-none-eabi/4.9.3/armv7-m/libgcc.a(_arm_addsubdf3.o)
                              /usr/bin/../lib/gcc/arm-none-eabi/4.9.3/../../../../arm-none-eabi/lib/armv7-m/libm.a(lib_a-e_sqrt.o) (__aeabi_dsub)
/usr/bin/../lib/gcc/arm-none-eabi/4.9.3/armv7-m/libgcc.a(_arm_muldivdf3.o)
                              /usr/bin/../lib/gcc/arm-none-eabi/4.9.3/../../../../arm-none-eabi/lib/armv7-m/libm.a(lib_a-e_sqrt.o) (__aeabi_dmul)
/usr/bin/../lib/gcc/arm-none-eabi/4.9.3/armv7-m/libgcc.a(_arm_cmpdf2.o)
                              /usr/bin/../lib/gcc/arm-none-eabi/4.9.3/../../../../arm-none-eabi/lib/armv7-m/libm.a(lib_a-w_sqrt.o) (__aeabi_dcmplt)
/usr/bin/../lib/gcc/arm-none-eabi/4.9.3/armv7-m/libgcc.a(_arm_fixunsdfsi.o)
                              obj_zoul/decoder.o (__aeabi_d2uiz)
/usr/bin/../lib/gcc/arm-none-eabi/4.9.3/armv7-m/libgcc.a(_aeabi_ldivmod.o)
                              obj_zoul/tsch-adaptive-timesync.o (__aeabi_ldivmod)
/usr/bin/../lib/gcc/arm-none-eabi/4.9.3/armv7-m/libgcc.a(_aeabi_uldivmod.o)
                              obj_zoul/spi-legacy.o (__aeabi_uldivmod)
/usr/bin/../lib/gcc/arm-none-eabi/4.9.3/armv7-m/libgcc.a(bpabi.o)
                              /usr/bin/../lib/gcc/arm-none-eabi/4.9.3/armv7-m/libgcc.a(_aeabi_ldivmod.o) (__gnu_ldivmod_helper)
/usr/bin/../lib/gcc/arm-none-eabi/4.9.3/armv7-m/libgcc.a(_dvmd_tls.o)
                              /usr/bin/../lib/gcc/arm-none-eabi/4.9.3/armv7-m/libgcc.a(_aeabi_ldivmod.o) (__aeabi_ldiv0)
/usr/bin/../lib/gcc/arm-none-eabi/4.9.3/armv7-m/libgcc.a(_divdi3.o)
                              /usr/bin/../lib/gcc/arm-none-eabi/4.9.3/armv7-m/libgcc.a(bpabi.o) (__divdi3)
/usr/bin/../lib/gcc/arm-none-eabi/4.9.3/armv7-m/libgcc.a(_udivdi3.o)
                              /usr/bin/../lib/gcc/arm-none-eabi/4.9.3/armv7-m/libgcc.a(bpabi.o) (__udivdi3)
/usr/bin/../lib/gcc/arm-none-eabi/4.9.3/../../../../arm-none-eabi/lib/armv7-m/libc.a(lib_a-ctype_.o)
                              obj_zoul/resolv.o (__ctype_ptr__)
/usr/bin/../lib/gcc/arm-none-eabi/4.9.3/../../../../arm-none-eabi/lib/armv7-m/libc.a(lib_a-errno.o)
                              /usr/bin/../lib/gcc/arm-none-eabi/4.9.3/../../../../arm-none-eabi/lib/armv7-m/libm.a(lib_a-w_sqrt.o) (__errno)
/usr/bin/../lib/gcc/arm-none-eabi/4.9.3/../../../../arm-none-eabi/lib/armv7-m/libc.a(lib_a-impure.o)
                              /usr/bin/../lib/gcc/arm-none-eabi/4.9.3/../../../../arm-none-eabi/lib/armv7-m/libc.a(lib_a-errno.o) (_impure_ptr)
/usr/bin/../lib/gcc/arm-none-eabi/4.9.3/../../../../arm-none-eabi/lib/armv7-m/libc.a(lib_a-malloc.o)
                              obj_zoul/syscall.o (malloc)
/usr/bin/../lib/gcc/arm-none-eabi/4.9.3/../../../../arm-none-eabi/lib/armv7-m/libc.a(lib_a-mallocr.o)
                              /usr/bin/../lib/gcc/arm-none-eabi/4.9.3/../../../../arm-none-eabi/lib/armv7-m/libc.a(lib_a-malloc.o) (_malloc_r)
/usr/bin/../lib/gcc/arm-none-eabi/4.9.3/../../../../arm-none-eabi/lib/armv7-m/libc.a(lib_a-memcmp.o)
                              obj_zoul/linkaddr.o (memcmp)
/usr/bin/../lib/gcc/arm-none-eabi/4.9.3/../../../../arm-none-eabi/lib/armv7-m/libc.a(lib_a-memcpy.o)
                              obj_zoul/ecc-algorithm.o (memcpy)
/usr/bin/../lib/gcc/arm-none-eabi/4.9.3/../../../../arm-none-eabi/lib/armv7-m/libc.a(lib_a-memmove.o)
                              obj_zoul/tsch-packet.o (memmove)
/usr/bin/../lib/gcc/arm-none-eabi/4.9.3/../../../../arm-none-eabi/lib/armv7-m/libc.a(lib_a-memset.o)
                              obj_zoul/udma.o (memset)
/usr/bin/../lib/gcc/arm-none-eabi/4.9.3/../../../../arm-none-eabi/lib/armv7-m/libc.a(lib_a-mlock.o)
[...]
Memory Configuration

Name             Origin             Length             Attributes
FLASH_FW         0x00202000         0x0007dfd4         xr
FLASH_CCA        0x0027ffd4         0x0000002c         xr
NRSRAM           0x20000000         0x00004000         xrw
FRSRAM           0x20004000         0x00004000         xrw
*default*        0x00000000         0xffffffff

Linker script and memory map

LOAD obj_zoul/startup-gcc.o
LOAD obj_zoul/platform.o
LOAD obj_zoul/leds-arch.o
LOAD obj_zoul/leds.o
LOAD obj_zoul/cc1200-zoul-arch.o
LOAD obj_zoul/adc-zoul.o
LOAD obj_zoul/board-buttons.o
LOAD obj_zoul/zoul-sensors.o
LOAD obj_zoul/user-sensor.o
LOAD obj_zoul/board.o
LOAD obj_zoul/antenna-sw.o
LOAD obj_zoul/mmc-arch.o
LOAD obj_zoul/rtcc.o
LOAD obj_zoul/power-mgmt.o
LOAD obj_zoul/soc.o
LOAD obj_zoul/clock.o
LOAD obj_zoul/rtimer-arch.o
LOAD obj_zoul/uart.o
LOAD obj_zoul/watchdog.o
LOAD obj_zoul/nvic.o
LOAD obj_zoul/sys-ctrl.o
LOAD obj_zoul/gpio.o
LOAD obj_zoul/ioc.o
LOAD obj_zoul/spi-legacy.o
LOAD obj_zoul/adc.o
LOAD obj_zoul/spi-arch.o
LOAD obj_zoul/crypto.o
LOAD obj_zoul/aes.o
LOAD obj_zoul/ecb.o
LOAD obj_zoul/cbc.o
LOAD obj_zoul/ctr.o
LOAD obj_zoul/cbc-mac.o
LOAD obj_zoul/gcm.o
LOAD obj_zoul/ccm.o
LOAD obj_zoul/sha256.o
LOAD obj_zoul/gpio-hal-arch.o
LOAD obj_zoul/cc2538-aes-128.o
LOAD obj_zoul/cc2538-ccm-star.o
LOAD obj_zoul/cc2538-rf.o
LOAD obj_zoul/udma.o
LOAD obj_zoul/lpm.o
LOAD obj_zoul/int-master.o
LOAD obj_zoul/pka.o
LOAD obj_zoul/bignum-driver.o
LOAD obj_zoul/ecc-driver.o
LOAD obj_zoul/ecc-algorithm.o
LOAD obj_zoul/ecc-curve.o
LOAD obj_zoul/dbg.o
LOAD obj_zoul/ieee-addr.o
LOAD obj_zoul/slip-arch.o
LOAD obj_zoul/slip.o
LOAD obj_zoul/i2c.o
LOAD obj_zoul/cc2538-temp-sensor.o
LOAD obj_zoul/vdd3-sensor.o
LOAD obj_zoul/cfs-coffee.o
LOAD obj_zoul/cfs-coffee-arch.o
LOAD obj_zoul/pwm.o
LOAD obj_zoul/usb-core.o
LOAD obj_zoul/cdc-acm.o
LOAD obj_zoul/usb-arch.o
LOAD obj_zoul/usb-serial.o
LOAD obj_zoul/cdc-acm-descriptors.o
LOAD obj_zoul/serial-shell.o
LOAD obj_zoul/shell.o
LOAD obj_zoul/shell-commands.o
LOAD obj_zoul/contiki-main.o
LOAD obj_zoul/autostart.o
LOAD obj_zoul/compower.o
LOAD obj_zoul/ctimer.o
LOAD obj_zoul/energest.o
LOAD obj_zoul/etimer.o
LOAD obj_zoul/log.o
LOAD obj_zoul/mutex.o
LOAD obj_zoul/node-id.o
LOAD obj_zoul/process.o
LOAD obj_zoul/rtimer.o
LOAD obj_zoul/stack-check.o
LOAD obj_zoul/stimer.o
LOAD obj_zoul/timer.o
LOAD obj_zoul/button-hal.o
LOAD obj_zoul/gpio-hal.o
LOAD obj_zoul/nullradio.o
LOAD obj_zoul/serial-line.o
LOAD obj_zoul/spi.o
LOAD obj_zoul/aes-128.o
LOAD obj_zoul/assert.o
LOAD obj_zoul/ccm-star.o
LOAD obj_zoul/circular-list.o
LOAD obj_zoul/crc16.o
LOAD obj_zoul/dbl-circ-list.o
LOAD obj_zoul/dbl-list.o
LOAD obj_zoul/heapmem.o
LOAD obj_zoul/ifft.o
LOAD obj_zoul/list.o
LOAD obj_zoul/memb.o
LOAD obj_zoul/random.o
LOAD obj_zoul/ringbuf.o
LOAD obj_zoul/ringbufindex.o
LOAD obj_zoul/sensors.o
LOAD obj_zoul/trickle-timer.o
LOAD obj_zoul/linkaddr.o
LOAD obj_zoul/link-stats.o
LOAD obj_zoul/nbr-table.o
LOAD obj_zoul/net-debug.o
LOAD obj_zoul/netstack.o
LOAD obj_zoul/packetbuf.o
LOAD obj_zoul/queuebuf.o
LOAD obj_zoul/mac.o
LOAD obj_zoul/mac-sequence.o
LOAD obj_zoul/frame802154.o
LOAD obj_zoul/frame802154e-ie.o
LOAD obj_zoul/framer-802154.o
LOAD obj_zoul/nullframer.o
LOAD obj_zoul/ff.o
LOAD obj_zoul/syscall.o
LOAD obj_zoul/unicode.o
LOAD obj_zoul/diskio.o
LOAD obj_zoul/mmc.o
LOAD obj_zoul/syscalls.o
LOAD obj_zoul/printf.o
LOAD obj_zoul/putchar.o
LOAD obj_zoul/puts.o
LOAD obj_zoul/snprintf.o
LOAD obj_zoul/sprintf.o
LOAD obj_zoul/strformat.o
LOAD obj_zoul/cc1200-802154g-863-870-fsk-50kbps.o
LOAD obj_zoul/cc1200-868-4gfsk-1000kbps.o
LOAD obj_zoul/cc1200-868-fsk-1-2kbps.o
LOAD obj_zoul/cc1200.o
LOAD obj_zoul/rgb-led.o
LOAD obj_zoul/tsch-adaptive-timesync.o
LOAD obj_zoul/tsch.o
LOAD obj_zoul/tsch-log.o
LOAD obj_zoul/tsch-packet.o
LOAD obj_zoul/tsch-queue.o
LOAD obj_zoul/tsch-rpl.o
LOAD obj_zoul/tsch-schedule.o
LOAD obj_zoul/tsch-security.o
LOAD obj_zoul/tsch-slot-operation.o
LOAD obj_zoul/tsch-stats.o
LOAD obj_zoul/tsch-timeslot-timing.o
LOAD obj_zoul/ip64-addr.o
LOAD obj_zoul/psock.o
LOAD obj_zoul/resolv.o
LOAD obj_zoul/sicslowpan.o
LOAD obj_zoul/simple-udp.o
LOAD obj_zoul/tcpip.o
LOAD obj_zoul/tcp-socket.o
LOAD obj_zoul/udp-socket.o
LOAD obj_zoul/uip6.o
LOAD obj_zoul/uipbuf.o
LOAD obj_zoul/uip-ds6.o
LOAD obj_zoul/uip-ds6-nbr.o
LOAD obj_zoul/uip-ds6-route.o
LOAD obj_zoul/uip-icmp6.o
LOAD obj_zoul/uiplib.o
LOAD obj_zoul/uip-nameserver.o
LOAD obj_zoul/uip-nd6.o
LOAD obj_zoul/uip-packetqueue.o
LOAD obj_zoul/uip-sr.o
LOAD obj_zoul/uip-udp-packet.o
LOAD obj_zoul/rpl.o
LOAD obj_zoul/rpl-dag.o
LOAD obj_zoul/rpl-dag-root.o
LOAD obj_zoul/rpl-ext-header.o
LOAD obj_zoul/rpl-icmp6.o
LOAD obj_zoul/rpl-mrhof.o
LOAD obj_zoul/rpl-nbr-policy.o
LOAD obj_zoul/rpl-neighbor.o
LOAD obj_zoul/rpl-of0.o
LOAD obj_zoul/rpl-timers.o
LOAD client.o
LOAD obj_zoul/decoder.o
START GROUP
LOAD /usr/bin/../lib/gcc/arm-none-eabi/4.9.3/../../../../arm-none-eabi/lib/armv7-m/libm.a
LOAD /usr/bin/../lib/gcc/arm-none-eabi/4.9.3/../../../../arm-none-eabi/lib/armv7-m/libm.a
END GROUP
START GROUP
LOAD /usr/bin/../lib/gcc/arm-none-eabi/4.9.3/armv7-m/libgcc.a
LOAD /usr/bin/../lib/gcc/arm-none-eabi/4.9.3/../../../../arm-none-eabi/lib/armv7-m/libc.a
END GROUP

.text           0x00202000    0x11428
                0x00202000                _text = .
 *(SORT(.vectors))
 .vectors       0x00202000      0x28c obj_zoul/startup-gcc.o
                0x00202000                vectors
 *(SORT(.text*))
 .text.reset_handler
                0x0020228c       0x40 obj_zoul/startup-gcc.o
                0x0020228c                reset_handler
 .text.platform_init_stage_two
                0x002022cc       0x58 obj_zoul/platform.o
                0x002022cc                platform_init_stage_two
 .text.platform_init_stage_three
                0x00202324       0x8c obj_zoul/platform.o
                0x00202324                platform_init_stage_three
 .text.radio_phy_overhead
                0x002023b0       0x18 obj_zoul/platform.o
                0x002023b0                radio_phy_overhead
 .text.radio_byte_air_time
                0x002023c8       0x18 obj_zoul/platform.o
                0x002023c8                radio_byte_air_time
 .text.radio_delay_before_tx
                0x002023e0       0x18 obj_zoul/platform.o
                0x002023e0                radio_delay_before_tx
 .text.radio_delay_before_rx
                0x002023f8       0x18 obj_zoul/platform.o
                0x002023f8                radio_delay_before_rx
 .text.radio_delay_before_detect
                0x00202410       0x18 obj_zoul/platform.o
                0x00202410                radio_delay_before_detect
 .text.radio_tsch_timeslot_timing
                0x00202428       0x1c obj_zoul/platform.o
                0x00202428                radio_tsch_timeslot_timing
 .text.leds_on  0x00202444       0x5c obj_zoul/leds.o
                0x00202444                leds_on
 .text.leds_off
                0x002024a0       0x48 obj_zoul/leds.o
                0x002024a0                leds_off
 .text.leds_init
                0x002024e8       0x44 obj_zoul/leds.o
                0x002024e8                leds_init
 .text.cc1200_arch_spi_select
                0x0020252c       0x34 obj_zoul/cc1200-zoul-arch.o
                0x0020252c                cc1200_arch_spi_select
 .text.cc1200_arch_spi_deselect
                0x00202560        0xc obj_zoul/cc1200-zoul-arch.o
                0x00202560                cc1200_arch_spi_deselect
 .text.cc1200_arch_spi_rw_byte
                0x0020256c       0x20 obj_zoul/cc1200-zoul-arch.o
                0x0020256c                cc1200_arch_spi_rw_byte
 .text.cc1200_arch_spi_rw
                0x0020258c       0x88 obj_zoul/cc1200-zoul-arch.o
                0x0020258c                cc1200_arch_spi_rw
 .text.cc1200_arch_gpio0_setup_irq
                0x00202614       0x7c obj_zoul/cc1200-zoul-arch.o
                0x00202614                cc1200_arch_gpio0_setup_irq
 .text.cc1200_arch_gpio2_setup_irq
                0x00202690       0x7c obj_zoul/cc1200-zoul-arch.o
                0x00202690                cc1200_arch_gpio2_setup_irq
 .text.cc1200_arch_gpio0_enable_irq
                0x0020270c       0x28 obj_zoul/cc1200-zoul-arch.o
                0x0020270c                cc1200_arch_gpio0_enable_irq
 .text.cc1200_arch_gpio0_disable_irq
                0x00202734       0x10 obj_zoul/cc1200-zoul-arch.o
                0x00202734                cc1200_arch_gpio0_disable_irq
 .text.cc1200_arch_gpio2_enable_irq
                0x00202744       0x28 obj_zoul/cc1200-zoul-arch.o
                0x00202744                cc1200_arch_gpio2_enable_irq
 .text.cc1200_arch_gpio2_disable_irq
                0x0020276c       0x10 obj_zoul/cc1200-zoul-arch.o
                0x0020276c                cc1200_arch_gpio2_disable_irq
 .text.cc1200_arch_gpio0_read_pin
                0x0020277c       0x10 obj_zoul/cc1200-zoul-arch.o
                0x0020277c                cc1200_arch_gpio0_read_pin
 .text.cc1200_arch_gpio2_read_pin
                0x0020278c        0xc obj_zoul/cc1200-zoul-arch.o
                0x0020278c                cc1200_arch_gpio2_read_pin
 .text.cc1200_arch_init
                0x00202798       0xa0 obj_zoul/cc1200-zoul-arch.o
                0x00202798                cc1200_arch_init
 .text.user_interrupt_handler
                0x00202838       0x28 obj_zoul/user-sensor.o
 .text.configure
                0x00202860       0x7c obj_zoul/user-sensor.o
 .text.antenna_sw_config
                0x002028dc       0x30 obj_zoul/antenna-sw.o
                0x002028dc                antenna_sw_config
 .text.soc_get_rev
                0x0020290c       0x18 obj_zoul/soc.o
                0x0020290c                soc_get_rev
 .text.soc_print_info
                0x00202924       0x10 obj_zoul/soc.o
                0x00202924                soc_print_info
 .text.update_ticks
                0x00202934       0x4c obj_zoul/clock.o
 .text.clock_init
                0x00202980       0x4c obj_zoul/clock.o
                0x00202980                clock_init
 .text.clock_time
                0x002029cc       0x14 obj_zoul/clock.o
                0x002029cc                clock_time
 .text.clock_seconds
                0x002029e0       0x14 obj_zoul/clock.o
                0x002029e0                clock_seconds
 .text.clock_delay_usec
                0x002029f4       0x1c obj_zoul/clock.o
                0x002029f4                clock_delay_usec
 .text.clock_adjust
                0x00202a10       0x20 obj_zoul/clock.o
                0x00202a10                clock_adjust
 .text.rtimer_arch_next_trigger
                0x00202a30        0xc obj_zoul/rtimer-arch.o
                0x00202a30                rtimer_arch_next_trigger
 .text.rtimer_arch_now
                0x00202a3c       0x2c obj_zoul/rtimer-arch.o
                0x00202a3c                rtimer_arch_now
 .text.rtimer_arch_schedule
                0x00202a68       0x58 obj_zoul/rtimer-arch.o
                0x00202a68                rtimer_arch_schedule
 .text.rtimer_isr
                0x00202ac0       0x2c obj_zoul/rtimer-arch.o
                0x00202ac0                rtimer_isr
 .text.permit_pm1
                0x00202aec       0x24 obj_zoul/uart.o
 .text.uart_isr
                0x00202b10       0x64 obj_zoul/uart.o
 .text.uart_init
                0x00202b74      0x1b8 obj_zoul/uart.o
                0x00202b74                uart_init
 .text.uart_set_input
                0x00202d2c       0x10 obj_zoul/uart.o
                0x00202d2c                uart_set_input
 .text.uart_write_byte
                0x00202d3c       0x1c obj_zoul/uart.o
                0x00202d3c                uart_write_byte
 .text.watchdog_init
                0x00202d58        0xc obj_zoul/watchdog.o
                0x00202d58                watchdog_init
 .text.watchdog_start
                0x00202d64        0xc obj_zoul/watchdog.o
                0x00202d64                watchdog_start
 .text.watchdog_periodic
                0x00202d70       0x10 obj_zoul/watchdog.o
                0x00202d70                watchdog_periodic
 .text.watchdog_reboot
                0x00202d80       0x10 obj_zoul/watchdog.o
                0x00202d80                watchdog_reboot
 .text.nvic_init
                0x00202d90       0x10 obj_zoul/nvic.o
                0x00202d90                nvic_init
 .text.sys_ctrl_init
                0x00202da0       0x74 obj_zoul/sys-ctrl.o
                0x00202da0                sys_ctrl_init
 .text.gpio_port_isr
                0x00202e14       0x48 obj_zoul/gpio.o
 .text.ioc_init
                0x00202e5c       0x1c obj_zoul/ioc.o
                0x00202e5c                ioc_init
 .text.ioc_set_over
                0x00202e78       0x14 obj_zoul/ioc.o
                0x00202e78                ioc_set_over
 .text.ioc_set_sel
                0x00202e8c       0x14 obj_zoul/ioc.o
                0x00202e8c                ioc_set_sel
 .text.spix_enable
                0x00202ea0       0x18 obj_zoul/spi-legacy.o
                0x00202ea0                spix_enable
 .text.spix_init
                0x00202eb8      0x100 obj_zoul/spi-legacy.o
                0x00202eb8                spix_init
 .text.spix_cs_init
                0x00202fb8       0x38 obj_zoul/spi-legacy.o
                0x00202fb8                spix_cs_init
 .text.adc_get  0x00202ff0       0x78 obj_zoul/adc.o
                0x00202ff0                adc_get
 .text.permit_pm1
                0x00203068       0x10 obj_zoul/crypto.o
 .text.crypto_isr
                0x00203078       0x28 obj_zoul/crypto.o
                0x00203078                crypto_isr
 .text.crypto_enable
                0x002030a0       0x20 obj_zoul/crypto.o
                0x002030a0                crypto_enable
 .text.crypto_init
                0x002030c0       0x3c obj_zoul/crypto.o
                0x002030c0                crypto_init
 .text.crypto_disable
                0x002030fc       0x20 obj_zoul/crypto.o
                0x002030fc                crypto_disable
 .text.gpio_hal_arch_pin_cfg_set
                0x0020311c       0xe8 obj_zoul/gpio-hal-arch.o
                0x0020311c                gpio_hal_arch_pin_cfg_set
 .text.on       0x00203204       0x28 obj_zoul/cc2538-rf.o
 .text.off      0x0020322c       0x40 obj_zoul/cc2538-rf.o
 .text.set_channel
                0x0020326c       0x38 obj_zoul/cc2538-rf.o
 .text.read     0x002032a4       0xe0 obj_zoul/cc2538-rf.o
 .text.set_poll_mode
                0x00203384       0x9c obj_zoul/cc2538-rf.o
 .text.init     0x00203420       0xe8 obj_zoul/cc2538-rf.o
 .text.process_thread_cc2538_rf_process
                0x00203508       0x90 obj_zoul/cc2538-rf.o
 .text.cc2538_rf_rx_tx_isr
                0x00203598       0x24 obj_zoul/cc2538-rf.o
                0x00203598                cc2538_rf_rx_tx_isr
 .text.cc2538_rf_err_isr
                0x002035bc       0x28 obj_zoul/cc2538-rf.o
                0x002035bc                cc2538_rf_err_isr
 .text.udma_init
                0x002035e4       0x34 obj_zoul/udma.o
                0x002035e4                udma_init
 .text.udma_set_channel_src
                0x00203618       0x10 obj_zoul/udma.o
                0x00203618                udma_set_channel_src
 .text.udma_set_channel_dst
                0x00203628       0x14 obj_zoul/udma.o
                0x00203628                udma_set_channel_dst
 .text.udma_set_channel_control_word
                0x0020363c       0x14 obj_zoul/udma.o
                0x0020363c                udma_set_channel_control_word
 .text.udma_channel_enable
                0x00203650       0x18 obj_zoul/udma.o
                0x00203650                udma_channel_enable
 .text.udma_channel_mask_set
                0x00203668       0x18 obj_zoul/udma.o
                0x00203668                udma_channel_mask_set
 .text.udma_channel_sw_request
                0x00203680       0x18 obj_zoul/udma.o
                0x00203680                udma_channel_sw_request
 .text.udma_channel_get_mode
                0x00203698       0x1c obj_zoul/udma.o
                0x00203698                udma_channel_get_mode
 .text.udma_isr
                0x002036b4       0x10 obj_zoul/udma.o
                0x002036b4                udma_isr
 .text.udma_err_isr
                0x002036c4        0xc obj_zoul/udma.o
                0x002036c4                udma_err_isr
 .text.select_32_mhz_xosc
                0x002036d0       0x2c obj_zoul/lpm.o
 .text.lpm_exit
                0x002036fc       0x30 obj_zoul/lpm.o
                0x002036fc                lpm_exit
 .text.lpm_enter
                0x0020372c       0xb4 obj_zoul/lpm.o
                0x0020372c                lpm_enter
 .text.lpm_register_peripheral
                0x002037e0       0x20 obj_zoul/lpm.o
                0x002037e0                lpm_register_peripheral
 .text.lpm_init
                0x00203800       0x24 obj_zoul/lpm.o
                0x00203800                lpm_init
 .text.pka_isr  0x00203824       0x28 obj_zoul/pka.o
                0x00203824                pka_isr
 .text.ieee_addr_cpy_to
                0x0020384c       0x60 obj_zoul/ieee-addr.o
                0x0020384c                ieee_addr_cpy_to
 .text.submit_setup
                0x002038ac       0x24 obj_zoul/usb-core.o
 .text.notify_user
                0x002038d0       0x1c obj_zoul/usb-core.o
 .text.usb_set_global_event_process
                0x002038ec        0xc obj_zoul/usb-core.o
                0x002038ec                usb_set_global_event_process
 .text.usb_get_global_events
                0x002038f8       0x10 obj_zoul/usb-core.o
                0x002038f8                usb_get_global_events
 .text.usb_send_ctrl_response
                0x00203908       0x3c obj_zoul/usb-core.o
                0x00203908                usb_send_ctrl_response
 .text.usb_error_stall
                0x00203944       0x10 obj_zoul/usb-core.o
                0x00203944                usb_error_stall
 .text.usb_send_ctrl_status
                0x00203954       0x24 obj_zoul/usb-core.o
                0x00203954                usb_send_ctrl_status
 .text.handle_standard_requests
                0x00203978      0x138 obj_zoul/usb-core.o
 .text.process_thread_usb_process
                0x00203ab0      0x14c obj_zoul/usb-core.o
 .text.usb_get_ctrl_data
                0x00203bfc       0x44 obj_zoul/usb-core.o
                0x00203bfc                usb_get_ctrl_data
 .text.usb_register_request_handler
                0x00203c40       0x18 obj_zoul/usb-core.o
                0x00203c40                usb_register_request_handler
 .text.usb_setup
                0x00203c58       0x30 obj_zoul/usb-core.o
                0x00203c58                usb_setup
 .text.notify_user
                0x00203c88       0x1c obj_zoul/cdc-acm.o
 .text.handle_cdc_acm_requests
                0x00203ca4       0x90 obj_zoul/cdc-acm.o
 .text.set_line_encoding
                0x00203d34       0x2c obj_zoul/cdc-acm.o
 .text.usb_cdc_acm_setup
                0x00203d60        0xc obj_zoul/cdc-acm.o
                0x00203d60                usb_cdc_acm_setup
 .text.usb_cdc_acm_get_events
                0x00203d6c       0x10 obj_zoul/cdc-acm.o
                0x00203d6c                usb_cdc_acm_get_events
 .text.usb_cdc_acm_get_line_state
                0x00203d7c        0xc obj_zoul/cdc-acm.o
                0x00203d7c                usb_cdc_acm_get_line_state
 .text.usb_cdc_acm_set_event_process
                0x00203d88        0xc obj_zoul/cdc-acm.o
                0x00203d88                usb_cdc_acm_set_event_process
 .text.permit_pm1
                0x00203d94       0x10 obj_zoul/usb-arch.o
 .text.notify_process
                0x00203da4       0x1c obj_zoul/usb-arch.o
 .text.set_stall
                0x00203dc0       0x58 obj_zoul/usb-arch.o
 .text.fill_buffers
                0x00203e18      0x10c obj_zoul/usb-arch.o
 .text.write_hw_buffer
                0x00203f24       0x60 obj_zoul/usb-arch.o
 .text.ep0_tx   0x00203f84       0xd4 obj_zoul/usb-arch.o
 .text.restore_irq
                0x00204058       0x10 obj_zoul/usb-arch.o
 .text.disable_irq
                0x00204068       0x1c obj_zoul/usb-arch.o
 .text.ep_setup
                0x00204084       0xc0 obj_zoul/usb-arch.o
 .text.ep0_interrupt_handler
                0x00204144      0x17c obj_zoul/usb-arch.o
 .text.out_ep_interrupt_handler
                0x002042c0       0xd8 obj_zoul/usb-arch.o
 .text.usb_set_ep_event_process
                0x00204398       0x14 obj_zoul/usb-arch.o
                0x00204398                usb_set_ep_event_process
 .text.usb_arch_set_global_event_process
                0x002043ac        0xc obj_zoul/usb-arch.o
                0x002043ac                usb_arch_set_global_event_process
 .text.usb_arch_get_global_events
                0x002043b8       0x20 obj_zoul/usb-arch.o
                0x002043b8                usb_arch_get_global_events
 .text.usb_get_ep_events
                0x002043d8       0x28 obj_zoul/usb-arch.o
                0x002043d8                usb_get_ep_events
 .text.usb_submit_recv_buffer
                0x00204400       0x9c obj_zoul/usb-arch.o
                0x00204400                usb_submit_recv_buffer
 .text.usb_submit_xmit_buffer
                0x0020449c      0x168 obj_zoul/usb-arch.o
                0x0020449c                usb_submit_xmit_buffer
 .text.usb_arch_setup_control_endpoint
                0x00204604       0x18 obj_zoul/usb-arch.o
                0x00204604                usb_arch_setup_control_endpoint
 .text.reset    0x0020461c       0x40 obj_zoul/usb-arch.o
 .text.usb_arch_setup
                0x0020465c       0x60 obj_zoul/usb-arch.o
                0x0020465c                usb_arch_setup
 .text.usb_arch_setup_bulk_endpoint
                0x002046bc       0x18 obj_zoul/usb-arch.o
                0x002046bc                usb_arch_setup_bulk_endpoint
 .text.usb_arch_disable_endpoint
                0x002046d4       0x94 obj_zoul/usb-arch.o
                0x002046d4                usb_arch_disable_endpoint
 .text.usb_arch_discard_all_buffers
                0x00204768       0x30 obj_zoul/usb-arch.o
                0x00204768                usb_arch_discard_all_buffers
 .text.usb_arch_halt_endpoint
                0x00204798       0x90 obj_zoul/usb-arch.o
                0x00204798                usb_arch_halt_endpoint
 .text.usb_arch_get_ep_status
                0x00204828       0x1c obj_zoul/usb-arch.o
                0x00204828                usb_arch_get_ep_status
 .text.usb_arch_set_address
                0x00204844        0xc obj_zoul/usb-arch.o
                0x00204844                usb_arch_set_address
 .text.usb_arch_send_pending
                0x00204850       0x30 obj_zoul/usb-arch.o
                0x00204850                usb_arch_send_pending
 .text.usb_isr  0x00204880       0xbc obj_zoul/usb-arch.o
                0x00204880                usb_isr
 .text.queue_rx_urb
                0x0020493c       0x20 obj_zoul/usb-serial.o
 .text.process_thread_usb_serial_process
                0x0020495c      0x12c obj_zoul/usb-serial.o
 .text.usb_class_get_string_descriptor
                0x00204a88       0x14 obj_zoul/usb-serial.o
                0x00204a88                usb_class_get_string_descriptor
 .text.usb_serial_set_input
                0x00204a9c        0xc obj_zoul/usb-serial.o
                0x00204a9c                usb_serial_set_input
 .text.usb_serial_init
                0x00204aa8        0xc obj_zoul/usb-serial.o
                0x00204aa8                usb_serial_init
 .text.process_thread_serial_shell_process
                0x00204ab4       0x58 obj_zoul/serial-shell.o
 .text.serial_shell_output
                0x00204b0c        0xc obj_zoul/serial-shell.o
 .text.serial_shell_init
                0x00204b18        0xc obj_zoul/serial-shell.o
                0x00204b18                serial_shell_init
 .text.shell_output_6addr
                0x00204b24       0x28 obj_zoul/shell.o
                0x00204b24                shell_output_6addr
 .text.shell_output_lladdr
                0x00204b4c       0x58 obj_zoul/shell.o
                0x00204b4c                shell_output_lladdr
 .text.shell_input
                0x00204ba4       0xc0 obj_zoul/shell.o
                0x00204ba4                shell_input
 .text.echo_reply_handler
                0x00204c64       0x2c obj_zoul/shell-commands.o
 .text.cmd_rpl_global_repair
                0x00204c90       0x38 obj_zoul/shell-commands.o
 .text.cmd_rpl_local_repair
                0x00204cc8       0x38 obj_zoul/shell-commands.o
 .text.cmd_help
                0x00204d00       0x64 obj_zoul/shell-commands.o
 .text.cmd_tsch_status
                0x00204d64      0x12c obj_zoul/shell-commands.o
 .text.cmd_tsch_schedule
                0x00204e90       0xc0 obj_zoul/shell-commands.o
 .text.cmd_tsch_set_coordinator
                0x00204f50      0x130 obj_zoul/shell-commands.o
 .text.cmd_ipaddr
                0x00205080       0x70 obj_zoul/shell-commands.o
 .text.cmd_routes
                0x002050f0       0xdc obj_zoul/shell-commands.o
 .text.cmd_rpl_nbr
                0x002051cc       0x8c obj_zoul/shell-commands.o
 .text.cmd_rpl_status
                0x00205258      0x26c obj_zoul/shell-commands.o
 .text.cmd_rpl_refresh_routes
                0x002054c4       0x34 obj_zoul/shell-commands.o
 .text.cmd_rpl_set_root
                0x002054f8      0x168 obj_zoul/shell-commands.o
 .text.cmd_ping
                0x00205660      0x16c obj_zoul/shell-commands.o
 .text.shell_output_log_levels
                0x002057cc       0x50 obj_zoul/shell-commands.o
 .text.cmd_log  0x0020581c       0xf8 obj_zoul/shell-commands.o
 .text.cmd_ip_neighbors
                0x00205914       0xd0 obj_zoul/shell-commands.o
 .text.cmd_reboot
                0x002059e4       0x2c obj_zoul/shell-commands.o
 .text.shell_commands_init
                0x00205a10       0x30 obj_zoul/shell-commands.o
                0x00205a10                shell_commands_init
 .text.shell_command_lookup
                0x00205a40       0x34 obj_zoul/shell-commands.o
                0x00205a40                shell_command_lookup
 .text.startup.main
                0x00205a74      0x1f0 obj_zoul/contiki-main.o
                0x00205a74                main
 .text.process_thread_ctimer_process
                0x00205c64       0x80 obj_zoul/ctimer.o
 .text.ctimer_init
                0x00205ce4       0x28 obj_zoul/ctimer.o
                0x00205ce4                ctimer_init
 .text.ctimer_set_with_process
                0x00205d0c       0x44 obj_zoul/ctimer.o
                0x00205d0c                ctimer_set_with_process
 .text.ctimer_set
                0x00205d50       0x14 obj_zoul/ctimer.o
                0x00205d50                ctimer_set
 .text.ctimer_reset
                0x00205d64       0x38 obj_zoul/ctimer.o
                0x00205d64                ctimer_reset
 .text.ctimer_stop
                0x00205d9c       0x2c obj_zoul/ctimer.o
                0x00205d9c                ctimer_stop
 .text.ctimer_expired
                0x00205dc8       0x34 obj_zoul/ctimer.o
                0x00205dc8                ctimer_expired
 .text.update_time
                0x00205dfc       0x44 obj_zoul/etimer.o
 .text.etimer_request_poll
                0x00205e40        0xc obj_zoul/etimer.o
                0x00205e40                etimer_request_poll
 .text.process_thread_etimer_process
                0x00205e4c       0x94 obj_zoul/etimer.o
 .text.add_timer
                0x00205ee0       0x40 obj_zoul/etimer.o
 .text.etimer_pending
                0x00205f20       0x10 obj_zoul/etimer.o
                0x00205f20                etimer_pending
 .text.etimer_stop
                0x00205f30       0x34 obj_zoul/etimer.o
                0x00205f30                etimer_stop
 .text.log_6addr
                0x00205f64       0x20 obj_zoul/log.o
                0x00205f64                log_6addr
 .text.log_lladdr
                0x00205f84       0x3c obj_zoul/log.o
                0x00205f84                log_lladdr
 .text.log_set_level
                0x00205fc0       0x44 obj_zoul/log.o
                0x00205fc0                log_set_level
 .text.log_get_level
                0x00206004       0x34 obj_zoul/log.o
                0x00206004                log_get_level
 .text.log_level_to_str
                0x00206038       0x18 obj_zoul/log.o
                0x00206038                log_level_to_str
 .text.node_id_init
                0x00206050       0x18 obj_zoul/node-id.o
                0x00206050                node_id_init
 .text.call_process.part.0
                0x00206068       0x38 obj_zoul/process.o
 .text.exit_process
                0x002060a0       0x80 obj_zoul/process.o
 .text.do_poll  0x00206120       0x30 obj_zoul/process.o
 .text.process_alloc_event
                0x00206150       0x10 obj_zoul/process.o
                0x00206150                process_alloc_event
 .text.process_init
                0x00206160       0x30 obj_zoul/process.o
                0x00206160                process_init
 .text.process_run
                0x00206190       0x84 obj_zoul/process.o
                0x00206190                process_run
 .text.process_nevents
                0x00206214       0x14 obj_zoul/process.o
                0x00206214                process_nevents
 .text.process_post
                0x00206228       0x3c obj_zoul/process.o
                0x00206228                process_post
 .text.process_post_synch
                0x00206264       0x14 obj_zoul/process.o
                0x00206264                process_post_synch
 .text.process_start
                0x00206278       0x30 obj_zoul/process.o
                0x00206278                process_start
 .text.process_poll
                0x002062a8       0x18 obj_zoul/process.o
                0x002062a8                process_poll
 .text.rtimer_set
                0x002062c0       0x24 obj_zoul/rtimer.o
                0x002062c0                rtimer_set
 .text.rtimer_run_next
                0x002062e4       0x28 obj_zoul/rtimer.o
                0x002062e4                rtimer_run_next
 .text.stack_check_init
                0x0020630c       0x38 obj_zoul/stack-check.o
                0x0020630c                stack_check_init
 .text.stack_check_get_usage
                0x00206344       0x44 obj_zoul/stack-check.o
                0x00206344                stack_check_get_usage
 .text.process_thread_stack_check_process
                0x00206388       0x88 obj_zoul/stack-check.o
 .text.stimer_expired
                0x00206410       0x20 obj_zoul/stimer.o
                0x00206410                stimer_expired
 .text.duration_exceeded_callback
                0x00206430       0x34 obj_zoul/button-hal.o
 .text.process_thread_button_hal_process
                0x00206464       0x70 obj_zoul/button-hal.o
 .text.press_release_handler
                0x002064d4       0x18 obj_zoul/button-hal.o
 .text.debounce_handler
                0x002064ec       0x64 obj_zoul/button-hal.o
 .text.button_hal_init
                0x00206550       0xf0 obj_zoul/button-hal.o
                0x00206550                button_hal_init
 .text.gpio_hal_register_handler
                0x00206640        0xc obj_zoul/gpio-hal.o
                0x00206640                gpio_hal_register_handler
 .text.gpio_hal_event_handler
                0x0020664c       0x24 obj_zoul/gpio-hal.o
                0x0020664c                gpio_hal_event_handler
 .text.gpio_hal_init
                0x00206670        0xc obj_zoul/gpio-hal.o
                0x00206670                gpio_hal_init
 .text.process_thread_serial_line_process
                0x0020667c       0x98 obj_zoul/serial-line.o
 .text.serial_line_input_byte
                0x00206714       0x44 obj_zoul/serial-line.o
                0x00206714                serial_line_input_byte
 .text.serial_line_init
                0x00206758       0x24 obj_zoul/serial-line.o
                0x00206758                serial_line_init
 .text.random_rand
                0x0020677c       0x20 obj_zoul/random.o
                0x0020677c                random_rand
 .text.random_init
                0x0020679c       0x78 obj_zoul/random.o
                0x0020679c                random_init
 .text.process_thread_sensors_process
                0x00206814       0xd4 obj_zoul/sensors.o
 .text.sensors_changed
                0x002068e8       0x38 obj_zoul/sensors.o
                0x002068e8                sensors_changed
 .text.periodic
                0x00206920       0x2c obj_zoul/link-stats.o
 .text.link_stats_from_lladdr
                0x0020694c        0xc obj_zoul/link-stats.o
                0x0020694c                link_stats_from_lladdr
 .text.link_stats_packet_sent
                0x00206958       0x74 obj_zoul/link-stats.o
                0x00206958                link_stats_packet_sent
 .text.link_stats_input_callback
                0x002069cc       0x50 obj_zoul/link-stats.o
                0x002069cc                link_stats_input_callback
 .text.link_stats_reset
                0x00206a1c       0x24 obj_zoul/link-stats.o
                0x00206a1c                link_stats_reset
 .text.link_stats_init
                0x00206a40       0x28 obj_zoul/link-stats.o
                0x00206a40                link_stats_init
 .text.index_from_key
                0x00206a68       0x20 obj_zoul/nbr-table.o
 .text.index_from_lladdr
                0x00206a88       0x40 obj_zoul/nbr-table.o
 .text.key_from_item
                0x00206ac8       0x2c obj_zoul/nbr-table.o
 .text.nbr_get_bit.constprop.0
                0x00206af4       0x30 obj_zoul/nbr-table.o
 .text.nbr_table_is_registered
                0x00206b24       0x20 obj_zoul/nbr-table.o
                0x00206b24                nbr_table_is_registered
 .text.nbr_table_register
                0x00206b44       0x34 obj_zoul/nbr-table.o
                0x00206b44                nbr_table_register
 .text.nbr_table_head
                0x00206b78       0x34 obj_zoul/nbr-table.o
                0x00206b78                nbr_table_head
 .text.nbr_table_add_lladdr
                0x00206bac      0x15c obj_zoul/nbr-table.o
                0x00206bac                nbr_table_add_lladdr
 .text.nbr_table_remove
                0x00206d08       0x2c obj_zoul/nbr-table.o
                0x00206d08                nbr_table_remove
 .text.nbr_table_lock
                0x00206d34       0x14 obj_zoul/nbr-table.o
                0x00206d34                nbr_table_lock
 .text.nbr_table_unlock
                0x00206d48       0x14 obj_zoul/nbr-table.o
                0x00206d48                nbr_table_unlock
 .text.netstack_process_ip_callback
                0x00206d5c       0x38 obj_zoul/netstack.o
                0x00206d5c                netstack_process_ip_callback
 .text.netstack_init
                0x00206d94       0x24 obj_zoul/netstack.o
                0x00206d94                netstack_init
 .text.packetbuf_hdrreduce
                0x00206db8       0x2c obj_zoul/packetbuf.o
                0x00206db8                packetbuf_hdrreduce
 .text.packetbuf_set_datalen
                0x00206de4        0xc obj_zoul/packetbuf.o
                0x00206de4                packetbuf_set_datalen
 .text.packetbuf_hdrptr
                0x00206df0        0x8 obj_zoul/packetbuf.o
                0x00206df0                packetbuf_hdrptr
 .text.packetbuf_datalen
                0x00206df8        0xc obj_zoul/packetbuf.o
                0x00206df8                packetbuf_datalen
 .text.packetbuf_hdrlen
                0x00206e04       0x18 obj_zoul/packetbuf.o
                0x00206e04                packetbuf_hdrlen
 .text.packetbuf_dataptr
                0x00206e1c       0x10 obj_zoul/packetbuf.o
                0x00206e1c                packetbuf_dataptr
 .text.packetbuf_copyto
                0x00206e2c       0x44 obj_zoul/packetbuf.o
                0x00206e2c                packetbuf_copyto
 .text.packetbuf_totlen
                0x00206e70       0x14 obj_zoul/packetbuf.o
                0x00206e70                packetbuf_totlen
 .text.packetbuf_hdralloc
                0x00206e84       0x3c obj_zoul/packetbuf.o
                0x00206e84                packetbuf_hdralloc
 .text.packetbuf_attr_clear
                0x00206ec0       0x34 obj_zoul/packetbuf.o
                0x00206ec0                packetbuf_attr_clear
 .text.packetbuf_clear
                0x00206ef4       0x20 obj_zoul/packetbuf.o
                0x00206ef4                packetbuf_clear
 .text.packetbuf_copyfrom
                0x00206f14       0x2c obj_zoul/packetbuf.o
                0x00206f14                packetbuf_copyfrom
 .text.packetbuf_attr_copyto
                0x00206f40       0x24 obj_zoul/packetbuf.o
                0x00206f40                packetbuf_attr_copyto
 .text.packetbuf_attr_copyfrom
                0x00206f64       0x28 obj_zoul/packetbuf.o
                0x00206f64                packetbuf_attr_copyfrom
 .text.packetbuf_set_attr
                0x00206f8c       0x10 obj_zoul/packetbuf.o
                0x00206f8c                packetbuf_set_attr
 .text.packetbuf_attr
                0x00206f9c        0xc obj_zoul/packetbuf.o
                0x00206f9c                packetbuf_attr
 .text.packetbuf_set_addr
                0x00206fa8       0x18 obj_zoul/packetbuf.o
                0x00206fa8                packetbuf_set_addr
 .text.packetbuf_addr
                0x00206fc0       0x10 obj_zoul/packetbuf.o
                0x00206fc0                packetbuf_addr
 .text.packetbuf_holds_broadcast
                0x00206fd0       0x10 obj_zoul/packetbuf.o
                0x00206fd0                packetbuf_holds_broadcast
 .text.queuebuf_init
                0x00206fe0       0x1c obj_zoul/queuebuf.o
                0x00206fe0                queuebuf_init
 .text.queuebuf_new_from_packetbuf
                0x00206ffc       0x44 obj_zoul/queuebuf.o
                0x00206ffc                queuebuf_new_from_packetbuf
 .text.queuebuf_free
                0x00207040       0x2c obj_zoul/queuebuf.o
                0x00207040                queuebuf_free
 .text.queuebuf_to_packetbuf
                0x0020706c       0x30 obj_zoul/queuebuf.o
                0x0020706c                queuebuf_to_packetbuf
 .text.queuebuf_dataptr
                0x0020709c       0x18 obj_zoul/queuebuf.o
                0x0020709c                queuebuf_dataptr
 .text.mac_sequence_is_duplicate
                0x002070b4       0x4c obj_zoul/mac-sequence.o
                0x002070b4                mac_sequence_is_duplicate
 .text.mac_sequence_register_seqno
                0x00207100       0x60 obj_zoul/mac-sequence.o
                0x00207100                mac_sequence_register_seqno
 .text.frame802154_get_pan_id
                0x00207160        0xc obj_zoul/frame802154.o
                0x00207160                frame802154_get_pan_id
 .text.frame802154_set_pan_id
                0x0020716c        0xc obj_zoul/frame802154.o
                0x0020716c                frame802154_set_pan_id
 .text.frame802154_check_dest_panid
                0x00207178       0x38 obj_zoul/frame802154.o
                0x00207178                frame802154_check_dest_panid
 .text.frame802154_extract_linkaddr
                0x002071b0       0x7c obj_zoul/frame802154.o
                0x002071b0                frame802154_extract_linkaddr
 .text.frame802154_parse
                0x0020722c      0x12c obj_zoul/frame802154.o
                0x0020722c                frame802154_parse
 .text.create_frame
                0x00207358       0xd0 obj_zoul/framer-802154.o
 .text.printf   0x00207428       0x20 obj_zoul/printf.o
                0x00207428                printf
 .text.vsnprintf
                0x00207448       0x28 obj_zoul/snprintf.o
                0x00207448                vsnprintf
 .text.fill_space
                0x00207470       0x34 obj_zoul/strformat.o
 .text.format_str_v
                0x002074a4      0x6e8 obj_zoul/strformat.o
                0x002074a4                format_str_v
 .text.update_txpower
                0x00207b8c       0x28 obj_zoul/cc1200.o
 .text.rx_rx    0x00207bb4       0x88 obj_zoul/cc1200.o
 .text.calibrate
                0x00207c3c       0x80 obj_zoul/cc1200.o
 .text.idle_calibrate_rx
                0x00207cbc       0x50 obj_zoul/cc1200.o
 .text.get_object
                0x00207d0c       0x34 obj_zoul/cc1200.o
 .text.pending_packet
                0x00207d40       0x40 obj_zoul/cc1200.o
 .text.on       0x00207d80       0x6c obj_zoul/cc1200.o
 .text.receiving_packet
                0x00207dec       0x30 obj_zoul/cc1200.o
 .text.idle_tx_rx.isra.5
                0x00207e1c       0xa4 obj_zoul/cc1200.o
 .text.read     0x00207ec0       0x68 obj_zoul/cc1200.o
 .text.prepare  0x00207f28       0x54 obj_zoul/cc1200.o
 .text.cc1200_rx_interrupt
                0x00207f7c      0x21c obj_zoul/cc1200.o
                0x00207f7c                cc1200_rx_interrupt
 .text.off      0x00208198       0x6c obj_zoul/cc1200.o
 .text.set_channel
                0x00208204      0x11c obj_zoul/cc1200.o
 .text.set_value
                0x00208320       0x8c obj_zoul/cc1200.o
 .text.get_value
                0x002083ac      0x12c obj_zoul/cc1200.o
 .text.channel_clear
                0x002084d8       0x9c obj_zoul/cc1200.o
 .text.transmit
                0x00208574       0xec obj_zoul/cc1200.o
 .text.init     0x00208660      0x174 obj_zoul/cc1200.o
 .text.process_thread_cc1200_process
                0x002087d4       0x90 obj_zoul/cc1200.o
 .text.compensate_internal
                0x00208864       0xa4 obj_zoul/tsch-adaptive-timesync.o
 .text.tsch_adaptive_timesync_get_drift_ppm
                0x00208908       0x14 obj_zoul/tsch-adaptive-timesync.o
                0x00208908                tsch_adaptive_timesync_get_drift_ppm
 .text.tsch_timesync_update
                0x0020891c      0x100 obj_zoul/tsch-adaptive-timesync.o
                0x0020891c                tsch_timesync_update
 .text.tsch_timesync_adaptive_compensate
                0x00208a1c       0x70 obj_zoul/tsch-adaptive-timesync.o
                0x00208a1c                tsch_timesync_adaptive_compensate
 .text.turn_off
                0x00208a8c       0x10 obj_zoul/tsch.o
 .text.max_payload
                0x00208a9c       0x14 obj_zoul/tsch.o
 .text.tsch_reset
                0x00208ab0       0xa8 obj_zoul/tsch.o
 .text.process_thread_tsch_send_eb_process
                0x00208b58      0x114 obj_zoul/tsch.o
 .text.send_packet
                0x00208c6c       0xb0 obj_zoul/tsch.o
 .text.packet_input
                0x00208d1c       0x40 obj_zoul/tsch.o
 .text.keepalive_send
                0x00208d5c       0x34 obj_zoul/tsch.o
 .text.turn_on  0x00208d90       0x48 obj_zoul/tsch.o
 .text.tsch_init
                0x00208dd8       0xa4 obj_zoul/tsch.o
 .text.tsch_set_coordinator
                0x00208e7c       0x28 obj_zoul/tsch.o
                0x00208e7c                tsch_set_coordinator
 .text.tsch_set_pan_secured
                0x00208ea4        0xc obj_zoul/tsch.o
                0x00208ea4                tsch_set_pan_secured
 .text.tsch_set_join_priority
                0x00208eb0        0xc obj_zoul/tsch.o
                0x00208eb0                tsch_set_join_priority
 .text.tsch_set_eb_period
                0x00208ebc       0x14 obj_zoul/tsch.o
                0x00208ebc                tsch_set_eb_period
 .text.tsch_schedule_keepalive
                0x00208ed0       0x58 obj_zoul/tsch.o
                0x00208ed0                tsch_schedule_keepalive
 .text.tsch_set_ka_timeout
                0x00208f28       0x18 obj_zoul/tsch.o
                0x00208f28                tsch_set_ka_timeout
 .text.tsch_schedule_keepalive_immediately
                0x00208f40       0x28 obj_zoul/tsch.o
                0x00208f40                tsch_schedule_keepalive_immediately
 .text.tsch_disassociate
                0x00208f68       0x20 obj_zoul/tsch.o
                0x00208f68                tsch_disassociate
 .text.process_thread_tsch_pending_events_process
                0x00208f88      0x1c0 obj_zoul/tsch.o
 .text.keepalive_packet_sent
                0x00209148       0x88 obj_zoul/tsch.o
 .text.tsch_scan
                0x002091d0      0x32c obj_zoul/tsch.o
                0x002091d0                tsch_scan
 .text.process_thread_tsch_process
                0x002094fc       0xc4 obj_zoul/tsch.o
 .text.tsch_packet_eackbuf_attr
                0x002095c0        0xc obj_zoul/tsch-packet.o
                0x002095c0                tsch_packet_eackbuf_attr
 .text.tsch_packet_create_eack
                0x002095cc       0xa0 obj_zoul/tsch-packet.o
                0x002095cc                tsch_packet_create_eack
 .text.tsch_packet_parse_eack
                0x0020966c       0xa8 obj_zoul/tsch-packet.o
                0x0020966c                tsch_packet_parse_eack
 .text.tsch_packet_create_eb
                0x00209714      0x158 obj_zoul/tsch-packet.o
                0x00209714                tsch_packet_create_eb
 .text.tsch_packet_update_eb
                0x0020986c       0x38 obj_zoul/tsch-packet.o
                0x0020986c                tsch_packet_update_eb
 .text.tsch_queue_get_nbr
                0x002098a4       0x34 obj_zoul/tsch-queue.o
                0x002098a4                tsch_queue_get_nbr
 .text.tsch_queue_add_nbr
                0x002098d8       0x7c obj_zoul/tsch-queue.o
                0x002098d8                tsch_queue_add_nbr
 .text.tsch_queue_get_time_source
                0x00209954       0x28 obj_zoul/tsch-queue.o
                0x00209954                tsch_queue_get_time_source
 .text.tsch_queue_update_time_source
                0x0020997c       0x54 obj_zoul/tsch-queue.o
                0x0020997c                tsch_queue_update_time_source
 .text.tsch_queue_add_packet
                0x002099d0       0x84 obj_zoul/tsch-queue.o
                0x002099d0                tsch_queue_add_packet
 .text.tsch_queue_free_packet
                0x00209a54       0x20 obj_zoul/tsch-queue.o
                0x00209a54                tsch_queue_free_packet
 .text.tsch_queue_reset
                0x00209a74       0x34 obj_zoul/tsch-queue.o
                0x00209a74                tsch_queue_reset
 .text.tsch_queue_free_unused_neighbors
                0x00209aa8       0x58 obj_zoul/tsch-queue.o
                0x00209aa8                tsch_queue_free_unused_neighbors
 .text.tsch_queue_get_unicast_packet_for_any
                0x00209b00       0x44 obj_zoul/tsch-queue.o
                0x00209b00                tsch_queue_get_unicast_packet_for_any
 .text.tsch_queue_update_all_backoff_windows
                0x00209b44       0x50 obj_zoul/tsch-queue.o
                0x00209b44                tsch_queue_update_all_backoff_windows
 .text.tsch_queue_init
                0x00209b94       0x48 obj_zoul/tsch-queue.o
                0x00209b94                tsch_queue_init
 .text.tsch_rpl_callback_ka_sent
                0x00209bdc       0x20 obj_zoul/tsch-rpl.o
                0x00209bdc                tsch_rpl_callback_ka_sent
 .text.tsch_rpl_callback_leaving_network
                0x00209bfc       0x1c obj_zoul/tsch-rpl.o
                0x00209bfc                tsch_rpl_callback_leaving_network
 .text.tsch_rpl_callback_new_dio_interval
                0x00209c18       0x44 obj_zoul/tsch-rpl.o
                0x00209c18                tsch_rpl_callback_new_dio_interval
 .text.tsch_rpl_callback_parent_switch
                0x00209c5c       0x24 obj_zoul/tsch-rpl.o
                0x00209c5c                tsch_rpl_callback_parent_switch
 .text.tsch_schedule_get_slotframe_by_handle
                0x00209c80       0x2c obj_zoul/tsch-schedule.o
                0x00209c80                tsch_schedule_get_slotframe_by_handle
 .text.tsch_schedule_add_slotframe
                0x00209cac       0x64 obj_zoul/tsch-schedule.o
                0x00209cac                tsch_schedule_add_slotframe
 .text.tsch_schedule_remove_link
                0x00209d10       0x78 obj_zoul/tsch-schedule.o
                0x00209d10                tsch_schedule_remove_link
 .text.tsch_schedule_remove_slotframe
                0x00209d88       0x44 obj_zoul/tsch-schedule.o
                0x00209d88                tsch_schedule_remove_slotframe
 .text.tsch_schedule_remove_all_slotframes
                0x00209dcc       0x1c obj_zoul/tsch-schedule.o
                0x00209dcc                tsch_schedule_remove_all_slotframes
 .text.tsch_schedule_add_link
                0x00209de8       0xb4 obj_zoul/tsch-schedule.o
                0x00209de8                tsch_schedule_add_link
 .text.tsch_schedule_get_next_active_link
                0x00209e9c      0x110 obj_zoul/tsch-schedule.o
                0x00209e9c                tsch_schedule_get_next_active_link
 .text.tsch_schedule_init
                0x00209fac       0x30 obj_zoul/tsch-schedule.o
                0x00209fac                tsch_schedule_init
 .text.tsch_schedule_create_minimal
                0x00209fdc       0x28 obj_zoul/tsch-schedule.o
                0x00209fdc                tsch_schedule_create_minimal
 .text.tsch_schedule_slotframe_head
                0x0020a004        0xc obj_zoul/tsch-schedule.o
                0x0020a004                tsch_schedule_slotframe_head
 .text.tsch_radio_off
                0x0020a010       0x1c obj_zoul/tsch-slot-operation.o
 .text.tsch_schedule_slot_operation.isra.2
                0x0020a02c       0x64 obj_zoul/tsch-slot-operation.o
 .text.get_packet_and_neighbor_for_link.constprop.6
                0x0020a090       0x68 obj_zoul/tsch-slot-operation.o
 .text.tsch_tx_slot.constprop.5
                0x0020a0f8      0x470 obj_zoul/tsch-slot-operation.o
 .text.tsch_is_locked
                0x0020a568        0xc obj_zoul/tsch-slot-operation.o
                0x0020a568                tsch_is_locked
 .text.tsch_get_lock
                0x0020a574       0x4c obj_zoul/tsch-slot-operation.o
                0x0020a574                tsch_get_lock
 .text.tsch_release_lock
                0x0020a5c0        0xc obj_zoul/tsch-slot-operation.o
                0x0020a5c0                tsch_release_lock
 .text.tsch_calculate_channel
                0x0020a5cc       0x48 obj_zoul/tsch-slot-operation.o
                0x0020a5cc                tsch_calculate_channel
 .text.tsch_slot_operation
                0x0020a614      0x6f4 obj_zoul/tsch-slot-operation.o
 .text.tsch_slot_operation_start
                0x0020ad08       0x68 obj_zoul/tsch-slot-operation.o
                0x0020ad08                tsch_slot_operation_start
 .text.tsch_slot_operation_sync
                0x0020ad70       0x38 obj_zoul/tsch-slot-operation.o
                0x0020ad70                tsch_slot_operation_sync
 .text.periodic
                0x0020ada8       0x64 obj_zoul/tsch-stats.o
 .text.tsch_stats_reset_neighbor_stats
                0x0020ae0c       0x24 obj_zoul/tsch-stats.o
                0x0020ae0c                tsch_stats_reset_neighbor_stats
 .text.tsch_stats_init
                0x0020ae30       0x20 obj_zoul/tsch-stats.o
                0x0020ae30                tsch_stats_init
 .text.tsch_stats_get_from_neighbor
                0x0020ae50       0x14 obj_zoul/tsch-stats.o
                0x0020ae50                tsch_stats_get_from_neighbor
 .text.tsch_stats_on_time_synchronization
                0x0020ae64       0x18 obj_zoul/tsch-stats.o
                0x0020ae64                tsch_stats_on_time_synchronization
 .text.sicslowpan_init
                0x0020ae7c       0x18 obj_zoul/sicslowpan.o
                0x0020ae7c                sicslowpan_init
 .text.set_packet_attrs
                0x0020ae94       0x5c obj_zoul/sicslowpan.o
 .text.compress_addr_64
                0x0020aef0       0x90 obj_zoul/sicslowpan.o
 .text.addr_context_lookup_by_prefix
                0x0020af80       0x24 obj_zoul/sicslowpan.o
 .text.output   0x0020afa4      0x65c obj_zoul/sicslowpan.o
 .text.packet_sent
                0x0020b600       0x5c obj_zoul/sicslowpan.o
 .text.uncompress_addr
                0x0020b65c       0x8c obj_zoul/sicslowpan.o
 .text.input    0x0020b6e8      0x540 obj_zoul/sicslowpan.o
 .text.process_thread_simple_udp_process
                0x0020bc28       0xb0 obj_zoul/simple-udp.o
 .text.simple_udp_register
                0x0020bcd8       0x80 obj_zoul/simple-udp.o
                0x0020bcd8                simple_udp_register
 .text.tcpip_output
                0x0020bd58       0x2c obj_zoul/tcpip.o
                0x0020bd58                tcpip_output
 .text.udp_new  0x0020bd84       0x18 obj_zoul/tcpip.o
                0x0020bd84                udp_new
 .text.tcpip_input
                0x0020bd9c       0x24 obj_zoul/tcpip.o
                0x0020bd9c                tcpip_input
 .text.tcpip_ipv6_output
                0x0020bdc0       0xec obj_zoul/tcpip.o
                0x0020bdc0                tcpip_ipv6_output
 .text.packet_input.part.4
                0x0020beac       0x1c obj_zoul/tcpip.o
 .text.process_thread_tcpip_process
                0x0020bec8       0xcc obj_zoul/tcpip.o
 .text.tcpip_uipcall
                0x0020bf94       0x2c obj_zoul/tcpip.o
                0x0020bf94                tcpip_uipcall
 .text.upper_layer_chksum
                0x0020bfc0       0x54 obj_zoul/uip6.o
 .text.ext_hdr_options_process
                0x0020c014       0x80 obj_zoul/uip6.o
 .text.unlikely.uip_update_ttl
                0x0020c094       0x24 obj_zoul/uip6.o
 .text.uip_init
                0x0020c0b8       0x38 obj_zoul/uip6.o
                0x0020c0b8                uip_init
 .text.uip_remove_ext_hdr
                0x0020c0f0       0x60 obj_zoul/uip6.o
                0x0020c0f0                uip_remove_ext_hdr
 .text.uip_udp_new
                0x0020c150       0x88 obj_zoul/uip6.o
                0x0020c150                uip_udp_new
 .text.uip_process
                0x0020c1d8      0x450 obj_zoul/uip6.o
                0x0020c1d8                uip_process
 .text.uipbuf_add_ext_hdr
                0x0020c628       0x28 obj_zoul/uipbuf.o
                0x0020c628                uipbuf_add_ext_hdr
 .text.uipbuf_set_len
                0x0020c650       0x14 obj_zoul/uipbuf.o
                0x0020c650                uipbuf_set_len
 .text.uipbuf_get_attr
                0x0020c664       0x14 obj_zoul/uipbuf.o
                0x0020c664                uipbuf_get_attr
 .text.uipbuf_clear_attr
                0x0020c678       0x14 obj_zoul/uipbuf.o
                0x0020c678                uipbuf_clear_attr
 .text.uipbuf_clear
                0x0020c68c       0x20 obj_zoul/uipbuf.o
                0x0020c68c                uipbuf_clear
 .text.uipbuf_init
                0x0020c6ac       0x20 obj_zoul/uipbuf.o
                0x0020c6ac                uipbuf_init
 .text.uip_ds6_prefix_add
                0x0020c6cc       0x64 obj_zoul/uip-ds6.o
                0x0020c6cc                uip_ds6_prefix_add
 .text.uip_ds6_is_addr_onlink
                0x0020c730       0x40 obj_zoul/uip-ds6.o
                0x0020c730                uip_ds6_is_addr_onlink
 .text.uip_ds6_addr_lookup
                0x0020c770       0x2c obj_zoul/uip-ds6.o
                0x0020c770                uip_ds6_addr_lookup
 .text.uip_ds6_get_link_local
                0x0020c79c       0x40 obj_zoul/uip-ds6.o
                0x0020c79c                uip_ds6_get_link_local
 .text.uip_ds6_maddr_add
                0x0020c7dc       0x4c obj_zoul/uip-ds6.o
                0x0020c7dc                uip_ds6_maddr_add
 .text.uip_ds6_addr_add
                0x0020c828       0x94 obj_zoul/uip-ds6.o
                0x0020c828                uip_ds6_addr_add
 .text.uip_ds6_maddr_lookup
                0x0020c8bc       0x2c obj_zoul/uip-ds6.o
                0x0020c8bc                uip_ds6_maddr_lookup
 .text.uip_ds6_addr_rm
                0x0020c8e8       0x44 obj_zoul/uip-ds6.o
                0x0020c8e8                uip_ds6_addr_rm
 .text.uip_ds6_periodic
                0x0020c92c       0x4c obj_zoul/uip-ds6.o
                0x0020c92c                uip_ds6_periodic
 .text.uip_ds6_select_src
                0x0020c978       0x94 obj_zoul/uip-ds6.o
                0x0020c978                uip_ds6_select_src
 .text.uip_ds6_compute_reachable_time
                0x0020ca0c       0x28 obj_zoul/uip-ds6.o
                0x0020ca0c                uip_ds6_compute_reachable_time
 .text.uip_ds6_init
                0x0020ca34       0xe0 obj_zoul/uip-ds6.o
                0x0020ca34                uip_ds6_init
 .text.uip_ds6_nbr_rm
                0x0020cb14       0x24 obj_zoul/uip-ds6-nbr.o
                0x0020cb14                uip_ds6_nbr_rm
 .text.uip_ds6_neighbors_init
                0x0020cb38       0x1c obj_zoul/uip-ds6-nbr.o
                0x0020cb38                uip_ds6_neighbors_init
 .text.uip_ds6_nbr_add
                0x0020cb54       0x40 obj_zoul/uip-ds6-nbr.o
                0x0020cb54                uip_ds6_nbr_add
 .text.uip_ds6_nbr_get_ll
                0x0020cb94        0xc obj_zoul/uip-ds6-nbr.o
                0x0020cb94                uip_ds6_nbr_get_ll
 .text.uip_ds6_nbr_head
                0x0020cba0        0xc obj_zoul/uip-ds6-nbr.o
                0x0020cba0                uip_ds6_nbr_head
 .text.uip_ds6_nbr_next
                0x0020cbac        0xc obj_zoul/uip-ds6-nbr.o
                0x0020cbac                uip_ds6_nbr_next
 .text.uip_ds6_nbr_ll_lookup
                0x0020cbb8        0xc obj_zoul/uip-ds6-nbr.o
                0x0020cbb8                uip_ds6_nbr_ll_lookup
 .text.uip_ds6_route_init
                0x0020cbc4       0x1c obj_zoul/uip-ds6-route.o
                0x0020cbc4                uip_ds6_route_init
 .text.uip_ds6_defrt_rm
                0x0020cbe0       0x38 obj_zoul/uip-ds6-route.o
                0x0020cbe0                uip_ds6_defrt_rm
 .text.uip_ds6_defrt_lookup
                0x0020cc18       0x34 obj_zoul/uip-ds6-route.o
                0x0020cc18                uip_ds6_defrt_lookup
 .text.uip_ds6_defrt_add
                0x0020cc4c       0x60 obj_zoul/uip-ds6-route.o
                0x0020cc4c                uip_ds6_defrt_add
 .text.uip_ds6_defrt_choose
                0x0020ccac       0x30 obj_zoul/uip-ds6-route.o
                0x0020ccac                uip_ds6_defrt_choose
 .text.uip_ds6_defrt_periodic
                0x0020ccdc       0x30 obj_zoul/uip-ds6-route.o
                0x0020ccdc                uip_ds6_defrt_periodic
 .text.echo_reply_input
                0x0020cd0c       0x64 obj_zoul/uip-icmp6.o
 .text.echo_request_input
                0x0020cd70       0x98 obj_zoul/uip-icmp6.o
 .text.uip_icmp6_input
                0x0020ce08       0x38 obj_zoul/uip-icmp6.o
                0x0020ce08                uip_icmp6_input
 .text.uip_icmp6_register_input_handler
                0x0020ce40        0xc obj_zoul/uip-icmp6.o
                0x0020ce40                uip_icmp6_register_input_handler
 .text.uip_icmp6_error_output
                0x0020ce4c      0x140 obj_zoul/uip-icmp6.o
                0x0020ce4c                uip_icmp6_error_output
 .text.uip_icmp6_send
                0x0020cf8c       0x7c obj_zoul/uip-icmp6.o
                0x0020cf8c                uip_icmp6_send
 .text.uip_icmp6_echo_reply_callback_add
                0x0020d008       0x18 obj_zoul/uip-icmp6.o
                0x0020d008                uip_icmp6_echo_reply_callback_add
 .text.uip_icmp6_init
                0x0020d020       0x1c obj_zoul/uip-icmp6.o
                0x0020d020                uip_icmp6_init
 .text.uiplib_ipaddr_snprint
                0x0020d03c       0xf8 obj_zoul/uiplib.o
                0x0020d03c                uiplib_ipaddr_snprint
 .text.uiplib_ipaddr_print
                0x0020d134       0x20 obj_zoul/uiplib.o
                0x0020d134                uiplib_ipaddr_print
 .text.ns_input
                0x0020d154      0x264 obj_zoul/uip-nd6.o
 .text.uip_nd6_init
                0x0020d3b8        0xc obj_zoul/uip-nd6.o
                0x0020d3b8                uip_nd6_init
 .text.node_matches_address.part.0
                0x0020d3c4       0x28 obj_zoul/uip-sr.o
 .text.uip_sr_num_nodes
                0x0020d3ec        0xc obj_zoul/uip-sr.o
                0x0020d3ec                uip_sr_num_nodes
 .text.uip_sr_get_node
                0x0020d3f8       0x34 obj_zoul/uip-sr.o
                0x0020d3f8                uip_sr_get_node
 .text.uip_sr_is_addr_reachable
                0x0020d42c       0x44 obj_zoul/uip-sr.o
                0x0020d42c                uip_sr_is_addr_reachable
 .text.uip_sr_update_node
                0x0020d470       0xa8 obj_zoul/uip-sr.o
                0x0020d470                uip_sr_update_node
 .text.uip_sr_init
                0x0020d518       0x24 obj_zoul/uip-sr.o
                0x0020d518                uip_sr_init
 .text.uip_sr_node_head
                0x0020d53c        0xc obj_zoul/uip-sr.o
                0x0020d53c                uip_sr_node_head
 .text.uip_sr_periodic
                0x0020d548       0x68 obj_zoul/uip-sr.o
                0x0020d548                uip_sr_periodic
 .text.uip_sr_free_all
                0x0020d5b0       0x40 obj_zoul/uip-sr.o
                0x0020d5b0                uip_sr_free_all
 .text.uip_sr_link_snprint
                0x0020d5f0       0x8c obj_zoul/uip-sr.o
                0x0020d5f0                uip_sr_link_snprint
 .text.uip_udp_packet_send
                0x0020d67c       0x34 obj_zoul/uip-udp-packet.o
                0x0020d67c                uip_udp_packet_send
 .text.rpl_has_joined
                0x0020d6b0       0x18 obj_zoul/rpl.o
                0x0020d6b0                rpl_has_joined
 .text.rpl_is_reachable
                0x0020d6c8       0x18 obj_zoul/rpl.o
                0x0020d6c8                rpl_is_reachable
 .text.get_sr_node_ipaddr
                0x0020d6e0       0x30 obj_zoul/rpl.o
 .text.set_ip_from_prefix
                0x0020d710       0x2c obj_zoul/rpl.o
 .text.init     0x0020d73c       0x40 obj_zoul/rpl.o
 .text.rpl_link_callback
                0x0020d77c       0x2c obj_zoul/rpl.o
                0x0020d77c                rpl_link_callback
 .text.rpl_get_global_address
                0x0020d7a8       0x64 obj_zoul/rpl.o
                0x0020d7a8                rpl_get_global_address
 .text.rpl_reset_prefix
                0x0020d80c       0x28 obj_zoul/rpl.o
                0x0020d80c                rpl_reset_prefix
 .text.rpl_set_prefix_from_addr
                0x0020d834       0x6c obj_zoul/rpl.o
                0x0020d834                rpl_set_prefix_from_addr
 .text.rpl_get_leaf_only
                0x0020d8a0        0xc obj_zoul/rpl.o
                0x0020d8a0                rpl_get_leaf_only
 .text.init_dag
                0x0020d8ac       0x7c obj_zoul/rpl-dag.o
 .text.init_dag_from_dio
                0x0020d928       0x84 obj_zoul/rpl-dag.o
 .text.rpl_dag_get_root_ipaddr
                0x0020d9ac       0x30 obj_zoul/rpl-dag.o
                0x0020d9ac                rpl_dag_get_root_ipaddr
 .text.rpl_dag_leave
                0x0020d9dc       0x54 obj_zoul/rpl-dag.o
                0x0020d9dc                rpl_dag_leave
 .text.rpl_dag_poison_and_leave
                0x0020da30       0x10 obj_zoul/rpl-dag.o
                0x0020da30                rpl_dag_poison_and_leave
 .text.rpl_dag_periodic
                0x0020da40       0x48 obj_zoul/rpl-dag.o
                0x0020da40                rpl_dag_periodic
 .text.rpl_is_addr_in_our_dag
                0x0020da88       0x24 obj_zoul/rpl-dag.o
                0x0020da88                rpl_is_addr_in_our_dag
 .text.rpl_refresh_routes
                0x0020daac       0x24 obj_zoul/rpl-dag.o
                0x0020daac                rpl_refresh_routes
 .text.rpl_local_repair
                0x0020dad0       0x34 obj_zoul/rpl-dag.o
                0x0020dad0                rpl_local_repair
 .text.rpl_global_repair
                0x0020db04       0x38 obj_zoul/rpl-dag.o
                0x0020db04                rpl_global_repair
 .text.rpl_dag_ready_to_advertise
                0x0020db3c       0x24 obj_zoul/rpl-dag.o
                0x0020db3c                rpl_dag_ready_to_advertise
 .text.rpl_dag_update_state
                0x0020db60      0x124 obj_zoul/rpl-dag.o
                0x0020db60                rpl_dag_update_state
 .text.rpl_process_dio
                0x0020dc84      0x18c obj_zoul/rpl-dag.o
                0x0020dc84                rpl_process_dio
 .text.rpl_process_dis
                0x0020de10       0x2c obj_zoul/rpl-dag.o
                0x0020de10                rpl_process_dis
 .text.rpl_process_dao
                0x0020de3c       0x4c obj_zoul/rpl-dag.o
                0x0020de3c                rpl_process_dao
 .text.rpl_process_dao_ack
                0x0020de88       0x54 obj_zoul/rpl-dag.o
                0x0020de88                rpl_process_dao_ack
 .text.rpl_dag_init_root
                0x0020dedc       0xac obj_zoul/rpl-dag.o
                0x0020dedc                rpl_dag_init_root
 .text.rpl_dag_init
                0x0020df88       0x10 obj_zoul/rpl-dag.o
                0x0020df88                rpl_dag_init
 .text.rpl_dag_root_set_prefix
                0x0020df98       0x68 obj_zoul/rpl-dag-root.o
                0x0020df98                rpl_dag_root_set_prefix
 .text.rpl_dag_root_start
                0x0020e000       0x68 obj_zoul/rpl-dag-root.o
                0x0020e000                rpl_dag_root_start
 .text.rpl_dag_root_is_root
                0x0020e068       0x18 obj_zoul/rpl-dag-root.o
                0x0020e068                rpl_dag_root_is_root
 .text.update_hbh_header
                0x0020e080       0x4c obj_zoul/rpl-ext-header.o
 .text.rpl_ext_header_srh_get_next_hop
                0x0020e0cc       0x84 obj_zoul/rpl-ext-header.o
                0x0020e0cc                rpl_ext_header_srh_get_next_hop
 .text.rpl_ext_header_srh_update
                0x0020e150       0xa0 obj_zoul/rpl-ext-header.o
                0x0020e150                rpl_ext_header_srh_update
 .text.rpl_ext_header_hbh_update
                0x0020e1f0       0x94 obj_zoul/rpl-ext-header.o
                0x0020e1f0                rpl_ext_header_hbh_update
 .text.rpl_ext_header_remove
                0x0020e284       0xa0 obj_zoul/rpl-ext-header.o
                0x0020e284                rpl_ext_header_remove
 .text.rpl_ext_header_update
                0x0020e324      0x248 obj_zoul/rpl-ext-header.o
                0x0020e324                rpl_ext_header_update
 .text.dao_ack_input
                0x0020e56c       0x38 obj_zoul/rpl-icmp6.o
 .text.dao_input
                0x0020e5a4       0xfc obj_zoul/rpl-icmp6.o
 .text.dio_input
                0x0020e6a0      0x214 obj_zoul/rpl-icmp6.o
 .text.dis_input
                0x0020e8b4       0x2c obj_zoul/rpl-icmp6.o
 .text.rpl_icmp6_dis_output
                0x0020e8e0       0x38 obj_zoul/rpl-icmp6.o
                0x0020e8e0                rpl_icmp6_dis_output
 .text.rpl_icmp6_dio_output
                0x0020e918      0x1c0 obj_zoul/rpl-icmp6.o
                0x0020e918                rpl_icmp6_dio_output
 .text.rpl_icmp6_dao_output
                0x0020ead8       0xc4 obj_zoul/rpl-icmp6.o
                0x0020ead8                rpl_icmp6_dao_output
 .text.rpl_icmp6_dao_ack_output
                0x0020eb9c       0x44 obj_zoul/rpl-icmp6.o
                0x0020eb9c                rpl_icmp6_dao_ack_output
 .text.rpl_icmp6_init
                0x0020ebe0       0x30 obj_zoul/rpl-icmp6.o
                0x0020ebe0                rpl_icmp6_init
 .text.update_metric_container
                0x0020ec10        0xc obj_zoul/rpl-mrhof.o
 .text.within_hysteresis
                0x0020ec1c       0x38 obj_zoul/rpl-mrhof.o
 .text.rank_via_nbr
                0x0020ec54       0x30 obj_zoul/rpl-mrhof.o
 .text.best_parent
                0x0020ec84       0x70 obj_zoul/rpl-mrhof.o
 .text.update_state
                0x0020ecf4       0x84 obj_zoul/rpl-nbr-policy.o
 .text.rpl_nbr_policy_find_removable
                0x0020ed78       0x50 obj_zoul/rpl-nbr-policy.o
                0x0020ed78                rpl_nbr_policy_find_removable
 .text.acceptable_rank
                0x0020edc8       0x38 obj_zoul/rpl-neighbor.o
 .text.remove_neighbor
                0x0020ee00       0x3c obj_zoul/rpl-neighbor.o
 .text.rpl_neighbor_count
                0x0020ee3c       0x2c obj_zoul/rpl-neighbor.o
                0x0020ee3c                rpl_neighbor_count
 .text.rpl_neighbor_get_from_lladdr
                0x0020ee68       0x10 obj_zoul/rpl-neighbor.o
                0x0020ee68                rpl_neighbor_get_from_lladdr
 .text.rpl_neighbor_is_acceptable_parent
                0x0020ee78       0x18 obj_zoul/rpl-neighbor.o
                0x0020ee78                rpl_neighbor_is_acceptable_parent
 .text.rpl_neighbor_get_link_metric
                0x0020ee90       0x18 obj_zoul/rpl-neighbor.o
                0x0020ee90                rpl_neighbor_get_link_metric
 .text.rpl_neighbor_rank_via_nbr
                0x0020eea8       0x18 obj_zoul/rpl-neighbor.o
                0x0020eea8                rpl_neighbor_rank_via_nbr
 .text.rpl_neighbor_get_lladdr
                0x0020eec0       0x10 obj_zoul/rpl-neighbor.o
                0x0020eec0                rpl_neighbor_get_lladdr
 .text.best_parent
                0x0020eed0       0x64 obj_zoul/rpl-neighbor.o
 .text.rpl_neighbor_snprint
                0x0020ef34      0x164 obj_zoul/rpl-neighbor.o
                0x0020ef34                rpl_neighbor_snprint
 .text.rpl_neighbor_is_parent
                0x0020f098       0x18 obj_zoul/rpl-neighbor.o
                0x0020f098                rpl_neighbor_is_parent
 .text.rpl_neighbor_set_preferred_parent
                0x0020f0b0       0x4c obj_zoul/rpl-neighbor.o
                0x0020f0b0                rpl_neighbor_set_preferred_parent
 .text.rpl_neighbor_remove_all
                0x0020f0fc       0x2c obj_zoul/rpl-neighbor.o
                0x0020f0fc                rpl_neighbor_remove_all
 .text.rpl_neighbor_get_from_ipaddr
                0x0020f128       0x1c obj_zoul/rpl-neighbor.o
                0x0020f128                rpl_neighbor_get_from_ipaddr
 .text.rpl_neighbor_select_best
                0x0020f144       0x54 obj_zoul/rpl-neighbor.o
                0x0020f144                rpl_neighbor_select_best
 .text.rpl_neighbor_init
                0x0020f198       0x14 obj_zoul/rpl-neighbor.o
                0x0020f198                rpl_neighbor_init
 .text.new_dio_interval
                0x0020f1ac       0x64 obj_zoul/rpl-timers.o
 .text.handle_unicast_dio_timer
                0x0020f210       0x1c obj_zoul/rpl-timers.o
 .text.handle_dao_timer
                0x0020f22c       0xdc obj_zoul/rpl-timers.o
 .text.handle_dao_ack_timer
                0x0020f308       0x10 obj_zoul/rpl-timers.o
 .text.handle_leaving_timer
                0x0020f318       0x10 obj_zoul/rpl-timers.o
 .text.handle_dio_timer
                0x0020f328       0x70 obj_zoul/rpl-timers.o
 .text.rpl_timers_schedule_periodic_dis
                0x0020f398       0x38 obj_zoul/rpl-timers.o
                0x0020f398                rpl_timers_schedule_periodic_dis
 .text.handle_dis_timer
                0x0020f3d0       0x34 obj_zoul/rpl-timers.o
 .text.handle_periodic_timer
                0x0020f404       0x48 obj_zoul/rpl-timers.o
 .text.rpl_timers_dio_reset
                0x0020f44c       0x28 obj_zoul/rpl-timers.o
                0x0020f44c                rpl_timers_dio_reset
 .text.rpl_timers_schedule_unicast_dio
                0x0020f474       0x24 obj_zoul/rpl-timers.o
                0x0020f474                rpl_timers_schedule_unicast_dio
 .text.rpl_timers_schedule_dao
                0x0020f498       0x4c obj_zoul/rpl-timers.o
                0x0020f498                rpl_timers_schedule_dao
 .text.rpl_timers_schedule_dao_ack
                0x0020f4e4       0x48 obj_zoul/rpl-timers.o
                0x0020f4e4                rpl_timers_schedule_dao_ack
 .text.get_probing_target
                0x0020f52c       0xc0 obj_zoul/rpl-timers.o
                0x0020f52c                get_probing_target
 .text.rpl_schedule_probing
                0x0020f5ec       0x28 obj_zoul/rpl-timers.o
                0x0020f5ec                rpl_schedule_probing
 .text.rpl_schedule_probing_now
                0x0020f614       0x2c obj_zoul/rpl-timers.o
                0x0020f614                rpl_schedule_probing_now
 .text.rpl_timers_unschedule_leaving
                0x0020f640       0x24 obj_zoul/rpl-timers.o
                0x0020f640                rpl_timers_unschedule_leaving
 .text.rpl_timers_schedule_leaving
                0x0020f664       0x30 obj_zoul/rpl-timers.o
                0x0020f664                rpl_timers_schedule_leaving
 .text.rpl_timers_init
                0x0020f694       0x20 obj_zoul/rpl-timers.o
                0x0020f694                rpl_timers_init
 .text.rpl_timers_stop_dag_timers
                0x0020f6b4       0x44 obj_zoul/rpl-timers.o
                0x0020f6b4                rpl_timers_stop_dag_timers
 .text.rpl_timers_unschedule_state_update
                0x0020f6f8       0x14 obj_zoul/rpl-timers.o
                0x0020f6f8                rpl_timers_unschedule_state_update
 .text.rpl_timers_schedule_state_update
                0x0020f70c       0x1c obj_zoul/rpl-timers.o
                0x0020f70c                rpl_timers_schedule_state_update
 .text.udp_rx_callback
                0x0020f728       0x28 client.o
 .text.process_thread_udp_client_process
                0x0020f750      0x110 client.o
 .text          0x0020f860       0x38 /usr/bin/../lib/gcc/arm-none-eabi/4.9.3/armv7-m/libgcc.a(_aeabi_ldivmod.o)
                0x0020f860                __aeabi_ldivmod
 .text          0x0020f898       0x30 /usr/bin/../lib/gcc/arm-none-eabi/4.9.3/armv7-m/libgcc.a(_aeabi_uldivmod.o)
                0x0020f898                __aeabi_uldivmod
 .text          0x0020f8c8       0x60 /usr/bin/../lib/gcc/arm-none-eabi/4.9.3/armv7-m/libgcc.a(bpabi.o)
                0x0020f8c8                __gnu_ldivmod_helper
                0x0020f8f8                __gnu_uldivmod_helper
 .text          0x0020f928        0x4 /usr/bin/../lib/gcc/arm-none-eabi/4.9.3/armv7-m/libgcc.a(_dvmd_tls.o)
                0x0020f928                __aeabi_ldiv0
                0x0020f928                __aeabi_idiv0
 .text          0x0020f92c      0x2ac /usr/bin/../lib/gcc/arm-none-eabi/4.9.3/armv7-m/libgcc.a(_divdi3.o)
                0x0020f92c                __divdi3
 .text          0x0020fbd8      0x270 /usr/bin/../lib/gcc/arm-none-eabi/4.9.3/armv7-m/libgcc.a(_udivdi3.o)
                0x0020fbd8                __udivdi3
 .text.memcmp   0x0020fe48       0x64 /usr/bin/../lib/gcc/arm-none-eabi/4.9.3/../../../../arm-none-eabi/lib/armv7-m/libc.a(lib_a-memcmp.o)
                0x0020fe48                memcmp
 .text          0x0020feac       0xec /usr/bin/../lib/gcc/arm-none-eabi/4.9.3/../../../../arm-none-eabi/lib/armv7-m/libc.a(lib_a-memcpy.o)
                0x0020feac                memcpy
 .text.memmove  0x0020ff98       0xc8 /usr/bin/../lib/gcc/arm-none-eabi/4.9.3/../../../../arm-none-eabi/lib/armv7-m/libc.a(lib_a-memmove.o)
                0x0020ff98                memmove
 .text.memset   0x00210060       0x9c /usr/bin/../lib/gcc/arm-none-eabi/4.9.3/../../../../arm-none-eabi/lib/armv7-m/libc.a(lib_a-memset.o)
                0x00210060                memset
 .text.strchr   0x002100fc       0xcc /usr/bin/../lib/gcc/arm-none-eabi/4.9.3/../../../../arm-none-eabi/lib/armv7-m/libc.a(lib_a-strchr.o)
                0x002100fc                strchr
 .text          0x002101c8      0x1bc /usr/bin/../lib/gcc/arm-none-eabi/4.9.3/../../../../arm-none-eabi/lib/armv7-m/libc.a(lib_a-strcmp.o)
                0x002101c8                strcmp
 .text.strlen   0x00210384       0x5c /usr/bin/../lib/gcc/arm-none-eabi/4.9.3/../../../../arm-none-eabi/lib/armv7-m/libc.a(lib_a-strlen.o)
                0x00210384                strlen
 .text._strtol_r
                0x002103e0      0x11c /usr/bin/../lib/gcc/arm-none-eabi/4.9.3/../../../../arm-none-eabi/lib/armv7-m/libc.a(lib_a-strtol.o)
                0x002103e0                _strtol_r
 .text.strtol   0x002104fc       0x18 /usr/bin/../lib/gcc/arm-none-eabi/4.9.3/../../../../arm-none-eabi/lib/armv7-m/libc.a(lib_a-strtol.o)
                0x002104fc                strtol
 .text.default_handler
                0x00210514        0x2 obj_zoul/startup-gcc.o
                0x00210514                default_handler
 .text.nmi_handler
                0x00210516        0x6 obj_zoul/startup-gcc.o
                0x00210516                nmi_handler
 .text.fade     0x0021051c       0x54 obj_zoul/platform.o
 .text.platform_init_stage_one
                0x00210570       0x14 obj_zoul/platform.o
                0x00210570                platform_init_stage_one
 .text.platform_idle
                0x00210584        0x4 obj_zoul/platform.o
                0x00210584                platform_idle
 .text.cc1200_int_handler
                0x00210588        0x4 obj_zoul/cc1200-zoul-arch.o
                0x00210588                cc1200_int_handler
 .text.board_init
                0x0021058c        0x4 obj_zoul/board.o
                0x0021058c                board_init
 .text.soc_init
                0x00210590       0x22 obj_zoul/soc.o
                0x00210590                soc_init
 .text.clock_delay
                0x002105b2        0x6 obj_zoul/clock.o
                0x002105b2                clock_delay
 .text.clock_isr
                0x002105b8        0x4 obj_zoul/clock.o
                0x002105b8                clock_isr
 .text.rtimer_arch_init
                0x002105bc        0x2 obj_zoul/rtimer-arch.o
                0x002105bc                rtimer_arch_init
 .text.uart0_isr
                0x002105be        0x6 obj_zoul/uart.o
                0x002105be                uart0_isr
 .text.uart1_isr
                0x002105c4        0x6 obj_zoul/uart.o
                0x002105c4                uart1_isr
 .text.gpio_port_a_isr
                0x002105ca        0x6 obj_zoul/gpio.o
                0x002105ca                gpio_port_a_isr
 .text.gpio_port_b_isr
                0x002105d0        0x6 obj_zoul/gpio.o
                0x002105d0                gpio_port_b_isr
 .text.gpio_port_c_isr
                0x002105d6        0x6 obj_zoul/gpio.o
                0x002105d6                gpio_port_c_isr
 .text.gpio_port_d_isr
                0x002105dc        0x6 obj_zoul/gpio.o
                0x002105dc                gpio_port_d_isr
 .text.int_master_read_and_disable
                0x002105e2        0x8 obj_zoul/int-master.o
                0x002105e2                int_master_read_and_disable
 .text.int_master_status_set
                0x002105ea        0x6 obj_zoul/int-master.o
                0x002105ea                int_master_status_set
 .text.dbg_putchar
                0x002105f0       0x10 obj_zoul/dbg.o
                0x002105f0                dbg_putchar
 .text.dbg_send_bytes
                0x00210600       0x20 obj_zoul/dbg.o
                0x00210600                dbg_send_bytes
 .text.configure
                0x00210620        0x4 obj_zoul/cc2538-temp-sensor.o
 .text.status   0x00210624        0x4 obj_zoul/cc2538-temp-sensor.o
 .text.value    0x00210628       0x34 obj_zoul/cc2538-temp-sensor.o
 .text.configure
                0x0021065c        0x4 obj_zoul/vdd3-sensor.o
 .text.status   0x00210660        0x4 obj_zoul/vdd3-sensor.o
 .text.value    0x00210664       0x2a obj_zoul/vdd3-sensor.o
 .text.usb_setup_bulk_endpoint
                0x0021068e        0x4 obj_zoul/usb-core.o
                0x0021068e                usb_setup_bulk_endpoint
 .text.usb_disable_endpoint
                0x00210692       0x12 obj_zoul/usb-core.o
                0x00210692                usb_disable_endpoint
 .text.encapsulated_command
                0x002106a4        0x4 obj_zoul/cdc-acm.o
 .text.notify_ep_process.constprop.4
                0x002106a8       0x12 obj_zoul/usb-arch.o
 .text.usb_arch_control_stall
                0x002106ba       0x26 obj_zoul/usb-arch.o
                0x002106ba                usb_arch_control_stall
 .text.usb_arch_set_configuration
                0x002106e0        0x2 obj_zoul/usb-arch.o
                0x002106e0                usb_arch_set_configuration
 .text.shell_init
                0x002106e2        0x4 obj_zoul/shell.o
                0x002106e2                shell_init
 .text.autostart_start
                0x002106e6       0x14 obj_zoul/autostart.o
                0x002106e6                autostart_start
 .text.energest_init
                0x002106fa        0x2 obj_zoul/energest.o
                0x002106fa                energest_init
 .text.etimer_set
                0x002106fc       0x12 obj_zoul/etimer.o
                0x002106fc                etimer_set
 .text.etimer_reset
                0x0021070e       0x12 obj_zoul/etimer.o
                0x0021070e                etimer_reset
 .text.etimer_expired
                0x00210720        0xa obj_zoul/etimer.o
                0x00210720                etimer_expired
 .text.call_process
                0x0021072a        0xc obj_zoul/process.o
 .text.rtimer_init
                0x00210736        0x4 obj_zoul/rtimer.o
                0x00210736                rtimer_init
 .text.stimer_set
                0x0021073a        0xe obj_zoul/stimer.o
                0x0021073a                stimer_set
 .text.timer_set
                0x00210748        0xe obj_zoul/timer.o
                0x00210748                timer_set
 .text.timer_expired
                0x00210756       0x1c obj_zoul/timer.o
                0x00210756                timer_expired
 .text.timer_reset
                0x00210772       0x14 obj_zoul/timer.o
                0x00210772                timer_reset
 .text.button_hal_get_state
                0x00210786       0x2a obj_zoul/button-hal.o
                0x00210786                button_hal_get_state
 .text.list_init
                0x002107b0        0x6 obj_zoul/list.o
                0x002107b0                list_init
 .text.list_head
                0x002107b6        0x4 obj_zoul/list.o
                0x002107b6                list_head
 .text.list_tail
                0x002107ba       0x10 obj_zoul/list.o
                0x002107ba                list_tail
 .text.list_remove
                0x002107ca       0x28 obj_zoul/list.o
                0x002107ca                list_remove
 .text.list_add
                0x002107f2       0x1e obj_zoul/list.o
                0x002107f2                list_add
 .text.list_push
                0x00210810       0x12 obj_zoul/list.o
                0x00210810                list_push
 .text.list_item_next
                0x00210822        0x6 obj_zoul/list.o
                0x00210822                list_item_next
 .text.memb_init
                0x00210828       0x20 obj_zoul/memb.o
                0x00210828                memb_init
 .text.memb_alloc
                0x00210848       0x28 obj_zoul/memb.o
                0x00210848                memb_alloc
 .text.memb_free
                0x00210870       0x2c obj_zoul/memb.o
                0x00210870                memb_free
 .text.memb_inmemb
                0x0021089c       0x1c obj_zoul/memb.o
                0x0021089c                memb_inmemb
 .text.ringbuf_init
                0x002108b8        0xe obj_zoul/ringbuf.o
                0x002108b8                ringbuf_init
 .text.ringbuf_put
                0x002108c6       0x28 obj_zoul/ringbuf.o
                0x002108c6                ringbuf_put
 .text.ringbuf_get
                0x002108ee       0x20 obj_zoul/ringbuf.o
                0x002108ee                ringbuf_get
 .text.ringbufindex_init
                0x0021090e        0xc obj_zoul/ringbufindex.o
                0x0021090e                ringbufindex_init
 .text.ringbufindex_put
                0x0021091a       0x1c obj_zoul/ringbufindex.o
                0x0021091a                ringbufindex_put
 .text.ringbufindex_peek_put
                0x00210936       0x18 obj_zoul/ringbufindex.o
                0x00210936                ringbufindex_peek_put
 .text.ringbufindex_get
                0x0021094e       0x1a obj_zoul/ringbufindex.o
                0x0021094e                ringbufindex_get
 .text.ringbufindex_peek_get
                0x00210968       0x14 obj_zoul/ringbufindex.o
                0x00210968                ringbufindex_peek_get
 .text.ringbufindex_elements
                0x0021097c        0xc obj_zoul/ringbufindex.o
                0x0021097c                ringbufindex_elements
 .text.ringbufindex_empty
                0x00210988        0xe obj_zoul/ringbufindex.o
                0x00210988                ringbufindex_empty
 .text.linkaddr_copy
                0x00210996        0x6 obj_zoul/linkaddr.o
                0x00210996                linkaddr_copy
 .text.linkaddr_cmp
                0x0021099c       0x10 obj_zoul/linkaddr.o
                0x0021099c                linkaddr_cmp
 .text.link_stats_is_fresh
                0x002109ac       0x24 obj_zoul/link-stats.o
                0x002109ac                link_stats_is_fresh
 .text.guess_etx_from_rssi
                0x002109d0       0x40 obj_zoul/link-stats.o
                0x002109d0                guess_etx_from_rssi
 .text.nbr_set_bit
                0x00210a10       0x38 obj_zoul/nbr-table.o
 .text.item_from_key
                0x00210a48       0x22 obj_zoul/nbr-table.o
 .text.nbr_table_next
                0x00210a6a       0x2e obj_zoul/nbr-table.o
                0x00210a6a                nbr_table_next
 .text.nbr_table_get_from_lladdr
                0x00210a98       0x32 obj_zoul/nbr-table.o
                0x00210a98                nbr_table_get_from_lladdr
 .text.nbr_table_get_lladdr
                0x00210aca        0xc obj_zoul/nbr-table.o
                0x00210aca                nbr_table_get_lladdr
 .text.packetbuf_remaininglen
                0x00210ad6        0xe obj_zoul/packetbuf.o
                0x00210ad6                packetbuf_remaininglen
 .text.queuebuf_datalen
                0x00210ae4        0x8 obj_zoul/queuebuf.o
                0x00210ae4                queuebuf_datalen
 .text.mac_call_sent_callback
                0x00210aec       0x16 obj_zoul/mac.o
                0x00210aec                mac_call_sent_callback
 .text.frame802154_has_panid
                0x00210b02       0xb0 obj_zoul/frame802154.o
                0x00210b02                frame802154_has_panid
 .text.field_len
                0x00210bb2       0x84 obj_zoul/frame802154.o
 .text.frame802154_is_broadcast_addr
                0x00210c36       0x1e obj_zoul/frame802154.o
                0x00210c36                frame802154_is_broadcast_addr
 .text.frame802154_hdrlen
                0x00210c54       0x32 obj_zoul/frame802154.o
                0x00210c54                frame802154_hdrlen
 .text.frame802154_create_fcf
                0x00210c86       0x62 obj_zoul/frame802154.o
                0x00210c86                frame802154_create_fcf
 .text.frame802154_create
                0x00210ce8       0x92 obj_zoul/frame802154.o
                0x00210ce8                frame802154_create
 .text.frame802154_parse_fcf
                0x00210d7a       0x64 obj_zoul/frame802154.o
                0x00210d7a                frame802154_parse_fcf
 .text.frame80215e_create_ie_header_ack_nack_time_correction
                0x00210dde       0x2c obj_zoul/frame802154e-ie.o
                0x00210dde                frame80215e_create_ie_header_ack_nack_time_correction
 .text.frame80215e_create_ie_header_list_termination_1
                0x00210e0a       0x18 obj_zoul/frame802154e-ie.o
                0x00210e0a                frame80215e_create_ie_header_list_termination_1
 .text.frame80215e_create_ie_mlme
                0x00210e22       0x22 obj_zoul/frame802154e-ie.o
                0x00210e22                frame80215e_create_ie_mlme
 .text.frame80215e_create_ie_tsch_synchronization
                0x00210e44       0x32 obj_zoul/frame802154e-ie.o
                0x00210e44                frame80215e_create_ie_tsch_synchronization
 .text.frame80215e_create_ie_tsch_slotframe_and_link
                0x00210e76       0x96 obj_zoul/frame802154e-ie.o
                0x00210e76                frame80215e_create_ie_tsch_slotframe_and_link
 .text.frame80215e_create_ie_tsch_timeslot
                0x00210f0c       0x48 obj_zoul/frame802154e-ie.o
                0x00210f0c                frame80215e_create_ie_tsch_timeslot
 .text.frame80215e_create_ie_tsch_channel_hopping_sequence
                0x00210f54       0x72 obj_zoul/frame802154e-ie.o
                0x00210f54                frame80215e_create_ie_tsch_channel_hopping_sequence
 .text.frame802154e_parse_information_elements
                0x00210fc6      0x244 obj_zoul/frame802154e-ie.o
                0x00210fc6                frame802154e_parse_information_elements
 .text.parse    0x0021120a       0x8a obj_zoul/framer-802154.o
 .text.framer_802154_setup_params
                0x00211294       0x86 obj_zoul/framer-802154.o
                0x00211294                framer_802154_setup_params
 .text.create   0x0021131a        0x6 obj_zoul/framer-802154.o
 .text.hdr_length
                0x00211320        0x6 obj_zoul/framer-802154.o
 .text.write_str
                0x00211326       0x10 obj_zoul/printf.o
 .text.putchar  0x00211336        0xc obj_zoul/putchar.o
                0x00211336                putchar
 .text.buffer_str
                0x00211342       0x28 obj_zoul/snprintf.o
 .text.snprintf
                0x0021136a       0x1a obj_zoul/snprintf.o
                0x0021136a                snprintf
 .text.set_object
                0x00211384        0x4 obj_zoul/cc1200.o
 .text.strobe   0x00211388       0x18 obj_zoul/cc1200.o
 .text.state    0x002113a0        0xe obj_zoul/cc1200.o
 .text.single_write
                0x002113ae       0x2e obj_zoul/cc1200.o
 .text.single_read
                0x002113dc       0x32 obj_zoul/cc1200.o
 .text.idle     0x0021140e       0x4a obj_zoul/cc1200.o
 .text.burst_read.constprop.15
                0x00211458       0x22 obj_zoul/cc1200.o
 .text.burst_write.constprop.16
                0x0021147a       0x22 obj_zoul/cc1200.o
 .text.send     0x0021149c       0x16 obj_zoul/cc1200.o
 .text.tsch_packet_parse_eb
                0x002114b2       0x76 obj_zoul/tsch-packet.o
                0x002114b2                tsch_packet_parse_eb
 .text.tsch_packet_set_frame_pending
                0x00211528        0xa obj_zoul/tsch-packet.o
                0x00211528                tsch_packet_set_frame_pending
 .text.tsch_packet_get_frame_pending
                0x00211532        0x8 obj_zoul/tsch-packet.o
                0x00211532                tsch_packet_get_frame_pending
 .text.tsch_queue_packet_count
                0x0021153a       0x22 obj_zoul/tsch-queue.o
                0x0021153a                tsch_queue_packet_count
 .text.tsch_queue_remove_packet_from_queue
                0x0021155c       0x28 obj_zoul/tsch-queue.o
                0x0021155c                tsch_queue_remove_packet_from_queue
 .text.tsch_queue_is_empty
                0x00211584       0x20 obj_zoul/tsch-queue.o
                0x00211584                tsch_queue_is_empty
 .text.tsch_queue_flush_nbr_queue
                0x002115a4       0x30 obj_zoul/tsch-queue.o
 .text.tsch_queue_get_packet_for_nbr
                0x002115d4       0x3a obj_zoul/tsch-queue.o
                0x002115d4                tsch_queue_get_packet_for_nbr
 .text.tsch_queue_backoff_inc
                0x0021160e       0x28 obj_zoul/tsch-queue.o
                0x0021160e                tsch_queue_backoff_inc
 .text.tsch_queue_packet_sent
                0x00211636       0x58 obj_zoul/tsch-queue.o
                0x00211636                tsch_queue_packet_sent
 .text.tsch_rpl_callback_joining_network
                0x0021168e        0x2 obj_zoul/tsch-rpl.o
                0x0021168e                tsch_rpl_callback_joining_network
 .text.tsch_schedule_get_link_by_timeslot
                0x00211690       0x2c obj_zoul/tsch-schedule.o
                0x00211690                tsch_schedule_get_link_by_timeslot
 .text.tsch_schedule_remove_link_by_timeslot
                0x002116bc       0x1c obj_zoul/tsch-schedule.o
                0x002116bc                tsch_schedule_remove_link_by_timeslot
 .text.tsch_schedule_slotframe_next
                0x002116d8        0x4 obj_zoul/tsch-schedule.o
                0x002116d8                tsch_schedule_slotframe_next
 .text.tsch_stats_tx_packet
                0x002116dc       0x2e obj_zoul/tsch-stats.o
                0x002116dc                tsch_stats_tx_packet
 .text.tsch_stats_rx_packet
                0x0021170a       0x3c obj_zoul/tsch-stats.o
                0x0021170a                tsch_stats_rx_packet
 .text.tsch_stats_sample_rssi
                0x00211746        0x2 obj_zoul/tsch-stats.o
                0x00211746                tsch_stats_sample_rssi
 .text.simple_udp_sendto
                0x00211748       0x1a obj_zoul/simple-udp.o
                0x00211748                simple_udp_sendto
 .text.chksum   0x00211762       0x38 obj_zoul/uip6.o
 .text.uip_icmp6chksum
                0x0021179a        0x6 obj_zoul/uip6.o
                0x0021179a                uip_icmp6chksum
 .text.uip_udpchksum
                0x002117a0        0x6 obj_zoul/uip6.o
                0x002117a0                uip_udpchksum
 .text.uip_htonl
                0x002117a6       0x14 obj_zoul/uip6.o
                0x002117a6                uip_htonl
 .text.uipbuf_set_len_field
                0x002117ba        0x8 obj_zoul/uipbuf.o
                0x002117ba                uipbuf_set_len_field
 .text.uipbuf_get_len_field
                0x002117c2        0xc obj_zoul/uipbuf.o
                0x002117c2                uipbuf_get_len_field
 .text.uipbuf_get_next_header
                0x002117ce       0x4e obj_zoul/uipbuf.o
                0x002117ce                uipbuf_get_next_header
 .text.uipbuf_get_last_header
                0x0021181c       0x2c obj_zoul/uipbuf.o
                0x0021181c                uipbuf_get_last_header
 .text.uipbuf_search_header